C51 COMPILER V9.59.0.0   MAIN                                                              09/09/2026 12:50:27 PAGE 1   


C51 COMPILER V9.59.0.0, COMPILATION OF MODULE MAIN
OBJECT MODULE PLACED IN main.OBJ
COMPILER INVOKED BY: F:\Software\Develop\Software\Keil\C51\BIN\C51.EXE main.c ROM(COMPACT) OPTIMIZE(8,SPEED) DEBUG OBJEC
                    -TEXTEND TABS(2)

line level    source

   1          #include "ws51f6240.h"
   2          #include "OLED_Data.h"
   3          #include "oled_0_69inch.h"
   4          
   5          #define STATUS_LINE 0
   6          #define MENU_LINE 8
   7          
   8          sbit IR = P1 ^ 1;       //P11F
   9          sbit WKLED = P0 ^ 4;
  10          /*
  11           * IR
  12          */
  13          sbit Key_1 = P1 ^ 7;    //P17F
  14          sbit Key_2 = P2 ^ 1;    //P21F
  15          sbit Key_3 = P0 ^ 7;    //P07F
  16          sbit Key_4 = P0 ^ 6;    //P06F
  17          sbit Key_5 = P0 ^ 5;    //P05F
  18          /*************************
  19           *       * Key_2 * Key_4 *
  20           * Key_1 * Key_3 * Key_5 *
  21           * ***********************
  22          */
  23          sbit TF0 = TCON ^ 5;
  24          sbit TR0 = TCON ^ 4;
  25          sbit TF1 = TCON ^ 7;
  26          sbit TR1 = TCON ^ 6;
  27          sbit EA = IE ^ 7;
  28          /*
  29           * Define private funcation
  30          */
  31          void SystemInit(void);      //初始化所需要的外设
  32          void GuiManage(void);       //掌管GUI的神
  33          void PowerFrame(void);      //Done
  34          void ModeFrame(void);       //Done
  35          void TemptureFrame(void);   //Done
  36          void SpeedFrame(void);      //Done
  37          void LightFrame(void);      //WIP
  38          void SwingFrame(void);      //WIP
  39          void SleepFrame(void);      //WIP
  40          void AuxiliaryHot(void);    //WIP
  41          void TestMode(void);
  42          void IrTask(void);
  43          void IR_Send_Bit(bit v);
  44          void IR_Send_Leader_Code(void);
  45          void IR_Send_Repeat_Leader_Code(void);
  46          void IR_Send_Interval_20ms();
  47          void IR_Send_Interval_40ms();
  48          uint8_t reverse_bits(uint8_t value, uint8_t bits);
  49          void calculate_checksum();
  50          void IR_Data_Updata(void);
  51          void ChargeCheckTask();
  52          void EEPROM_Write(void);
  53          void EEPROM_Read(void);
  54          
C51 COMPILER V9.59.0.0   MAIN                                                              09/09/2026 12:50:27 PAGE 2   

  55          /*
  56           *  Private var
  57           */
  58          bit TickFlag = 1;
  59          bit RunFlag = 0;
  60          uint8_t tmpVar = 0;
  61          uint8_t GuiIndex = 0;
  62          uint8_t DataFrame_1 = 0xC0;
  63          /***********************************
  64           * 0     * 1    * 2 ~ 6    * 7     *
  65           * Power * Mode * Tempture * Light *
  66           ***********************************
  67          */
  68          uint8_t DataFrame_2 = 0x00;
  69          /************************************************
  70           * 0 ~ 1 * 2 ~ 3 * 4     * 5      * 6           *
  71           * Speed * Swing * Sleep * AuxHot * DisplayFlag *
  72           ************************************************
  73          */
  74          uint8_t MainFrame[5] = {0x10, 0x00, 0x00, 0x0A, 0x40};
  75          uint8_t AuxFrame[4] = {0x00, 0x04, 0x00, 0x00};
  76          uint8_t Timer3Tick = 0;
  77          uint8_t SystemTick = 0;
  78          uint8_t RunFlagTick = 0;
  79          uint8_t test_num = 0;
  80          
  81          /*
  82          C1 40 
  83          
  84          */
  85          
  86          static void delay(int i)
  87          {
  88   1        long j;
  89   1        for(j=0;j<10*i;++j);
  90   1      }
  91          
  92          void main(){
  93   1          uint8_t KeyCode = 0;
  94   1          uint8_t Old_KeyCode = 0;
  95   1        
  96   1          SystemInit();
  97   1        OLED_Init();
  98   1          GuiManage();
  99   1          OLED_Update();
 100   1          OLED_Update();
 101   1          EEPROM_Read();
 102   1      
 103   1          while(1){
 104   2              
 105   2              KeyCode = (uint8_t)(Key_1) | ((uint8_t)(Key_2) << 1) | ((uint8_t)(Key_3) << 2) | ((uint8_t)(Key_4)
             - << 3) | ((uint8_t)(Key_5) << 4);
 106   2              if(Old_KeyCode != KeyCode){
 107   3                  Old_KeyCode = KeyCode;
 108   3                  tmpVar = 0;
 109   3                  if(((KeyCode & 0x02) == 0x02) && (GuiIndex > 0)){
 110   4                      GuiIndex--;
 111   4                      OLED_ShowChar(0, STATUS_LINE, 'W', OLED_6X8);
 112   4                  }
 113   3                  if(((KeyCode & 0x04) == 0x04) && ((DataFrame_1 & 0x01) == 0x01)){
 114   4                      GuiIndex++;
 115   4                      OLED_ShowChar(0, STATUS_LINE, 'S', OLED_6X8);
C51 COMPILER V9.59.0.0   MAIN                                                              09/09/2026 12:50:27 PAGE 3   

 116   4                  }
 117   3                  //U2 左按键
 118   3                  if((KeyCode & 0x01) == 0x01){
 119   4                      if(GuiIndex == 0){
 120   5                          tmpVar = (DataFrame_1 & 0x01);
 121   5                          tmpVar = ~tmpVar;
 122   5                          DataFrame_1 &= 0xFE;
 123   5                          DataFrame_1 |= (tmpVar & 0x01);
 124   5                      }
 125   4                      if(GuiIndex == 1){
 126   5                          tmpVar = (DataFrame_1 & 0x02);
 127   5                          tmpVar = ~tmpVar;
 128   5                          DataFrame_1 &= 0xFD;
 129   5                          DataFrame_1 |= (tmpVar & 0x02);                    
 130   5                      }
 131   4                      if((GuiIndex == 2) && ((DataFrame_1 & 0x7C) >> 2) >= 16){
 132   5                          tmpVar = (DataFrame_1 & 0x7C) >> 2;
 133   5                          tmpVar--;
 134   5                          if(tmpVar == 15) tmpVar = 31;
 135   5                          DataFrame_1 &= 0x83;
 136   5                          DataFrame_1 |= (tmpVar << 2);
 137   5                      }
 138   4                      if(GuiIndex == 3){
 139   5                          tmpVar = (DataFrame_2 & 0x03);
 140   5                          tmpVar--;
 141   5                          DataFrame_2 &= 0xFC;
 142   5                          DataFrame_2 |= tmpVar;
 143   5                      }
 144   4                      if(GuiIndex == 8){
 145   5                          test_num--;
 146   5                      }
 147   4                      OLED_ShowChar(0, STATUS_LINE, 'A', OLED_6X8);
 148   4                  }
 149   3                  //U4 右按键
 150   3                  if((KeyCode & 0x10) == 0x10){
 151   4                      if(GuiIndex == 0){
 152   5                          tmpVar = (DataFrame_1 & 0x01);
 153   5                          tmpVar = ~tmpVar;
 154   5                          DataFrame_1 &= 0xFE;
 155   5                          DataFrame_1 |= (tmpVar & 0x01);
 156   5                      }            
 157   4                      if(GuiIndex == 1){
 158   5                          tmpVar = (DataFrame_1 & 0x02);
 159   5                          tmpVar = ~tmpVar;
 160   5                          DataFrame_1 &= 0xFD;
 161   5                          DataFrame_1 |= (tmpVar & 0x02);                       
 162   5                      }                    
 163   4                      if((GuiIndex == 2) && ((DataFrame_1 & 0x7C) >> 2) <= 31){
 164   5                          tmpVar = (DataFrame_1 & 0x7C) >> 2;
 165   5                          tmpVar++;
 166   5                          if(tmpVar == 32) tmpVar = 16;
 167   5                          DataFrame_1 &= 0x83;
 168   5                          DataFrame_1 |= (tmpVar << 2);
 169   5                      }
 170   4                      if(GuiIndex == 3){
 171   5                          tmpVar = (DataFrame_2 & 0x03);
 172   5                          tmpVar++;
 173   5                          DataFrame_2 &= 0xFC;
 174   5                          DataFrame_2 |= tmpVar;
 175   5                      }
 176   4                      if(GuiIndex == 8){
 177   5                          test_num++;
C51 COMPILER V9.59.0.0   MAIN                                                              09/09/2026 12:50:27 PAGE 4   

 178   5                      }
 179   4                      OLED_ShowChar(0, STATUS_LINE, 'D', OLED_6X8);
 180   4                  }
 181   3                  if((KeyCode & 0x08) == 0x08){
 182   4                      IrTask();
 183   4                      // IR_Send_Bit(1);
 184   4                      // IR_Send_Leader_Code();
 185   4                      // IR_Send_Repeat_Leader_Code();
 186   4                      // IR_Send_Interval_20ms();
 187   4                      // IR_Send_Interval_40ms();
 188   4                      // OLED_ShowHexNum(0, 8, MainFrame[0], 2, OLED_6X8);
 189   4                      // OLED_ShowHexNum(12, 8, MainFrame[1], 2, OLED_6X8);
 190   4                      // OLED_ShowHexNum(24, 8, MainFrame[2], 2, OLED_6X8);
 191   4                      // OLED_ShowHexNum(36, 8, MainFrame[3], 2, OLED_6X8);
 192   4                      // OLED_ShowHexNum(48, 8, MainFrame[4], 2, OLED_6X8);
 193   4      
 194   4                      // OLED_ShowHexNum(72, 8, AuxFrame[3], 2, OLED_6X8);
 195   4                      //128 064 000 010 064
 196   4                      OLED_ShowChar(0, STATUS_LINE, 'O', OLED_6X8);
 197   4                      EEPROM_Write();
 198   4                  }
 199   3                  else{
 200   4                      // IR_Send_Bit(0);
 201   4                  }
 202   3                  DataFrame_2 |= 0x40;
 203   3              } 
 204   2      
 205   2              IR_Data_Updata();
 206   2              GuiManage();
 207   2      
 208   2              if(Timer3Tick > 10){
 209   3                  Timer3Tick = 0;
 210   3                  SystemTick++;
 211   3                  RunFlagTick++;
 212   3                  OLED_Update();
 213   3                  OLED_Clear();
 214   3              }
 215   2      
 216   2              if(RunFlagTick > 10){
 217   3                  RunFlag = ~RunFlag;
 218   3                  WKLED = ~WKLED;
 219   3                  RunFlagTick = 0;
 220   3              }
 221   2              
 222   2          }
 223   1      
 224   1      }
 225          
 226          void SystemInit(void){
 227   1          SCCON  = 0x00;//HRC
 228   1          HRCON |= 0x80;//16MHz
 229   1      
 230   1          //电池满电(4.2V)ADC值为 3440
 231   1          //电池没电(3.2V)ADC值为 2621
 232   1          //假设当前值(3.7V)ADC值为 3030
 233   1          //电量百分比计算 (V_now - V_empty) / 819 * 100
 234   1          ADCON = 0x90;
 235   1          ADCFG = 0x73;
 236   1          ADCHS = 0x07;
 237   1          P03F = 0x04;
 238   1      
 239   1          //配置定时器0
C51 COMPILER V9.59.0.0   MAIN                                                              09/09/2026 12:50:27 PAGE 5   

 240   1          //用于产生39KHz的载波
 241   1          TH0 = 0xFF;
 242   1          TL0 = 0xEE;
 243   1          TMOD &= 0xF0;
 244   1          TMOD |= 0x01; //配置为模式1：16位计数器
 245   1          TCON &= 0xCF;
 246   1          TCON |= 0x10;    
 247   1          //配置定时器1
 248   1          //用于数据计时
 249   1          TH1 = 0x00;
 250   1          TL1 = 0x00;
 251   1          TMOD &= 0x0F;
 252   1          TMOD |= 0x10; //配置为模式1：16位计数器
 253   1          TCON &= 0x3F;
 254   1          TCON |= 0x40;  
 255   1      
 256   1          //配置定时器3
 257   1          TH3 = 0x63;
 258   1          TL3 = 0xC0;
 259   1          T3RH = 0x63;
 260   1          T3RL = 0xC0;
 261   1          T3CON = 0x14;
 262   1          T3MOD = 0x80;
 263   1      
 264   1      
 265   1          //配置中断
 266   1          IE = 0x8A;
 267   1          EXIE |= 0x01;
 268   1          IP = 0x0A;
 269   1      
 270   1          P11F = 0x02;
 271   1          P17F = 0x01;
 272   1          P21F = 0x01;
 273   1          P07F = 0x01;
 274   1          P06F = 0x01;
 275   1          P05F = 0x01;
 276   1          P04F = 0x02;
 277   1      
 278   1          TR0 = 0;
 279   1          TR1 = 0;
 280   1          IR = 1;
 281   1      }
 282          
 283          void GuiManage(void){
 284   1          switch(GuiIndex){
 285   2              case 0:
 286   2                  PowerFrame();
 287   2                  break;
 288   2              case 1:
 289   2                  ModeFrame();
 290   2                  break;
 291   2              case 2:
 292   2                  TemptureFrame();
 293   2                  break;
 294   2              case 3:
 295   2                  SpeedFrame();
 296   2                  break;
 297   2              case 4:
 298   2                  LightFrame();
 299   2                  break;
 300   2              case 5:
 301   2                  SwingFrame();
C51 COMPILER V9.59.0.0   MAIN                                                              09/09/2026 12:50:27 PAGE 6   

 302   2                  break;
 303   2              case 6:
 304   2                  SleepFrame();
 305   2                  break; 
 306   2              case 7:
 307   2                  AuxiliaryHot();
 308   2                  break;
 309   2              case 8:
 310   2                  TestMode();
 311   2                  break;
 312   2              default:
 313   2                  OLED_ShowString(0, MENU_LINE, "Undefine UI", OLED_6X8);
 314   2                  break;
 315   2          }
 316   1      
 317   1          ChargeCheckTask();
 318   1          if(RunFlag){
 319   2              
 320   2              OLED_ShowString(12, STATUS_LINE, "Run", OLED_6X8);
 321   2          }
 322   1      
 323   1          // if((DataFrame_2 & 0x40) == 0x40){
 324   1          //     DataFrame_2 &= 0xBF;
 325   1          //     OLED_Update();
 326   1          //     // OLED_Update();
 327   1          //     // OLED_Clear();
 328   1          // }
 329   1      
 330   1      }
 331          
 332          void PowerFrame(void){
 333   1          if((DataFrame_1 & 0x01) == 0x01) OLED_ShowString(0, MENU_LINE, "Power : On ", OLED_6X8);
 334   1          else OLED_ShowString(0, MENU_LINE, "Power : Off", OLED_6X8);
 335   1      }
 336          
 337          void ModeFrame(void){
 338   1          if((DataFrame_1 & 0x02) == 0x02) OLED_ShowString(0, MENU_LINE, "Mode : Hot ", OLED_6X8);    
 339   1          else OLED_ShowString(0, MENU_LINE, "Mode : Cold", OLED_6X8);
 340   1      }
 341          
 342          void TemptureFrame(void){
 343   1          OLED_ShowString(0, MENU_LINE, "Tempture : XX", OLED_6X8);
 344   1          OLED_ShowNum(66, MENU_LINE, (DataFrame_1 & 0x7C) >> 2, 2, OLED_6X8);
 345   1      }
 346          
 347          void SpeedFrame(void){
 348   1          OLED_ShowString(0, MENU_LINE, "Speed : X", OLED_6X8);
 349   1          OLED_ShowNum(48, MENU_LINE, (DataFrame_2 & 0x03), 1, OLED_6X8);
 350   1      }
 351          
 352          void LightFrame(void){
 353   1          OLED_ShowString(0, MENU_LINE, "Light : On ", OLED_6X8);
 354   1      }
 355          
 356          void SwingFrame(void){
 357   1          OLED_ShowString(0, MENU_LINE, "Swing : V-SWING", OLED_6X8);
 358   1      }
 359          
 360          void SleepFrame(void){
 361   1          OLED_ShowString(0, MENU_LINE, "Sleep : Off", OLED_6X8);
 362   1      }
 363          
C51 COMPILER V9.59.0.0   MAIN                                                              09/09/2026 12:50:27 PAGE 7   

 364          void AuxiliaryHot(void){
 365   1          OLED_ShowString(0, MENU_LINE, "AuxHot : Off", OLED_6X8);
 366   1      }
 367          
 368          void TestMode(void){
 369   1          switch(test_num){
 370   2              case 0:
 371   2                  OLED_ShowString(0, 0, "IR_Send", OLED_6X8);
 372   2                  OLED_ShowString(0, 8, "LeaderCode()", OLED_6X8);            
 373   2                  break;
 374   2              case 1:
 375   2                  //IR_Send_Repeat_Leader_Code
 376   2                  OLED_ShowString(0, 0, "IR_Send_Repeat", OLED_6X8);
 377   2                  OLED_ShowString(0, 8, "_Leader_Code()", OLED_6X8);             
 378   2                  break;
 379   2              case 2:
 380   2                  //IR_Send_Interval_20ms
 381   2                  OLED_ShowString(0, 0, "IR_Send_", OLED_6X8);
 382   2                  OLED_ShowString(0, 8, "Interval_20ms", OLED_6X8);
 383   2                  break;
 384   2              case 3:
 385   2                  //IR_Send_Interval_40ms
 386   2                  OLED_ShowString(0, 0, "IR_Send_", OLED_6X8);
 387   2                  OLED_ShowString(0, 8, "Interval_40ms", OLED_6X8);
 388   2                  break;
 389   2              case 4:
 390   2                  OLED_ShowString(0, 0, "IR IO Statue", OLED_6X8);
 391   2                  OLED_ShowString(0, 8, "IR = ", OLED_6X8);
 392   2                  if(IR) OLED_ShowString(30, 8, "1", OLED_6X8);
 393   2                  else OLED_ShowString(30, 8, "0", OLED_6X8);
 394   2                  break;
 395   2              case 5:
 396   2      
 397   2                  break;                                                
 398   2              default:
 399   2                  break;
 400   2          }
 401   1      
 402   1      }
 403          
 404          void IrTask(void){
 405   1          uint8_t i = 0;
 406   1      
 407   1          TR0 = 0;
 408   1          TR1 = 0;
 409   1          IR = 1;
 410   1      
 411   1          IR_Send_Leader_Code();
 412   1      
 413   1          for(i = 0;i < 35;i++){
 414   2              if(MainFrame[i / 8] & (0x80 >> (i % 8))) IR_Send_Bit(1);
 415   2              else IR_Send_Bit(0);
 416   2          }
 417   1          
 418   1          IR_Send_Interval_20ms();
 419   1      
 420   1          for(i = 0;i < 32;i++){
 421   2              if(AuxFrame[i / 8] & (0x80 >> (i % 8))) IR_Send_Bit(1);
 422   2              else IR_Send_Bit(0);
 423   2          }
 424   1      
 425   1          IR_Send_Interval_40ms();
C51 COMPILER V9.59.0.0   MAIN                                                              09/09/2026 12:50:27 PAGE 8   

 426   1      
 427   1          OLED_ShowChar(60, STATUS_LINE, '!', OLED_6X8);
 428   1      
 429   1          TR0 = 0;
 430   1          TR1 = 0;
 431   1          IR = 1;    
 432   1      
 433   1      }
 434          
 435          void ChargeCheckTask(){
 436   1          uint16_t tmp_adc = 0;
 437   1          float tmp_battery = 0.0;
 438   1      
 439   1          if((ADCON & 0x80) != 0x80){
 440   2              ADCON = 0x90;
 441   2              tmp_adc |= ADCDH;
 442   2              tmp_adc <<= 4;
 443   2              tmp_adc |= (ADCDL >> 4);
 444   2          }
 445   1      
 446   1          if(tmp_adc < 2600) OLED_ShowChar(84, STATUS_LINE, '0', OLED_6X8);
 447   1          else{
 448   2              tmp_battery = ((float)(tmp_adc - 2600) / 819) * 100;
 449   2              if((tmp_adc - 2600) < 820) OLED_ShowNum(78, STATUS_LINE, (uint8_t)tmp_battery, 2, OLED_6X8);
 450   2              else OLED_ShowString(72, STATUS_LINE, "100", OLED_6X8);
 451   2          }
 452   1          OLED_ShowChar(90, STATUS_LINE, '%', OLED_6X8);
 453   1      }
 454          
 455          void IR_Data_Updata(void){
 456   1          //开关
 457   1          MainFrame[0] &= 0xEF;
 458   1          if((DataFrame_1 & 0x01) == 0x01) MainFrame[0] |= 0x10;
 459   1          else MainFrame[0] |= 0x20;
 460   1      
 461   1          //模式
 462   1          MainFrame[0] &= 0x1F;
 463   1          if((DataFrame_1 & 0x02) == 0x02) MainFrame[0] |= 0x20;
 464   1          else MainFrame[0] |= 0x80;
 465   1      
 466   1          //温度
 467   1          MainFrame[1] &= 0x0F;
 468   1          MainFrame[1] |= (reverse_bits(((DataFrame_1 & 0x7C) >> 2) - 16, 4) & 0x0F) << 4;
 469   1      
 470   1          //风速
 471   1          MainFrame[0] &= 0xF3;
 472   1          MainFrame[0] |= ((DataFrame_2 & 0x03) << 2);
 473   1          
 474   1          //灯光
 475   1          MainFrame[2] &= 0xFB;
 476   1          MainFrame[2] |= 0x04;
 477   1      
 478   1          //扫风
 479   1          MainFrame[0] &= 0xFD;
 480   1          MainFrame[0] |= 0x02;
 481   1      
 482   1          //睡眠
 483   1          MainFrame[0] &= 0xFE;
 484   1          MainFrame[0] |= 0x00;
 485   1      
 486   1          //辅热
 487   1          MainFrame[2] &= 0xFE;
C51 COMPILER V9.59.0.0   MAIN                                                              09/09/2026 12:50:27 PAGE 9   

 488   1          MainFrame[2] |= 0x00;
 489   1      
 490   1          //上下摆风
 491   1          AuxFrame[0] &= 0x0F;
 492   1          AuxFrame[0] |= 0x00;
 493   1          // AuxFrame[0] |= 0x80;
 494   1      
 495   1          //左右扫风
 496   1          AuxFrame[0] &= 0xF0;
 497   1          AuxFrame[0] |= 0x00;
 498   1          // AuxFrame[0] |= 0x08;
 499   1      
 500   1          //测温
 501   1          AuxFrame[1] &= 0x0F;
 502   1          AuxFrame[1] |= 0x00;
 503   1          // AuxFrame[1] |= 0x80;
 504   1          // AuxFrame[1] |= 0x40;
 505   1      
 506   1          calculate_checksum();
 507   1      }
 508          
 509          // 发送单个位（核心：对齐“载波+无载波”时序）
 510          // 逻辑0：560us载波（HS0038低） + 560us无载波（HS0038高）
 511          // 逻辑1：560us载波（HS0038低） + 1680us无载波（HS0038高）
 512          void IR_Send_Bit(bit v) {
 513   1          // 第一步：发送560us载波（HS0038输出低，对应原始数据的“低电平段”）
 514   1          TH0 = 0xFF;
 515   1          TL0 = 0xF0;    
 516   1          TH1 = 0xFD;
 517   1          TL1 = 0x15;
 518   1          TR0 = 1;
 519   1          TR1 = 1;
 520   1          IR = 0;
 521   1          // 560us ≈ 560/525 ≈ 1.06 tick → 用1个tick（550us，误差≈6%）
 522   1          TickFlag = 1;
 523   1          while(TickFlag);
 524   1          TR0 = 0;
 525   1          IR = 1;
 526   1          // 第二步：根据位值发送无载波时长（HS0038输出高，对应原始数据的“高电平段”）
 527   1          if (v) {
 528   2              // 逻辑1：1680us无载波 → 1680/550≈3.05 tick → 用3个tick（1650us，误差≈1.8%）
 529   2              TH1 = 0xF7;
 530   2              TL1 = 0x40;
 531   2              TR0 = 0;
 532   2              TR1 = 1;
 533   2              IR = 1;
 534   2              TickFlag = 1;
 535   2              while(TickFlag);
 536   2          } else {
 537   2              // 逻辑0：560us无载波 → 560/550≈1.02 tick → 用1个tick（550us，误差≈2%）
 538   2              TH1 = 0xFD;
 539   2              TL1 = 0x15;
 540   2              TR0 = 0;
 541   2              TR1 = 1;
 542   2              IR = 1;
 543   2              TickFlag = 1;
 544   2              while(TickFlag);
 545   2          }
 546   1          TR1 = 0;
 547   1          TR0 = 0;
 548   1          IR = 1;    
 549   1      }
C51 COMPILER V9.59.0.0   MAIN                                                              09/09/2026 12:50:27 PAGE 10  

 550          
 551          // 发送引导码（9msL + 4.5msH，L=载波，H=无载波）
 552          void IR_Send_Leader_Code(void) {
 553   1      
 554   1          // 9msL：9ms载波（HS0038低）→ 9000us / 550us ≈16.36 tick → 用16个tick（8800us，误差≈2.2%）
 555   1          TH0 = 0xFF;
 556   1          TL0 = 0xF0;    
 557   1          TH1 = 0xD1;
 558   1          TL1 = 0x20;
 559   1          TR0 = 1;
 560   1          TR1 = 1;
 561   1          IR = 0;
 562   1          TickFlag = 1;
 563   1          while(TickFlag);
 564   1          TR0 = 0;
 565   1          IR = 1;    
 566   1          // 4.5msH：4.5ms无载波（HS0038高）→ 4500us / 550us≈8.18 tick → 用8个tick（4400us，误差≈2.2%）
 567   1          TH1 = 0xE8;
 568   1          TL1 = 0x90;
 569   1          TR0 = 0;
 570   1          TR1 = 1;
 571   1          IR = 1; 
 572   1          TickFlag = 1;
 573   1          while(TickFlag);
 574   1          TR1 = 0;
 575   1          TR0 = 0;
 576   1          IR = 1;
 577   1      }
 578          
 579          // 发送重复引导码（适配原始数据中的9msL + 4.45msH）
 580          void IR_Send_Repeat_Leader_Code(void) {
 581   1          // 9msL：9ms载波（HS0038低）→ 9000us / 550us ≈16.36 tick → 用16个tick（8800us，误差≈2.2%）
 582   1          TH0 = 0xFF;
 583   1          TL0 = 0xF0;    
 584   1          TH1 = 0xD1;
 585   1          TL1 = 0x20;
 586   1          TR0 = 1;
 587   1          TR1 = 1;
 588   1          IR = 0;
 589   1          TickFlag = 1;
 590   1          while(TickFlag);
 591   1          TR0 = 0;
 592   1          IR = 1;    
 593   1          // 4.5msH：4.5ms无载波（HS0038高）→ 4500us / 550us≈8.18 tick → 用8个tick（4400us，误差≈2.2%）
 594   1          TH1 = 0xE8;
 595   1          TL1 = 0x90;
 596   1          TR0 = 0;
 597   1          TR1 = 1;
 598   1          IR = 1;
 599   1          TickFlag = 1;
 600   1          while(TickFlag);
 601   1          TR1 = 0;
 602   1          TR0 = 0;
 603   1          IR = 1;
 604   1      }
 605          
 606          /**
 607           * @brief 红外发送间隔 20ms
 608           */
 609          void IR_Send_Interval_20ms() {
 610   1          // 第一步：发送560us载波（HS0038输出低，对应原始数据的“低电平段”）
 611   1          TH0 = 0xFF;
C51 COMPILER V9.59.0.0   MAIN                                                              09/09/2026 12:50:27 PAGE 11  

 612   1          TL0 = 0xF0;    
 613   1          TH1 = 0xFD;
 614   1          TL1 = 0x15;
 615   1          TR0 = 1;
 616   1          TR1 = 1;
 617   1          IR = 0;
 618   1          // 560us ≈ 560/525 ≈ 1.06 tick → 用1个tick（550us，误差≈6%）
 619   1          TickFlag = 1;
 620   1          while(TickFlag);
 621   1          TR0 = 0;
 622   1          IR = 1;
 623   1          
 624   1          // 计算tick数：ms * 1000us / 550us per tick → 向上取整减少误差
 625   1          TH1 = 0x97;
 626   1          TL1 = 0xD5;
 627   1          TR0 = 0;
 628   1          TR1 = 1;
 629   1          IR = 1;
 630   1          TickFlag = 1;
 631   1          while(TickFlag);
 632   1          TR0 = 0;
 633   1          TR1 = 0;
 634   1          IR = 1;
 635   1      }
 636          
 637          /**
 638           * @brief 红外发送间隔 40ms
 639           */
 640          void IR_Send_Interval_40ms(){
 641   1          // 第一步：发送560us载波（HS0038输出低，对应原始数据的“低电平段”）
 642   1          TH0 = 0xFF;
 643   1          TL0 = 0xF0;    
 644   1          TH1 = 0xFD;
 645   1          TL1 = 0x15;
 646   1          TR0 = 1;
 647   1          TR1 = 1;
 648   1          IR = 0;
 649   1          // 560us ≈ 560/525 ≈ 1.06 tick → 用1个tick（550us，误差≈6%）
 650   1          TickFlag = 1;
 651   1          while(TickFlag);
 652   1          TR0 = 0;
 653   1          IR = 1;
 654   1          
 655   1          // 计算tick数：ms * 1000us / 550us per tick → 向上取整减少误差
 656   1          TH1 = 0x2F;
 657   1          TL1 = 0xAB;
 658   1          TR0 = 0;
 659   1          TR1 = 1;
 660   1          IR = 1;
 661   1          TickFlag = 1;
 662   1          while(TickFlag);
 663   1          TR0 = 0;
 664   1          TR1 = 0;
 665   1          IR = 1;
 666   1      }
 667          
 668          // 反转n位二进制数的辅助函数
 669          uint8_t reverse_bits(uint8_t value, uint8_t bits) {
 670   1          uint8_t result = 0;
 671   1          uint8_t i = 0;
 672   1      
 673   1          for (i = 0; i < bits; i++) {
C51 COMPILER V9.59.0.0   MAIN                                                              09/09/2026 12:50:27 PAGE 12  

 674   2              result <<= 1;
 675   2              result |= (value & 1);
 676   2              value >>= 1;
 677   2          }
 678   1          return result;
 679   1      }
 680          
 681          /**
 682           * 计算校验码：(mode - 1) + (temp - 16) + 5 取低4位后反序
 683           * 
 684           * 参数:
 685           *   mode: 模式值
 686           *   temp: 温度值
 687           * 
 688           * 返回:
 689           *   计算得到的校验码
 690           */
 691          void calculate_checksum() {
 692   1          // 计算基础值
 693   1          // uint8_t base_value = (mode - 1) + (temp - 16) + 5 + horizontal_swing + ventilate;
 694   1          uint8_t base_value = 0;
 695   1          uint8_t low4 = 0;
 696   1          uint8_t checksum = 0;
 697   1          uint8_t i = 0;
 698   1      
 699   1          if(DataFrame_1 & 0x02) base_value += 3;
 700   1          else base_value += 0;
 701   1      
 702   1          base_value += ((DataFrame_1 & 0x7C) >> 2) - 16;
 703   1      
 704   1          base_value += 5;
 705   1      
 706   1          // if(AuxFrame[0] & 0xF0) base_value += 1;
 707   1          // else base_value += 0;
 708   1      
 709   1          // if(AuxFrame[0] & 0x0F) base_value += 1;
 710   1          // else base_value += 0;
 711   1          
 712   1          // 取低4位（即对16取模）
 713   1          low4 = base_value % 16;
 714   1          // 处理负数情况，确保结果为正数
 715   1          // if (low4 < 0) {
 716   1          //     low4 += 16;
 717   1          // }
 718   1          
 719   1          // 反序4位二进制
 720   1          checksum = 0;
 721   1          for (i = 0; i < 4; i++) {
 722   2              // 取出最低位并移到对应位置
 723   2              checksum |= ((low4 >> i) & 1) << (3 - i);
 724   2          }
 725   1          
 726   1          AuxFrame[3] &= 0xF0;
 727   1          AuxFrame[3] |= checksum;
 728   1      
 729   1      }
 730          
 731          void EEPROM_Write(void){
 732   1          uint8_t i = 5;
 733   1      
 734   1          FSFLG = 0x9A;
 735   1          FSCMD = 0x42;
C51 COMPILER V9.59.0.0   MAIN                                                              09/09/2026 12:50:27 PAGE 13  

 736   1          FSADRH = 0x00;
 737   1          FSADRL = 0x00;
 738   1          FSDAT = DataFrame_1;
 739   1          FSADRH = 0x00;
 740   1          FSADRL = 0x01;
 741   1          FSDAT = DataFrame_2;
 742   1          FSFLG = 0xA9;
 743   1      }
 744          
 745          void EEPROM_Read(void){
 746   1          FSCMD = 0x41;
 747   1          FSADRH = 0x00;
 748   1          FSADRL = 0x00;
 749   1          DataFrame_1 = FSDAT;
 750   1          FSADRH = 0x00;
 751   1          FSADRL = 0x01;
 752   1          DataFrame_2 = FSDAT;
 753   1          
 754   1      }
 755          
 756          void Timer0_Isr(void) interrupt 1
 757          {
 758   1          TF0 = 0;
 759   1          TH0 = 0xFF;
 760   1          TL0 = 0xF0;
 761   1      
 762   1          IR = ~IR;
 763   1      }
 764          
 765          void Timer1_Isr(void) interrupt 3
 766          {
 767   1          TF1 = 0;
 768   1          TR1 = 0;
 769   1          TickFlag = 0;
 770   1      }
 771          
 772          void Timer3_Isr(void) interrupt 7
 773          {
 774   1          T3CON &= 0x7F;
 775   1          Timer3Tick++;
 776   1      }


MODULE INFORMATION:   STATIC OVERLAYABLE
   CODE SIZE        =   2291    ----
   CONSTANT SIZE    =    256    ----
   XDATA SIZE       =   ----    ----
   PDATA SIZE       =   ----    ----
   DATA SIZE        =     17      16
   IDATA SIZE       =   ----    ----
   BIT SIZE         =      2       1
END OF MODULE INFORMATION.


C51 COMPILATION COMPLETE.  0 WARNING(S),  0 ERROR(S)
