BL51 BANKED LINKER/LOCATER V6.22.2.0                                                    09/09/2026  12:50:27  PAGE 1


BL51 BANKED LINKER/LOCATER V6.22.2.0, INVOKED BY:
F:\SOFTWARE\DEVELOP\SOFTWARE\KEIL\C51\BIN\BL51.EXE STARTUP.obj, main.obj TO project RAMSIZE (256)


MEMORY MODEL: SMALL WITH FLOATING POINT ARITHMETIC


INPUT MODULES INCLUDED:
  STARTUP.obj (?C_STARTUP)
  main.obj (MAIN)
  F:\SOFTWARE\DEVELOP\SOFTWARE\KEIL\C51\LIB\C51FPS.LIB (?C?FPMUL)
  F:\SOFTWARE\DEVELOP\SOFTWARE\KEIL\C51\LIB\C51FPS.LIB (?C?FPDIV)
  F:\SOFTWARE\DEVELOP\SOFTWARE\KEIL\C51\LIB\C51FPS.LIB (?C?FCAST)
  F:\SOFTWARE\DEVELOP\SOFTWARE\KEIL\C51\LIB\C51FPS.LIB (?C?CASTF)
  F:\SOFTWARE\DEVELOP\SOFTWARE\KEIL\C51\LIB\C51FPS.LIB (?C?FPGETOPN)
  F:\SOFTWARE\DEVELOP\SOFTWARE\KEIL\C51\LIB\C51S.LIB (?C_INIT)
  F:\SOFTWARE\DEVELOP\SOFTWARE\KEIL\C51\LIB\C51S.LIB (?C?IMUL)
  F:\SOFTWARE\DEVELOP\SOFTWARE\KEIL\C51\LIB\C51S.LIB (?C?LNEG)
  F:\SOFTWARE\DEVELOP\SOFTWARE\KEIL\C51\LIB\C51S.LIB (?C?SLCMP)


LINK MAP OF MODULE:  project (?C_STARTUP)


            TYPE    BASE      LENGTH    RELOCATION   SEGMENT NAME
            -----------------------------------------------------

            * * * * * * *   D A T A   M E M O R Y   * * * * * * *
            REG     0000H     0008H     ABSOLUTE     "REG BANK 0"
            DATA    0008H     0011H     UNIT         ?DT?MAIN
            DATA    0019H     0006H     UNIT         ?DT?_DELAY?MAIN
                    001FH     0001H                  *** GAP ***
            BIT     0020H.0   0000H.2   UNIT         ?BI?MAIN
            BIT     0020H.2   0000H.1   UNIT         _BIT_GROUP_
                    0020H.3   0000H.5                *** GAP ***
            DATA    0021H     0008H     UNIT         _DATA_GROUP_
            IDATA   0029H     0001H     UNIT         ?STACK

            * * * * * * *   C O D E   M E M O R Y   * * * * * * *
            CODE    0000H     0003H     ABSOLUTE     
            CODE    0003H     0007H     INBLOCK      ?PR?TIMER1_ISR?MAIN
                    000AH     0001H                  *** GAP ***
            CODE    000BH     0003H     ABSOLUTE     
            CODE    000EH     000BH     INBLOCK      ?PR?TIMER0_ISR?MAIN
                    0019H     0002H                  *** GAP ***
            CODE    001BH     0003H     ABSOLUTE     
            CODE    001EH     001BH     INBLOCK      ?PR?_REVERSE_BITS?MAIN
                    0039H     0002H                  *** GAP ***
            CODE    003BH     0003H     ABSOLUTE     
            CODE    003EH     029BH     UNIT         ?C?LIB_CODE
            CODE    02D9H     0210H     INBLOCK      ?PR?MAIN?MAIN
            CODE    04E9H     0100H     UNIT         ?CO?MAIN
            CODE    05E9H     00CFH     INBLOCK      ?PR?CHARGECHECKTASK?MAIN
            CODE    06B8H     00C4H     INBLOCK      ?PR?TESTMODE?MAIN
            CODE    077CH     007AH     INBLOCK      ?PR?SYSTEMINIT?MAIN
            CODE    07F6H     0006H     INBLOCK      ?PR?TIMER3_ISR?MAIN
                    07FCH     0004H                  *** GAP ***
            CODE    0800H     00B7H     INBLOCK      ?PR?IRTASK?MAIN
BL51 BANKED LINKER/LOCATER V6.22.2.0                                                  09/09/2026  12:50:27  PAGE 2


            CODE    08B7H     008CH     UNIT         ?C_C51STARTUP
            CODE    0943H     0078H     INBLOCK      ?PR?GUIMANAGE?MAIN
            CODE    09BBH     006DH     INBLOCK      ?PR?IR_DATA_UPDATA?MAIN
            CODE    0A28H     0051H     INBLOCK      ?PR?CALCULATE_CHECKSUM?MAIN
            CODE    0A79H     0049H     INBLOCK      ?PR?IR_SEND_BIT?MAIN
            CODE    0AC2H     0048H     INBLOCK      ?PR?_DELAY?MAIN
            CODE    0B0AH     0034H     INBLOCK      ?PR?TEMPTUREFRAME?MAIN
            CODE    0B3EH     0033H     INBLOCK      ?PR?IR_SEND_LEADER_CODE?MAIN
            CODE    0B71H     0033H     INBLOCK      ?PR?IR_SEND_REPEAT_LEADER_CODE?MAIN
            CODE    0BA4H     0033H     INBLOCK      ?PR?IR_SEND_INTERVAL_20MS?MAIN
            CODE    0BD7H     0033H     INBLOCK      ?PR?IR_SEND_INTERVAL_40MS?MAIN
            CODE    0C0AH     0033H     INBLOCK      ?PR?EEPROM_WRITE?MAIN
            CODE    0C3DH     0030H     INBLOCK      ?PR?SPEEDFRAME?MAIN
            CODE    0C6DH     002AH     UNIT         ?C_INITSEG
            CODE    0C97H     0028H     INBLOCK      ?PR?POWERFRAME?MAIN
            CODE    0CBFH     0028H     INBLOCK      ?PR?MODEFRAME?MAIN
            CODE    0CE7H     0026H     INBLOCK      ?PR?EEPROM_READ?MAIN
            CODE    0D0DH     0013H     INBLOCK      ?PR?LIGHTFRAME?MAIN
            CODE    0D20H     0013H     INBLOCK      ?PR?SWINGFRAME?MAIN
            CODE    0D33H     0013H     INBLOCK      ?PR?SLEEPFRAME?MAIN
            CODE    0D46H     0013H     INBLOCK      ?PR?AUXILIARYHOT?MAIN



OVERLAY MAP OF MODULE:   project (?C_STARTUP)


SEGMENT                                        BIT_GROUP          DATA_GROUP 
  +--> CALLED SEGMENT                       START    LENGTH     START    LENGTH
-------------------------------------------------------------------------------
?C_C51STARTUP                               -----    -----      -----    -----
  +--> ?PR?MAIN?MAIN
  +--> ?C_INITSEG

?PR?MAIN?MAIN                               -----    -----      0021H    0002H
  +--> ?PR?SYSTEMINIT?MAIN
  +--> ?PR?GUIMANAGE?MAIN
  +--> ?PR?EEPROM_READ?MAIN
  +--> ?PR?IRTASK?MAIN
  +--> ?PR?EEPROM_WRITE?MAIN
  +--> ?PR?IR_DATA_UPDATA?MAIN

?PR?GUIMANAGE?MAIN                          -----    -----      -----    -----
  +--> ?PR?POWERFRAME?MAIN
  +--> ?PR?MODEFRAME?MAIN
  +--> ?PR?TEMPTUREFRAME?MAIN
  +--> ?PR?SPEEDFRAME?MAIN
  +--> ?PR?LIGHTFRAME?MAIN
  +--> ?PR?SWINGFRAME?MAIN
  +--> ?PR?SLEEPFRAME?MAIN
  +--> ?PR?AUXILIARYHOT?MAIN
  +--> ?PR?TESTMODE?MAIN
  +--> ?CO?MAIN
  +--> ?PR?CHARGECHECKTASK?MAIN

?PR?POWERFRAME?MAIN                         -----    -----      -----    -----
  +--> ?CO?MAIN
BL51 BANKED LINKER/LOCATER V6.22.2.0                                                  09/09/2026  12:50:27  PAGE 3



?PR?MODEFRAME?MAIN                          -----    -----      -----    -----
  +--> ?CO?MAIN

?PR?TEMPTUREFRAME?MAIN                      -----    -----      -----    -----
  +--> ?CO?MAIN

?PR?SPEEDFRAME?MAIN                         -----    -----      -----    -----
  +--> ?CO?MAIN

?PR?LIGHTFRAME?MAIN                         -----    -----      -----    -----
  +--> ?CO?MAIN

?PR?SWINGFRAME?MAIN                         -----    -----      -----    -----
  +--> ?CO?MAIN

?PR?SLEEPFRAME?MAIN                         -----    -----      -----    -----
  +--> ?CO?MAIN

?PR?AUXILIARYHOT?MAIN                       -----    -----      -----    -----
  +--> ?CO?MAIN

?PR?TESTMODE?MAIN                           -----    -----      -----    -----
  +--> ?CO?MAIN

?PR?CHARGECHECKTASK?MAIN                    -----    -----      0023H    0006H
  +--> ?CO?MAIN

?PR?IRTASK?MAIN                             -----    -----      0023H    0001H
  +--> ?PR?IR_SEND_LEADER_CODE?MAIN
  +--> ?PR?IR_SEND_BIT?MAIN
  +--> ?PR?IR_SEND_INTERVAL_20MS?MAIN
  +--> ?PR?IR_SEND_INTERVAL_40MS?MAIN

?PR?IR_SEND_BIT?MAIN                        0020H.2  0000H.1    -----    -----

?PR?EEPROM_WRITE?MAIN                       -----    -----      0023H    0001H

?PR?IR_DATA_UPDATA?MAIN                     -----    -----      -----    -----
  +--> ?PR?_REVERSE_BITS?MAIN
  +--> ?PR?CALCULATE_CHECKSUM?MAIN



UNRESOLVED EXTERNAL SYMBOLS:
   ?_OLED_SHOWCHAR?BYTE
   ?_OLED_SHOWNUM?BYTE
   ?_OLED_SHOWSTRING?BYTE
   OLED_CLEAR
   OLED_INIT
   OLED_UPDATE
   _OLED_SHOWCHAR
   _OLED_SHOWNUM
   _OLED_SHOWSTRING



BL51 BANKED LINKER/LOCATER V6.22.2.0                                                  09/09/2026  12:50:27  PAGE 4


SYMBOL TABLE OF MODULE:  project (?C_STARTUP)

  VALUE           TYPE          NAME
  ----------------------------------

  -------         MODULE        ?C_STARTUP
  C:08B7H         SEGMENT       ?C_C51STARTUP
  I:0029H         SEGMENT       ?STACK
  C:0000H         PUBLIC        ?C_STARTUP
  D:00E0H         SYMBOL        ACC
  D:00F0H         SYMBOL        B
  D:0083H         SYMBOL        DPH
  D:0082H         SYMBOL        DPL
  N:0000H         SYMBOL        IBPSTACK
  N:0100H         SYMBOL        IBPSTACKTOP
  N:0080H         SYMBOL        IDATALEN
  C:08BAH         SYMBOL        IDATALOOP
  N:0000H         SYMBOL        PBPSTACK
  N:0100H         SYMBOL        PBPSTACKTOP
  N:0000H         SYMBOL        PDATALEN
  N:0000H         SYMBOL        PDATASTART
  N:0000H         SYMBOL        PPAGE
  N:0000H         SYMBOL        PPAGEENABLE
  D:00A0H         SYMBOL        PPAGE_SFR
  D:0081H         SYMBOL        SP
  C:08B7H         SYMBOL        STARTUP1
  N:0000H         SYMBOL        XBPSTACK
  N:0000H         SYMBOL        XBPSTACKTOP
  N:0000H         SYMBOL        XDATALEN
  N:0000H         SYMBOL        XDATASTART
  C:0000H         LINE#         126
  C:08B7H         LINE#         133
  C:08B9H         LINE#         134
  C:08BAH         LINE#         135
  C:08BBH         LINE#         136
  C:08BDH         LINE#         185
  C:08C0H         LINE#         196
  -------         ENDMOD        ?C_STARTUP

  -------         MODULE        MAIN
  C:0000H         SYMBOL        _ICE_DUMMY_
  C:0C97H         PUBLIC        PowerFrame
  D:0080H         PUBLIC        P0
  D:0090H         PUBLIC        P1
  D:00A0H         PUBLIC        P2
  C:0A79H         PUBLIC        IR_Send_Bit
  B:0020H.0       PUBLIC        TickFlag
  D:00A8H         PUBLIC        IE
  C:0AC2H         SYMBOL        _delay
  C:001EH         PUBLIC        _reverse_bits
  D:0008H         PUBLIC        SystemTick
  C:0B3EH         PUBLIC        IR_Send_Leader_Code
  D:00B8H         PUBLIC        IP
  B:0090H.1       PUBLIC        IR
  D:0009H         PUBLIC        AuxFrame
  C:077CH         PUBLIC        SystemInit
  D:000DH         PUBLIC        GuiIndex
BL51 BANKED LINKER/LOCATER V6.22.2.0                                                  09/09/2026  12:50:27  PAGE 5


  D:00B5H         PUBLIC        T3RH
  D:00B4H         PUBLIC        T3RL
  C:02D9H         PUBLIC        main
  C:0CE7H         PUBLIC        EEPROM_Read
  C:06B8H         PUBLIC        TestMode
  D:00E8H         PUBLIC        EXIE
  B:0020H.1       PUBLIC        RunFlag
  D:0089H         PUBLIC        TMOD
  D:0088H         PUBLIC        TCON
  C:0C0AH         PUBLIC        EEPROM_Write
  C:09BBH         PUBLIC        IR_Data_Updata
  B:0090H.7       PUBLIC        Key_1
  B:00A0H.1       PUBLIC        Key_2
  B:0080H.7       PUBLIC        Key_3
  B:0080H.6       PUBLIC        Key_4
  B:0080H.5       PUBLIC        Key_5
  D:000EH         PUBLIC        RunFlagTick
  C:000EH         PUBLIC        Timer0_Isr
  C:0003H         PUBLIC        Timer1_Isr
  D:000FH         PUBLIC        Timer3Tick
  C:05E9H         PUBLIC        ChargeCheckTask
  C:07F6H         PUBLIC        Timer3_Isr
  C:0B0AH         PUBLIC        TemptureFrame
  B:0088H.5       PUBLIC        TF0
  B:0088H.7       PUBLIC        TF1
  D:008CH         PUBLIC        TH0
  D:008DH         PUBLIC        TH1
  D:00AFH         PUBLIC        TH3
  D:008AH         PUBLIC        TL0
  C:0800H         PUBLIC        IrTask
  D:008BH         PUBLIC        TL1
  D:00AEH         PUBLIC        TL3
  D:00C4H         PUBLIC        ADCDH
  B:0088H.4       PUBLIC        TR0
  D:00C1H         PUBLIC        ADCFG
  C:0BA4H         PUBLIC        IR_Send_Interval_20ms
  B:0088H.6       PUBLIC        TR1
  C:0BD7H         PUBLIC        IR_Send_Interval_40ms
  D:00C3H         PUBLIC        ADCDL
  C:0B71H         PUBLIC        IR_Send_Repeat_Leader_Code
  C:0C3DH         PUBLIC        SpeedFrame
  D:00C2H         PUBLIC        ADCHS
  D:00C0H         PUBLIC        ADCON
  D:00B3H         PUBLIC        T3MOD
  D:00B2H         PUBLIC        T3CON
  C:0D0DH         PUBLIC        LightFrame
  C:0D33H         PUBLIC        SleepFrame
  C:0D46H         PUBLIC        AuxiliaryHot
  C:0A28H         PUBLIC        calculate_checksum
  C:0943H         PUBLIC        GuiManage
  D:0010H         PUBLIC        test_num
  D:0011H         PUBLIC        MainFrame
  C:0CBFH         PUBLIC        ModeFrame
  D:0086H         PUBLIC        SCCON
  B:0080H.4       PUBLIC        WKLED
  C:0D20H         PUBLIC        SwingFrame
  D:0016H         PUBLIC        DataFrame_1
BL51 BANKED LINKER/LOCATER V6.22.2.0                                                  09/09/2026  12:50:27  PAGE 6


  D:0096H         PUBLIC        HRCON
  D:0017H         PUBLIC        DataFrame_2
  D:0018H         PUBLIC        tmpVar
  -------         PROC          _DELAY
  D:0019H         SYMBOL        i
  -------         DO            
  D:001BH         SYMBOL        j
  -------         ENDDO         
  C:0AC2H         LINE#         86
  C:0AC6H         LINE#         87
  C:0AC6H         LINE#         89
  C:0B09H         LINE#         90
  -------         ENDPROC       _DELAY
  -------         PROC          MAIN
  -------         DO            
  D:0021H         SYMBOL        KeyCode
  D:0022H         SYMBOL        Old_KeyCode
  -------         ENDDO         
  C:02D9H         LINE#         92
  C:02D9H         LINE#         93
  C:02DCH         LINE#         94
  C:02DEH         LINE#         96
  C:02E1H         LINE#         97
  C:02E4H         LINE#         98
  C:02E7H         LINE#         99
  C:02EAH         LINE#         100
  C:02EDH         LINE#         101
  C:02F0H         LINE#         103
  C:02F0H         LINE#         105
  C:031DH         LINE#         106
  C:0323H         LINE#         107
  C:0326H         LINE#         108
  C:0329H         LINE#         109
  C:033CH         LINE#         110
  C:033EH         LINE#         111
  C:034BH         LINE#         112
  C:034BH         LINE#         113
  C:035BH         LINE#         114
  C:035DH         LINE#         115
  C:0369H         LINE#         116
  C:0369H         LINE#         118
  C:0373H         LINE#         119
  C:0379H         LINE#         120
  C:037FH         LINE#         121
  C:0382H         LINE#         122
  C:0385H         LINE#         123
  C:038BH         LINE#         124
  C:038BH         LINE#         125
  C:0391H         LINE#         126
  C:0397H         LINE#         127
  C:039AH         LINE#         128
  C:039DH         LINE#         129
  C:03A3H         LINE#         130
  C:03A3H         LINE#         131
  C:03BBH         LINE#         132
  C:03BDH         LINE#         133
  C:03BFH         LINE#         134
BL51 BANKED LINKER/LOCATER V6.22.2.0                                                  09/09/2026  12:50:27  PAGE 7


  C:03C8H         LINE#         135
  C:03CBH         LINE#         136
  C:03D3H         LINE#         137
  C:03D3H         LINE#         138
  C:03DCH         LINE#         139
  C:03E2H         LINE#         140
  C:03E4H         LINE#         141
  C:03E7H         LINE#         142
  C:03EBH         LINE#         143
  C:03EBH         LINE#         144
  C:03F1H         LINE#         145
  C:03F3H         LINE#         146
  C:03F3H         LINE#         147
  C:0400H         LINE#         148
  C:0400H         LINE#         150
  C:040AH         LINE#         151
  C:0410H         LINE#         152
  C:0416H         LINE#         153
  C:0419H         LINE#         154
  C:041CH         LINE#         155
  C:0422H         LINE#         156
  C:0422H         LINE#         157
  C:0428H         LINE#         158
  C:042EH         LINE#         159
  C:0431H         LINE#         160
  C:0434H         LINE#         161
  C:043AH         LINE#         162
  C:043AH         LINE#         163
  C:0452H         LINE#         164
  C:0454H         LINE#         165
  C:0456H         LINE#         166
  C:045FH         LINE#         167
  C:0462H         LINE#         168
  C:046AH         LINE#         169
  C:046AH         LINE#         170
  C:0473H         LINE#         171
  C:0479H         LINE#         172
  C:047BH         LINE#         173
  C:047EH         LINE#         174
  C:0482H         LINE#         175
  C:0482H         LINE#         176
  C:0488H         LINE#         177
  C:048AH         LINE#         178
  C:048AH         LINE#         179
  C:0497H         LINE#         180
  C:0497H         LINE#         181
  C:049FH         LINE#         182
  C:04A2H         LINE#         196
  C:04AFH         LINE#         197
  C:04B2H         LINE#         198
  C:04B2H         LINE#         199
  C:04B2H         LINE#         201
  C:04B2H         LINE#         202
  C:04B5H         LINE#         203
  C:04B5H         LINE#         205
  C:04B8H         LINE#         206
  C:04BBH         LINE#         208
BL51 BANKED LINKER/LOCATER V6.22.2.0                                                  09/09/2026  12:50:27  PAGE 8


  C:04C6H         LINE#         209
  C:04C9H         LINE#         210
  C:04CBH         LINE#         211
  C:04CDH         LINE#         212
  C:04D0H         LINE#         213
  C:04D3H         LINE#         214
  C:04D3H         LINE#         216
  C:04E0H         LINE#         217
  C:04E2H         LINE#         218
  C:04E4H         LINE#         219
  C:04E7H         LINE#         220
  C:04E7H         LINE#         222
  -------         ENDPROC       MAIN
  -------         PROC          SYSTEMINIT
  C:077CH         LINE#         226
  C:077CH         LINE#         227
  C:077FH         LINE#         228
  C:0782H         LINE#         234
  C:0785H         LINE#         235
  C:0788H         LINE#         236
  C:078BH         LINE#         237
  C:0791H         LINE#         241
  C:0794H         LINE#         242
  C:0797H         LINE#         243
  C:079AH         LINE#         244
  C:079DH         LINE#         245
  C:07A0H         LINE#         246
  C:07A3H         LINE#         249
  C:07A6H         LINE#         250
  C:07A8H         LINE#         251
  C:07ABH         LINE#         252
  C:07AEH         LINE#         253
  C:07B1H         LINE#         254
  C:07B4H         LINE#         257
  C:07B7H         LINE#         258
  C:07BAH         LINE#         259
  C:07BDH         LINE#         260
  C:07C0H         LINE#         261
  C:07C3H         LINE#         262
  C:07C6H         LINE#         266
  C:07C9H         LINE#         267
  C:07CCH         LINE#         268
  C:07CFH         LINE#         270
  C:07D5H         LINE#         271
  C:07DAH         LINE#         272
  C:07DEH         LINE#         273
  C:07E2H         LINE#         274
  C:07E6H         LINE#         275
  C:07EAH         LINE#         276
  C:07EFH         LINE#         278
  C:07F1H         LINE#         279
  C:07F3H         LINE#         280
  C:07F5H         LINE#         281
  -------         ENDPROC       SYSTEMINIT
  -------         PROC          GUIMANAGE
  C:0943H         LINE#         283
  C:0943H         LINE#         284
BL51 BANKED LINKER/LOCATER V6.22.2.0                                                  09/09/2026  12:50:27  PAGE 9


  C:0962H         LINE#         285
  C:0962H         LINE#         286
  C:0965H         LINE#         287
  C:0967H         LINE#         288
  C:0967H         LINE#         289
  C:096AH         LINE#         290
  C:096CH         LINE#         291
  C:096CH         LINE#         292
  C:096FH         LINE#         293
  C:0971H         LINE#         294
  C:0971H         LINE#         295
  C:0974H         LINE#         296
  C:0976H         LINE#         297
  C:0976H         LINE#         298
  C:0979H         LINE#         299
  C:097BH         LINE#         300
  C:097BH         LINE#         301
  C:097EH         LINE#         302
  C:0980H         LINE#         303
  C:0980H         LINE#         304
  C:0983H         LINE#         305
  C:0985H         LINE#         306
  C:0985H         LINE#         307
  C:0988H         LINE#         308
  C:098AH         LINE#         309
  C:098AH         LINE#         310
  C:098DH         LINE#         311
  C:098FH         LINE#         312
  C:098FH         LINE#         313
  C:09A2H         LINE#         314
  C:09A2H         LINE#         315
  C:09A2H         LINE#         317
  C:09A5H         LINE#         318
  C:09A8H         LINE#         320
  C:09BAH         LINE#         321
  C:09BAH         LINE#         330
  -------         ENDPROC       GUIMANAGE
  -------         PROC          POWERFRAME
  C:0C97H         LINE#         332
  C:0C97H         LINE#         333
  C:0CADH         LINE#         334
  C:0CBEH         LINE#         335
  -------         ENDPROC       POWERFRAME
  -------         PROC          MODEFRAME
  C:0CBFH         LINE#         337
  C:0CBFH         LINE#         338
  C:0CD5H         LINE#         339
  C:0CE6H         LINE#         340
  -------         ENDPROC       MODEFRAME
  -------         PROC          TEMPTUREFRAME
  C:0B0AH         LINE#         342
  C:0B0AH         LINE#         343
  C:0B1DH         LINE#         344
  -------         ENDPROC       TEMPTUREFRAME
  -------         PROC          SPEEDFRAME
  C:0C3DH         LINE#         347
  C:0C3DH         LINE#         348
BL51 BANKED LINKER/LOCATER V6.22.2.0                                                  09/09/2026  12:50:27  PAGE 10


  C:0C50H         LINE#         349
  -------         ENDPROC       SPEEDFRAME
  -------         PROC          LIGHTFRAME
  C:0D0DH         LINE#         352
  C:0D0DH         LINE#         353
  -------         ENDPROC       LIGHTFRAME
  -------         PROC          SWINGFRAME
  C:0D20H         LINE#         356
  C:0D20H         LINE#         357
  -------         ENDPROC       SWINGFRAME
  -------         PROC          SLEEPFRAME
  C:0D33H         LINE#         360
  C:0D33H         LINE#         361
  -------         ENDPROC       SLEEPFRAME
  -------         PROC          AUXILIARYHOT
  C:0D46H         LINE#         364
  C:0D46H         LINE#         365
  -------         ENDPROC       AUXILIARYHOT
  -------         PROC          TESTMODE
  C:06B8H         LINE#         368
  C:06B8H         LINE#         369
  C:06CCH         LINE#         370
  C:06CCH         LINE#         371
  C:06DDH         LINE#         372
  C:06E3H         LINE#         373
  C:06E5H         LINE#         374
  C:06E5H         LINE#         376
  C:06F6H         LINE#         377
  C:06FCH         LINE#         378
  C:06FEH         LINE#         379
  C:06FEH         LINE#         381
  C:070FH         LINE#         382
  C:0715H         LINE#         383
  C:0717H         LINE#         384
  C:0717H         LINE#         386
  C:0728H         LINE#         387
  C:0738H         LINE#         388
  C:073AH         LINE#         389
  C:073AH         LINE#         390
  C:074BH         LINE#         391
  C:075EH         LINE#         392
  C:0769H         LINE#         393
  C:077BH         LINE#         394
  C:077BH         LINE#         395
  C:077BH         LINE#         397
  C:077BH         LINE#         398
  C:077BH         LINE#         399
  C:077BH         LINE#         400
  C:077BH         LINE#         402
  -------         ENDPROC       TESTMODE
  -------         PROC          IRTASK
  -------         DO            
  D:0023H         SYMBOL        i
  -------         ENDDO         
  C:0800H         LINE#         404
  C:0800H         LINE#         405
  C:0803H         LINE#         407
BL51 BANKED LINKER/LOCATER V6.22.2.0                                                  09/09/2026  12:50:27  PAGE 11


  C:0805H         LINE#         408
  C:0807H         LINE#         409
  C:0809H         LINE#         411
  C:080CH         LINE#         413
  C:081AH         LINE#         414
  C:084BH         LINE#         415
  C:0850H         LINE#         416
  C:0854H         LINE#         418
  C:0857H         LINE#         420
  C:0865H         LINE#         421
  C:0896H         LINE#         422
  C:089BH         LINE#         423
  C:089FH         LINE#         425
  C:08A2H         LINE#         427
  C:08B0H         LINE#         429
  C:08B2H         LINE#         430
  C:08B4H         LINE#         431
  C:08B6H         LINE#         433
  -------         ENDPROC       IRTASK
  -------         PROC          CHARGECHECKTASK
  -------         DO            
  D:0023H         SYMBOL        tmp_adc
  D:0025H         SYMBOL        tmp_battery
  -------         ENDDO         
  C:05E9H         LINE#         435
  C:05E9H         LINE#         436
  C:05EEH         LINE#         437
  C:05F6H         LINE#         439
  C:05FEH         LINE#         440
  C:0601H         LINE#         441
  C:0606H         LINE#         442
  C:0618H         LINE#         443
  C:061FH         LINE#         444
  C:061FH         LINE#         446
  C:063AH         LINE#         447
  C:063AH         LINE#         448
  C:0665H         LINE#         449
  C:0698H         LINE#         450
  C:06AAH         LINE#         451
  C:06AAH         LINE#         452
  -------         ENDPROC       CHARGECHECKTASK
  -------         PROC          IR_DATA_UPDATA
  C:09BBH         LINE#         455
  C:09BBH         LINE#         457
  C:09BEH         LINE#         458
  C:09CBH         LINE#         459
  C:09CEH         LINE#         462
  C:09D1H         LINE#         463
  C:09DEH         LINE#         464
  C:09E1H         LINE#         467
  C:09E4H         LINE#         468
  C:09FCH         LINE#         471
  C:09FFH         LINE#         472
  C:0A0AH         LINE#         475
  C:0A0DH         LINE#         476
  C:0A10H         LINE#         479
  C:0A13H         LINE#         480
BL51 BANKED LINKER/LOCATER V6.22.2.0                                                  09/09/2026  12:50:27  PAGE 12


  C:0A16H         LINE#         483
  C:0A19H         LINE#         484
  C:0A19H         LINE#         487
  C:0A1CH         LINE#         488
  C:0A1CH         LINE#         491
  C:0A1FH         LINE#         492
  C:0A1FH         LINE#         496
  C:0A22H         LINE#         497
  C:0A22H         LINE#         501
  C:0A25H         LINE#         502
  C:0A25H         LINE#         506
  -------         ENDPROC       IR_DATA_UPDATA
  -------         PROC          IR_SEND_BIT
  B:0020H.2       SYMBOL        v
  C:0A79H         LINE#         512
  C:0A79H         LINE#         514
  C:0A7CH         LINE#         515
  C:0A7FH         LINE#         516
  C:0A82H         LINE#         517
  C:0A85H         LINE#         518
  C:0A87H         LINE#         519
  C:0A89H         LINE#         520
  C:0A8BH         LINE#         522
  C:0A8DH         LINE#         523
  C:0A90H         LINE#         524
  C:0A92H         LINE#         525
  C:0A94H         LINE#         527
  C:0A97H         LINE#         529
  C:0A9AH         LINE#         530
  C:0A9DH         LINE#         531
  C:0A9FH         LINE#         532
  C:0AA1H         LINE#         533
  C:0AA3H         LINE#         534
  C:0AA5H         LINE#         535
  C:0AAAH         LINE#         536
  C:0AAAH         LINE#         538
  C:0AADH         LINE#         539
  C:0AB0H         LINE#         540
  C:0AB2H         LINE#         541
  C:0AB4H         LINE#         542
  C:0AB6H         LINE#         543
  C:0AB8H         LINE#         544
  C:0ABBH         LINE#         545
  C:0ABBH         LINE#         546
  C:0ABDH         LINE#         547
  C:0ABFH         LINE#         548
  C:0AC1H         LINE#         549
  -------         ENDPROC       IR_SEND_BIT
  -------         PROC          IR_SEND_LEADER_CODE
  C:0B3EH         LINE#         552
  C:0B3EH         LINE#         555
  C:0B41H         LINE#         556
  C:0B44H         LINE#         557
  C:0B47H         LINE#         558
  C:0B4AH         LINE#         559
  C:0B4CH         LINE#         560
  C:0B4EH         LINE#         561
BL51 BANKED LINKER/LOCATER V6.22.2.0                                                  09/09/2026  12:50:27  PAGE 13


  C:0B50H         LINE#         562
  C:0B52H         LINE#         563
  C:0B55H         LINE#         564
  C:0B57H         LINE#         565
  C:0B59H         LINE#         567
  C:0B5CH         LINE#         568
  C:0B5FH         LINE#         569
  C:0B61H         LINE#         570
  C:0B63H         LINE#         571
  C:0B65H         LINE#         572
  C:0B67H         LINE#         573
  C:0B6AH         LINE#         574
  C:0B6CH         LINE#         575
  C:0B6EH         LINE#         576
  C:0B70H         LINE#         577
  -------         ENDPROC       IR_SEND_LEADER_CODE
  -------         PROC          IR_SEND_REPEAT_LEADER_CODE
  C:0B71H         LINE#         580
  C:0B71H         LINE#         582
  C:0B74H         LINE#         583
  C:0B77H         LINE#         584
  C:0B7AH         LINE#         585
  C:0B7DH         LINE#         586
  C:0B7FH         LINE#         587
  C:0B81H         LINE#         588
  C:0B83H         LINE#         589
  C:0B85H         LINE#         590
  C:0B88H         LINE#         591
  C:0B8AH         LINE#         592
  C:0B8CH         LINE#         594
  C:0B8FH         LINE#         595
  C:0B92H         LINE#         596
  C:0B94H         LINE#         597
  C:0B96H         LINE#         598
  C:0B98H         LINE#         599
  C:0B9AH         LINE#         600
  C:0B9DH         LINE#         601
  C:0B9FH         LINE#         602
  C:0BA1H         LINE#         603
  C:0BA3H         LINE#         604
  -------         ENDPROC       IR_SEND_REPEAT_LEADER_CODE
  -------         PROC          IR_SEND_INTERVAL_20MS
  C:0BA4H         LINE#         609
  C:0BA4H         LINE#         611
  C:0BA7H         LINE#         612
  C:0BAAH         LINE#         613
  C:0BADH         LINE#         614
  C:0BB0H         LINE#         615
  C:0BB2H         LINE#         616
  C:0BB4H         LINE#         617
  C:0BB6H         LINE#         619
  C:0BB8H         LINE#         620
  C:0BBBH         LINE#         621
  C:0BBDH         LINE#         622
  C:0BBFH         LINE#         625
  C:0BC2H         LINE#         626
  C:0BC5H         LINE#         627
BL51 BANKED LINKER/LOCATER V6.22.2.0                                                  09/09/2026  12:50:27  PAGE 14


  C:0BC7H         LINE#         628
  C:0BC9H         LINE#         629
  C:0BCBH         LINE#         630
  C:0BCDH         LINE#         631
  C:0BD0H         LINE#         632
  C:0BD2H         LINE#         633
  C:0BD4H         LINE#         634
  C:0BD6H         LINE#         635
  -------         ENDPROC       IR_SEND_INTERVAL_20MS
  -------         PROC          IR_SEND_INTERVAL_40MS
  C:0BD7H         LINE#         640
  C:0BD7H         LINE#         642
  C:0BDAH         LINE#         643
  C:0BDDH         LINE#         644
  C:0BE0H         LINE#         645
  C:0BE3H         LINE#         646
  C:0BE5H         LINE#         647
  C:0BE7H         LINE#         648
  C:0BE9H         LINE#         650
  C:0BEBH         LINE#         651
  C:0BEEH         LINE#         652
  C:0BF0H         LINE#         653
  C:0BF2H         LINE#         656
  C:0BF5H         LINE#         657
  C:0BF8H         LINE#         658
  C:0BFAH         LINE#         659
  C:0BFCH         LINE#         660
  C:0BFEH         LINE#         661
  C:0C00H         LINE#         662
  C:0C03H         LINE#         663
  C:0C05H         LINE#         664
  C:0C07H         LINE#         665
  C:0C09H         LINE#         666
  -------         ENDPROC       IR_SEND_INTERVAL_40MS
  -------         PROC          _REVERSE_BITS
  D:0007H         SYMBOL        value
  D:0005H         SYMBOL        bits
  -------         DO            
  D:0006H         SYMBOL        result
  D:0004H         SYMBOL        i
  -------         ENDDO         
  C:001EH         LINE#         669
  C:001EH         LINE#         670
  C:0020H         LINE#         671
  C:0021H         LINE#         673
  C:0026H         LINE#         674
  C:002AH         LINE#         675
  C:002FH         LINE#         676
  C:0033H         LINE#         677
  C:0036H         LINE#         678
  C:0038H         LINE#         679
  -------         ENDPROC       _REVERSE_BITS
  -------         PROC          CALCULATE_CHECKSUM
  -------         DO            
  D:0007H         SYMBOL        base_value
  D:0006H         SYMBOL        low4
  D:0005H         SYMBOL        checksum
BL51 BANKED LINKER/LOCATER V6.22.2.0                                                  09/09/2026  12:50:27  PAGE 15


  D:0004H         SYMBOL        i
  -------         ENDDO         
  C:0A28H         LINE#         691
  C:0A28H         LINE#         694
  C:0A2AH         LINE#         695
  C:0A2AH         LINE#         696
  C:0A2AH         LINE#         697
  C:0A2AH         LINE#         699
  C:0A34H         LINE#         700
  C:0A34H         LINE#         702
  C:0A40H         LINE#         704
  C:0A42H         LINE#         713
  C:0A45H         LINE#         720
  C:0A47H         LINE#         721
  C:0A52H         LINE#         723
  C:0A6FH         LINE#         724
  C:0A72H         LINE#         726
  C:0A75H         LINE#         727
  C:0A78H         LINE#         729
  -------         ENDPROC       CALCULATE_CHECKSUM
  -------         PROC          EEPROM_WRITE
  -------         DO            
  D:0023H         SYMBOL        i
  -------         ENDDO         
  C:0C0AH         LINE#         731
  C:0C0AH         LINE#         732
  C:0C0DH         LINE#         734
  C:0C13H         LINE#         735
  C:0C19H         LINE#         736
  C:0C1EH         LINE#         737
  C:0C22H         LINE#         738
  C:0C28H         LINE#         739
  C:0C2DH         LINE#         740
  C:0C32H         LINE#         741
  C:0C38H         LINE#         742
  C:0C3CH         LINE#         743
  -------         ENDPROC       EEPROM_WRITE
  -------         PROC          EEPROM_READ
  C:0CE7H         LINE#         745
  C:0CE7H         LINE#         746
  C:0CEDH         LINE#         747
  C:0CF2H         LINE#         748
  C:0CF6H         LINE#         749
  C:0CFCH         LINE#         750
  C:0D01H         LINE#         751
  C:0D06H         LINE#         752
  C:0D0CH         LINE#         754
  -------         ENDPROC       EEPROM_READ
  -------         PROC          TIMER0_ISR
  C:000EH         LINE#         756
  C:000EH         LINE#         758
  C:0010H         LINE#         759
  C:0013H         LINE#         760
  C:0016H         LINE#         762
  C:0018H         LINE#         763
  -------         ENDPROC       TIMER0_ISR
  -------         PROC          TIMER1_ISR
BL51 BANKED LINKER/LOCATER V6.22.2.0                                                  09/09/2026  12:50:27  PAGE 16


  C:0003H         LINE#         765
  C:0003H         LINE#         767
  C:0005H         LINE#         768
  C:0007H         LINE#         769
  C:0009H         LINE#         770
  -------         ENDPROC       TIMER1_ISR
  -------         PROC          TIMER3_ISR
  C:07F6H         LINE#         772
  C:07F6H         LINE#         774
  C:07F9H         LINE#         775
  C:07FBH         LINE#         776
  -------         ENDPROC       TIMER3_ISR
  -------         ENDMOD        MAIN

  -------         MODULE        ?C?FPMUL
  C:003EH         PUBLIC        ?C?FPMUL
  -------         ENDMOD        ?C?FPMUL

  -------         MODULE        ?C?FPDIV
  C:0147H         PUBLIC        ?C?FPDIV
  -------         ENDMOD        ?C?FPDIV

  -------         MODULE        ?C?FCAST
  C:01EEH         PUBLIC        ?C?FCASTC
  C:01E9H         PUBLIC        ?C?FCASTI
  C:01E4H         PUBLIC        ?C?FCASTL
  -------         ENDMOD        ?C?FCAST

  -------         MODULE        ?C?CASTF
  C:0222H         PUBLIC        ?C?CASTF
  -------         ENDMOD        ?C?CASTF

  -------         MODULE        ?C?IMUL
  C:02A3H         PUBLIC        ?C?IMUL
  -------         ENDMOD        ?C?IMUL

  -------         MODULE        ?C?LNEG
  C:02B5H         PUBLIC        ?C?LNEG
  -------         ENDMOD        ?C?LNEG

  -------         MODULE        ?C?SLCMP
  C:02C3H         PUBLIC        ?C?SLCMP
  -------         ENDMOD        ?C?SLCMP

*** WARNING L16: UNCALLED SEGMENT, IGNORED FOR OVERLAY PROCESS
    SEGMENT: ?PR?_DELAY?MAIN

*** WARNING L16: UNCALLED SEGMENT, IGNORED FOR OVERLAY PROCESS
    SEGMENT: ?PR?IR_SEND_REPEAT_LEADER_CODE?MAIN

*** WARNING L1: UNRESOLVED EXTERNAL SYMBOL
    SYMBOL:  OLED_INIT
    MODULE:  main.obj (MAIN)

*** WARNING L1: UNRESOLVED EXTERNAL SYMBOL
    SYMBOL:  _OLED_SHOWSTRING
    MODULE:  main.obj (MAIN)
BL51 BANKED LINKER/LOCATER V6.22.2.0                                                  09/09/2026  12:50:27  PAGE 17



*** WARNING L1: UNRESOLVED EXTERNAL SYMBOL
    SYMBOL:  ?_OLED_SHOWSTRING?BYTE
    MODULE:  main.obj (MAIN)

*** WARNING L1: UNRESOLVED EXTERNAL SYMBOL
    SYMBOL:  _OLED_SHOWCHAR
    MODULE:  main.obj (MAIN)

*** WARNING L1: UNRESOLVED EXTERNAL SYMBOL
    SYMBOL:  ?_OLED_SHOWCHAR?BYTE
    MODULE:  main.obj (MAIN)

*** WARNING L1: UNRESOLVED EXTERNAL SYMBOL
    SYMBOL:  _OLED_SHOWNUM
    MODULE:  main.obj (MAIN)

*** WARNING L1: UNRESOLVED EXTERNAL SYMBOL
    SYMBOL:  ?_OLED_SHOWNUM?BYTE
    MODULE:  main.obj (MAIN)

*** WARNING L1: UNRESOLVED EXTERNAL SYMBOL
    SYMBOL:  OLED_UPDATE
    MODULE:  main.obj (MAIN)

*** WARNING L1: UNRESOLVED EXTERNAL SYMBOL
    SYMBOL:  OLED_CLEAR
    MODULE:  main.obj (MAIN)

*** WARNING L2: REFERENCE MADE TO UNRESOLVED EXTERNAL
    SYMBOL:  OLED_INIT
    MODULE:  main.obj (MAIN)
    ADDRESS: 02E2H

*** WARNING L2: REFERENCE MADE TO UNRESOLVED EXTERNAL
    SYMBOL:  OLED_UPDATE
    MODULE:  main.obj (MAIN)
    ADDRESS: 02E8H

*** WARNING L2: REFERENCE MADE TO UNRESOLVED EXTERNAL
    SYMBOL:  OLED_UPDATE
    MODULE:  main.obj (MAIN)
    ADDRESS: 02EBH

*** WARNING L2: REFERENCE MADE TO UNRESOLVED EXTERNAL
    SYMBOL:  ?_OLED_SHOWCHAR?BYTE
    MODULE:  main.obj (MAIN)
    ADDRESS: 033FH

*** WARNING L2: REFERENCE MADE TO UNRESOLVED EXTERNAL
    SYMBOL:  _OLED_SHOWCHAR
    MODULE:  main.obj (MAIN)
    ADDRESS: 0349H

*** WARNING L2: REFERENCE MADE TO UNRESOLVED EXTERNAL
    SYMBOL:  ?_OLED_SHOWCHAR?BYTE
    MODULE:  main.obj (MAIN)
BL51 BANKED LINKER/LOCATER V6.22.2.0                                                  09/09/2026  12:50:27  PAGE 18


    ADDRESS: 035EH

*** WARNING L2: REFERENCE MADE TO UNRESOLVED EXTERNAL
    SYMBOL:  _OLED_SHOWCHAR
    MODULE:  main.obj (MAIN)
    ADDRESS: 0367H

*** WARNING L2: REFERENCE MADE TO UNRESOLVED EXTERNAL
    SYMBOL:  ?_OLED_SHOWCHAR?BYTE
    MODULE:  main.obj (MAIN)
    ADDRESS: 03F4H

*** WARNING L2: REFERENCE MADE TO UNRESOLVED EXTERNAL
    SYMBOL:  _OLED_SHOWCHAR
    MODULE:  main.obj (MAIN)
    ADDRESS: 03FEH

*** WARNING L2: REFERENCE MADE TO UNRESOLVED EXTERNAL
    SYMBOL:  ?_OLED_SHOWCHAR?BYTE
    MODULE:  main.obj (MAIN)
    ADDRESS: 048BH

*** WARNING L2: REFERENCE MADE TO UNRESOLVED EXTERNAL
    SYMBOL:  _OLED_SHOWCHAR
    MODULE:  main.obj (MAIN)
    ADDRESS: 0495H

*** WARNING L2: REFERENCE MADE TO UNRESOLVED EXTERNAL
    SYMBOL:  ?_OLED_SHOWCHAR?BYTE
    MODULE:  main.obj (MAIN)
    ADDRESS: 04A3H

*** WARNING L2: REFERENCE MADE TO UNRESOLVED EXTERNAL
    SYMBOL:  _OLED_SHOWCHAR
    MODULE:  main.obj (MAIN)
    ADDRESS: 04ADH

*** WARNING L2: REFERENCE MADE TO UNRESOLVED EXTERNAL
    SYMBOL:  OLED_UPDATE
    MODULE:  main.obj (MAIN)
    ADDRESS: 04CEH

*** WARNING L2: REFERENCE MADE TO UNRESOLVED EXTERNAL
    SYMBOL:  OLED_CLEAR
    MODULE:  main.obj (MAIN)
    ADDRESS: 04D1H

*** WARNING L2: REFERENCE MADE TO UNRESOLVED EXTERNAL
    SYMBOL:  ?_OLED_SHOWSTRING?BYTE
    MODULE:  main.obj (MAIN)
    ADDRESS: 0996H

*** WARNING L2: REFERENCE MADE TO UNRESOLVED EXTERNAL
    SYMBOL:  _OLED_SHOWSTRING
    MODULE:  main.obj (MAIN)
    ADDRESS: 09A0H

BL51 BANKED LINKER/LOCATER V6.22.2.0                                                  09/09/2026  12:50:27  PAGE 19


*** WARNING L2: REFERENCE MADE TO UNRESOLVED EXTERNAL
    SYMBOL:  ?_OLED_SHOWSTRING?BYTE
    MODULE:  main.obj (MAIN)
    ADDRESS: 09AFH

*** WARNING L2: REFERENCE MADE TO UNRESOLVED EXTERNAL
    SYMBOL:  _OLED_SHOWSTRING
    MODULE:  main.obj (MAIN)
    ADDRESS: 09B8H

*** WARNING L2: REFERENCE MADE TO UNRESOLVED EXTERNAL
    SYMBOL:  ?_OLED_SHOWSTRING?BYTE
    MODULE:  main.obj (MAIN)
    ADDRESS: 0CA6H

*** WARNING L2: REFERENCE MADE TO UNRESOLVED EXTERNAL
    SYMBOL:  ?_OLED_SHOWSTRING?BYTE
    MODULE:  main.obj (MAIN)
    ADDRESS: 0CB2H

*** WARNING L2: REFERENCE MADE TO UNRESOLVED EXTERNAL
    SYMBOL:  _OLED_SHOWSTRING
    MODULE:  main.obj (MAIN)
    ADDRESS: 0CBCH

*** WARNING L2: REFERENCE MADE TO UNRESOLVED EXTERNAL
    SYMBOL:  ?_OLED_SHOWSTRING?BYTE
    MODULE:  main.obj (MAIN)
    ADDRESS: 0CCEH

*** WARNING L2: REFERENCE MADE TO UNRESOLVED EXTERNAL
    SYMBOL:  ?_OLED_SHOWSTRING?BYTE
    MODULE:  main.obj (MAIN)
    ADDRESS: 0CDAH

*** WARNING L2: REFERENCE MADE TO UNRESOLVED EXTERNAL
    SYMBOL:  _OLED_SHOWSTRING
    MODULE:  main.obj (MAIN)
    ADDRESS: 0CE4H

*** WARNING L2: REFERENCE MADE TO UNRESOLVED EXTERNAL
    SYMBOL:  ?_OLED_SHOWSTRING?BYTE
    MODULE:  main.obj (MAIN)
    ADDRESS: 0B11H

*** WARNING L2: REFERENCE MADE TO UNRESOLVED EXTERNAL
    SYMBOL:  _OLED_SHOWSTRING
    MODULE:  main.obj (MAIN)
    ADDRESS: 0B1BH

*** WARNING L2: REFERENCE MADE TO UNRESOLVED EXTERNAL
    SYMBOL:  ?_OLED_SHOWNUM?BYTE
    MODULE:  main.obj (MAIN)
    ADDRESS: 0B28H

*** WARNING L2: REFERENCE MADE TO UNRESOLVED EXTERNAL
    SYMBOL:  ?_OLED_SHOWNUM?BYTE
BL51 BANKED LINKER/LOCATER V6.22.2.0                                                  09/09/2026  12:50:27  PAGE 20


    MODULE:  main.obj (MAIN)
    ADDRESS: 0B2AH

*** WARNING L2: REFERENCE MADE TO UNRESOLVED EXTERNAL
    SYMBOL:  ?_OLED_SHOWNUM?BYTE
    MODULE:  main.obj (MAIN)
    ADDRESS: 0B2CH

*** WARNING L2: REFERENCE MADE TO UNRESOLVED EXTERNAL
    SYMBOL:  ?_OLED_SHOWNUM?BYTE
    MODULE:  main.obj (MAIN)
    ADDRESS: 0B2EH

*** WARNING L2: REFERENCE MADE TO UNRESOLVED EXTERNAL
    SYMBOL:  ?_OLED_SHOWNUM?BYTE
    MODULE:  main.obj (MAIN)
    ADDRESS: 0B30H

*** WARNING L2: REFERENCE MADE TO UNRESOLVED EXTERNAL
    SYMBOL:  ?_OLED_SHOWNUM?BYTE
    MODULE:  main.obj (MAIN)
    ADDRESS: 0B33H

*** WARNING L2: REFERENCE MADE TO UNRESOLVED EXTERNAL
    SYMBOL:  _OLED_SHOWNUM
    MODULE:  main.obj (MAIN)
    ADDRESS: 0B3CH

*** WARNING L2: REFERENCE MADE TO UNRESOLVED EXTERNAL
    SYMBOL:  ?_OLED_SHOWSTRING?BYTE
    MODULE:  main.obj (MAIN)
    ADDRESS: 0C44H

*** WARNING L2: REFERENCE MADE TO UNRESOLVED EXTERNAL
    SYMBOL:  _OLED_SHOWSTRING
    MODULE:  main.obj (MAIN)
    ADDRESS: 0C4EH

*** WARNING L2: REFERENCE MADE TO UNRESOLVED EXTERNAL
    SYMBOL:  ?_OLED_SHOWNUM?BYTE
    MODULE:  main.obj (MAIN)
    ADDRESS: 0C57H

*** WARNING L2: REFERENCE MADE TO UNRESOLVED EXTERNAL
    SYMBOL:  ?_OLED_SHOWNUM?BYTE
    MODULE:  main.obj (MAIN)
    ADDRESS: 0C59H

*** WARNING L2: REFERENCE MADE TO UNRESOLVED EXTERNAL
    SYMBOL:  ?_OLED_SHOWNUM?BYTE
    MODULE:  main.obj (MAIN)
    ADDRESS: 0C5BH

*** WARNING L2: REFERENCE MADE TO UNRESOLVED EXTERNAL
    SYMBOL:  ?_OLED_SHOWNUM?BYTE
    MODULE:  main.obj (MAIN)
    ADDRESS: 0C5DH
BL51 BANKED LINKER/LOCATER V6.22.2.0                                                  09/09/2026  12:50:27  PAGE 21



*** WARNING L2: REFERENCE MADE TO UNRESOLVED EXTERNAL
    SYMBOL:  ?_OLED_SHOWNUM?BYTE
    MODULE:  main.obj (MAIN)
    ADDRESS: 0C5FH

*** WARNING L2: REFERENCE MADE TO UNRESOLVED EXTERNAL
    SYMBOL:  ?_OLED_SHOWNUM?BYTE
    MODULE:  main.obj (MAIN)
    ADDRESS: 0C62H

*** WARNING L2: REFERENCE MADE TO UNRESOLVED EXTERNAL
    SYMBOL:  _OLED_SHOWNUM
    MODULE:  main.obj (MAIN)
    ADDRESS: 0C6BH

*** WARNING L2: REFERENCE MADE TO UNRESOLVED EXTERNAL
    SYMBOL:  ?_OLED_SHOWSTRING?BYTE
    MODULE:  main.obj (MAIN)
    ADDRESS: 0D14H

*** WARNING L2: REFERENCE MADE TO UNRESOLVED EXTERNAL
    SYMBOL:  _OLED_SHOWSTRING
    MODULE:  main.obj (MAIN)
    ADDRESS: 0D1EH

*** WARNING L2: REFERENCE MADE TO UNRESOLVED EXTERNAL
    SYMBOL:  ?_OLED_SHOWSTRING?BYTE
    MODULE:  main.obj (MAIN)
    ADDRESS: 0D27H

*** WARNING L2: REFERENCE MADE TO UNRESOLVED EXTERNAL
    SYMBOL:  _OLED_SHOWSTRING
    MODULE:  main.obj (MAIN)
    ADDRESS: 0D31H

*** WARNING L2: REFERENCE MADE TO UNRESOLVED EXTERNAL
    SYMBOL:  ?_OLED_SHOWSTRING?BYTE
    MODULE:  main.obj (MAIN)
    ADDRESS: 0D3AH

*** WARNING L2: REFERENCE MADE TO UNRESOLVED EXTERNAL
    SYMBOL:  _OLED_SHOWSTRING
    MODULE:  main.obj (MAIN)
    ADDRESS: 0D44H

*** WARNING L2: REFERENCE MADE TO UNRESOLVED EXTERNAL
    SYMBOL:  ?_OLED_SHOWSTRING?BYTE
    MODULE:  main.obj (MAIN)
    ADDRESS: 0D4DH

*** WARNING L2: REFERENCE MADE TO UNRESOLVED EXTERNAL
    SYMBOL:  _OLED_SHOWSTRING
    MODULE:  main.obj (MAIN)
    ADDRESS: 0D57H

*** WARNING L2: REFERENCE MADE TO UNRESOLVED EXTERNAL
BL51 BANKED LINKER/LOCATER V6.22.2.0                                                  09/09/2026  12:50:27  PAGE 22


    SYMBOL:  ?_OLED_SHOWSTRING?BYTE
    MODULE:  main.obj (MAIN)
    ADDRESS: 06D3H

*** WARNING L2: REFERENCE MADE TO UNRESOLVED EXTERNAL
    SYMBOL:  _OLED_SHOWSTRING
    MODULE:  main.obj (MAIN)
    ADDRESS: 06DBH

*** WARNING L2: REFERENCE MADE TO UNRESOLVED EXTERNAL
    SYMBOL:  ?_OLED_SHOWSTRING?BYTE
    MODULE:  main.obj (MAIN)
    ADDRESS: 06ECH

*** WARNING L2: REFERENCE MADE TO UNRESOLVED EXTERNAL
    SYMBOL:  _OLED_SHOWSTRING
    MODULE:  main.obj (MAIN)
    ADDRESS: 06F4H

*** WARNING L2: REFERENCE MADE TO UNRESOLVED EXTERNAL
    SYMBOL:  ?_OLED_SHOWSTRING?BYTE
    MODULE:  main.obj (MAIN)
    ADDRESS: 0705H

*** WARNING L2: REFERENCE MADE TO UNRESOLVED EXTERNAL
    SYMBOL:  _OLED_SHOWSTRING
    MODULE:  main.obj (MAIN)
    ADDRESS: 070DH

*** WARNING L2: REFERENCE MADE TO UNRESOLVED EXTERNAL
    SYMBOL:  ?_OLED_SHOWSTRING?BYTE
    MODULE:  main.obj (MAIN)
    ADDRESS: 071EH

*** WARNING L2: REFERENCE MADE TO UNRESOLVED EXTERNAL
    SYMBOL:  _OLED_SHOWSTRING
    MODULE:  main.obj (MAIN)
    ADDRESS: 0726H

*** WARNING L2: REFERENCE MADE TO UNRESOLVED EXTERNAL
    SYMBOL:  ?_OLED_SHOWSTRING?BYTE
    MODULE:  main.obj (MAIN)
    ADDRESS: 072FH

*** WARNING L2: REFERENCE MADE TO UNRESOLVED EXTERNAL
    SYMBOL:  ?_OLED_SHOWSTRING?BYTE
    MODULE:  main.obj (MAIN)
    ADDRESS: 0741H

*** WARNING L2: REFERENCE MADE TO UNRESOLVED EXTERNAL
    SYMBOL:  _OLED_SHOWSTRING
    MODULE:  main.obj (MAIN)
    ADDRESS: 0749H

*** WARNING L2: REFERENCE MADE TO UNRESOLVED EXTERNAL
    SYMBOL:  ?_OLED_SHOWSTRING?BYTE
    MODULE:  main.obj (MAIN)
BL51 BANKED LINKER/LOCATER V6.22.2.0                                                  09/09/2026  12:50:27  PAGE 23


    ADDRESS: 0752H

*** WARNING L2: REFERENCE MADE TO UNRESOLVED EXTERNAL
    SYMBOL:  _OLED_SHOWSTRING
    MODULE:  main.obj (MAIN)
    ADDRESS: 075CH

*** WARNING L2: REFERENCE MADE TO UNRESOLVED EXTERNAL
    SYMBOL:  ?_OLED_SHOWSTRING?BYTE
    MODULE:  main.obj (MAIN)
    ADDRESS: 076EH

*** WARNING L2: REFERENCE MADE TO UNRESOLVED EXTERNAL
    SYMBOL:  _OLED_SHOWSTRING
    MODULE:  main.obj (MAIN)
    ADDRESS: 0779H

*** WARNING L2: REFERENCE MADE TO UNRESOLVED EXTERNAL
    SYMBOL:  ?_OLED_SHOWCHAR?BYTE
    MODULE:  main.obj (MAIN)
    ADDRESS: 08A3H

*** WARNING L2: REFERENCE MADE TO UNRESOLVED EXTERNAL
    SYMBOL:  _OLED_SHOWCHAR
    MODULE:  main.obj (MAIN)
    ADDRESS: 08AEH

*** WARNING L2: REFERENCE MADE TO UNRESOLVED EXTERNAL
    SYMBOL:  ?_OLED_SHOWCHAR?BYTE
    MODULE:  main.obj (MAIN)
    ADDRESS: 062BH

*** WARNING L2: REFERENCE MADE TO UNRESOLVED EXTERNAL
    SYMBOL:  _OLED_SHOWCHAR
    MODULE:  main.obj (MAIN)
    ADDRESS: 0636H

*** WARNING L2: REFERENCE MADE TO UNRESOLVED EXTERNAL
    SYMBOL:  ?_OLED_SHOWNUM?BYTE
    MODULE:  main.obj (MAIN)
    ADDRESS: 0681H

*** WARNING L2: REFERENCE MADE TO UNRESOLVED EXTERNAL
    SYMBOL:  ?_OLED_SHOWNUM?BYTE
    MODULE:  main.obj (MAIN)
    ADDRESS: 0683H

*** WARNING L2: REFERENCE MADE TO UNRESOLVED EXTERNAL
    SYMBOL:  ?_OLED_SHOWNUM?BYTE
    MODULE:  main.obj (MAIN)
    ADDRESS: 0685H

*** WARNING L2: REFERENCE MADE TO UNRESOLVED EXTERNAL
    SYMBOL:  ?_OLED_SHOWNUM?BYTE
    MODULE:  main.obj (MAIN)
    ADDRESS: 0687H

BL51 BANKED LINKER/LOCATER V6.22.2.0                                                  09/09/2026  12:50:27  PAGE 24


*** WARNING L2: REFERENCE MADE TO UNRESOLVED EXTERNAL
    SYMBOL:  ?_OLED_SHOWNUM?BYTE
    MODULE:  main.obj (MAIN)
    ADDRESS: 0689H

*** WARNING L2: REFERENCE MADE TO UNRESOLVED EXTERNAL
    SYMBOL:  ?_OLED_SHOWNUM?BYTE
    MODULE:  main.obj (MAIN)
    ADDRESS: 068CH

*** WARNING L2: REFERENCE MADE TO UNRESOLVED EXTERNAL
    SYMBOL:  _OLED_SHOWNUM
    MODULE:  main.obj (MAIN)
    ADDRESS: 0694H

*** WARNING L2: REFERENCE MADE TO UNRESOLVED EXTERNAL
    SYMBOL:  ?_OLED_SHOWSTRING?BYTE
    MODULE:  main.obj (MAIN)
    ADDRESS: 069FH

*** WARNING L2: REFERENCE MADE TO UNRESOLVED EXTERNAL
    SYMBOL:  _OLED_SHOWSTRING
    MODULE:  main.obj (MAIN)
    ADDRESS: 06A8H

*** WARNING L2: REFERENCE MADE TO UNRESOLVED EXTERNAL
    SYMBOL:  ?_OLED_SHOWCHAR?BYTE
    MODULE:  main.obj (MAIN)
    ADDRESS: 06ABH

*** WARNING L2: REFERENCE MADE TO UNRESOLVED EXTERNAL
    SYMBOL:  _OLED_SHOWCHAR
    MODULE:  main.obj (MAIN)
    ADDRESS: 06B6H

Program Size: data=40.3 xdata=0 code=3408
LINK/LOCATE RUN COMPLETE.  92 WARNING(S),  0 ERROR(S)
