Component: ARM Compiler 5.06 update 7 (build 960) Tool: armlink [4d3601]

==============================================================================

Section Cross References

    gd32f10x_it.o(i.SysTick_Handler) refers to systick.o(i.delay_decrement) for delay_decrement
    gd32f10x_it.o(i.SysTick_Handler) refers to gd32f10x_it.o(.data) for systemtick
    main.o(i.fputc) refers to gd32f10x_usart.o(i.usart_data_transmit) for usart_data_transmit
    main.o(i.fputc) refers to gd32f10x_usart.o(i.usart_flag_get) for usart_flag_get
    main.o(i.main) refers to systick.o(i.systick_config) for systick_config
    main.o(i.main) refers to main.o(i.usart_config) for usart_config
    main.o(i.main) refers to ir_send.o(i.IR_Send_Init) for IR_Send_Init
    main.o(i.main) refers to oled.o(i.OLED_Init) for OLED_Init
    main.o(i.main) refers to keyboard.o(i.Keyboard_Init) for Keyboard_Init
    main.o(i.main) refers to printfa.o(i.__0printf) for __2printf
    main.o(i.main) refers to gd32f10x_rcu.o(i.rcu_clock_freq_get) for rcu_clock_freq_get
    main.o(i.main) refers to oled.o(i.OLED_ShowString) for OLED_ShowString
    main.o(i.main) refers to oled.o(i.OLED_Update) for OLED_Update
    main.o(i.main) refers to oled.o(i.OLED_Clear) for OLED_Clear
    main.o(i.main) refers to gui.o(i.GUI_Process) for GUI_Process
    main.o(i.main) refers to systick.o(i.delay_1ms) for delay_1ms
    main.o(i.main) refers to gui.o(.data) for now_gui
    main.o(i.usart_config) refers to gd32f10x_rcu.o(i.rcu_periph_clock_enable) for rcu_periph_clock_enable
    main.o(i.usart_config) refers to gd32f10x_gpio.o(i.gpio_init) for gpio_init
    main.o(i.usart_config) refers to gd32f10x_usart.o(i.usart_deinit) for usart_deinit
    main.o(i.usart_config) refers to gd32f10x_usart.o(i.usart_baudrate_set) for usart_baudrate_set
    main.o(i.usart_config) refers to gd32f10x_usart.o(i.usart_word_length_set) for usart_word_length_set
    main.o(i.usart_config) refers to gd32f10x_usart.o(i.usart_stop_bit_set) for usart_stop_bit_set
    main.o(i.usart_config) refers to gd32f10x_usart.o(i.usart_parity_config) for usart_parity_config
    main.o(i.usart_config) refers to gd32f10x_usart.o(i.usart_hardware_flow_rts_config) for usart_hardware_flow_rts_config
    main.o(i.usart_config) refers to gd32f10x_usart.o(i.usart_hardware_flow_cts_config) for usart_hardware_flow_cts_config
    main.o(i.usart_config) refers to gd32f10x_usart.o(i.usart_receive_config) for usart_receive_config
    main.o(i.usart_config) refers to gd32f10x_usart.o(i.usart_transmit_config) for usart_transmit_config
    main.o(i.usart_config) refers to gd32f10x_usart.o(i.usart_enable) for usart_enable
    systick.o(i.delay_1ms) refers to systick.o(.data) for delay
    systick.o(i.delay_decrement) refers to systick.o(.data) for delay
    systick.o(i.systick_config) refers to systick.o(i.NVIC_SetPriority) for NVIC_SetPriority
    systick.o(i.systick_config) refers to system_gd32f10x.o(.data) for SystemCoreClock
    system_gd32f10x.o(i.SystemInit) refers to system_gd32f10x.o(i._soft_delay_) for _soft_delay_
    system_gd32f10x.o(i.SystemInit) refers to system_gd32f10x.o(i.system_clock_config) for system_clock_config
    system_gd32f10x.o(i.SystemInit) refers to gd32f10x_misc.o(i.nvic_vector_table_set) for nvic_vector_table_set
    system_gd32f10x.o(i.system_clock_config) refers to system_gd32f10x.o(i.system_clock_72m_hxtal) for system_clock_72m_hxtal
    gd32f10x_adc.o(i.adc_deinit) refers to gd32f10x_rcu.o(i.rcu_periph_reset_enable) for rcu_periph_reset_enable
    gd32f10x_adc.o(i.adc_deinit) refers to gd32f10x_rcu.o(i.rcu_periph_reset_disable) for rcu_periph_reset_disable
    gd32f10x_bkp.o(i.bkp_deinit) refers to gd32f10x_rcu.o(i.rcu_bkp_reset_enable) for rcu_bkp_reset_enable
    gd32f10x_bkp.o(i.bkp_deinit) refers to gd32f10x_rcu.o(i.rcu_bkp_reset_disable) for rcu_bkp_reset_disable
    gd32f10x_can.o(i.can_debug_freeze_disable) refers to gd32f10x_dbg.o(i.dbg_periph_enable) for dbg_periph_enable
    gd32f10x_can.o(i.can_debug_freeze_enable) refers to gd32f10x_dbg.o(i.dbg_periph_enable) for dbg_periph_enable
    gd32f10x_can.o(i.can_deinit) refers to gd32f10x_rcu.o(i.rcu_periph_reset_enable) for rcu_periph_reset_enable
    gd32f10x_can.o(i.can_deinit) refers to gd32f10x_rcu.o(i.rcu_periph_reset_disable) for rcu_periph_reset_disable
    gd32f10x_can.o(i.can_interrupt_flag_get) refers to gd32f10x_can.o(i.can_receive_message_length_get) for can_receive_message_length_get
    gd32f10x_can.o(i.can_interrupt_flag_get) refers to gd32f10x_can.o(i.can_error_get) for can_error_get
    gd32f10x_dac.o(i.dac_deinit) refers to gd32f10x_rcu.o(i.rcu_periph_reset_enable) for rcu_periph_reset_enable
    gd32f10x_dac.o(i.dac_deinit) refers to gd32f10x_rcu.o(i.rcu_periph_reset_disable) for rcu_periph_reset_disable
    gd32f10x_dma.o(i.dma_channel_disable) refers to gd32f10x_dma.o(i.dma_periph_and_channel_check) for dma_periph_and_channel_check
[...]
    Removing gd32f10x_enet.o(i.enet_txfifo_flush), (52 bytes).
    Removing gd32f10x_enet.o(i.enet_wum_feature_disable), (16 bytes).
    Removing gd32f10x_enet.o(i.enet_wum_feature_enable), (16 bytes).
    Removing gd32f10x_enet.o(i.enet_wum_filter_config), (28 bytes).
    Removing gd32f10x_enet.o(i.enet_wum_filter_register_pointer_reset), (20 bytes).
    Removing gd32f10x_enet.o(.bss), (15460 bytes).
    Removing gd32f10x_enet.o(.constdata), (108 bytes).
    Removing gd32f10x_enet.o(.data), (20 bytes).
    Removing gd32f10x_exmc.o(.rev16_text), (4 bytes).
    Removing gd32f10x_exmc.o(.revsh_text), (4 bytes).
    Removing gd32f10x_exmc.o(i.exmc_ecc_get), (12 bytes).
    Removing gd32f10x_exmc.o(i.exmc_flag_clear), (20 bytes).
    Removing gd32f10x_exmc.o(i.exmc_flag_get), (28 bytes).
    Removing gd32f10x_exmc.o(i.exmc_interrupt_disable), (20 bytes).
    Removing gd32f10x_exmc.o(i.exmc_interrupt_enable), (20 bytes).
    Removing gd32f10x_exmc.o(i.exmc_interrupt_flag_clear), (22 bytes).
    Removing gd32f10x_exmc.o(i.exmc_interrupt_flag_get), (38 bytes).
    Removing gd32f10x_exmc.o(i.exmc_nand_deinit), (42 bytes).
    Removing gd32f10x_exmc.o(i.exmc_nand_disable), (22 bytes).
    Removing gd32f10x_exmc.o(i.exmc_nand_ecc_config), (48 bytes).
    Removing gd32f10x_exmc.o(i.exmc_nand_enable), (22 bytes).
    Removing gd32f10x_exmc.o(i.exmc_nand_init), (174 bytes).
    Removing gd32f10x_exmc.o(i.exmc_nand_struct_para_init), (54 bytes).
    Removing gd32f10x_exmc.o(i.exmc_norsram_deinit), (52 bytes).
    Removing gd32f10x_exmc.o(i.exmc_norsram_disable), (22 bytes).
    Removing gd32f10x_exmc.o(i.exmc_norsram_enable), (22 bytes).
    Removing gd32f10x_exmc.o(i.exmc_norsram_init), (268 bytes).
    Removing gd32f10x_exmc.o(i.exmc_norsram_struct_para_init), (106 bytes).
    Removing gd32f10x_exmc.o(i.exmc_pccard_deinit), (40 bytes).
    Removing gd32f10x_exmc.o(i.exmc_pccard_disable), (24 bytes).
    Removing gd32f10x_exmc.o(i.exmc_pccard_enable), (24 bytes).
    Removing gd32f10x_exmc.o(i.exmc_pccard_init), (192 bytes).
    Removing gd32f10x_exmc.o(i.exmc_pccard_struct_para_init), (60 bytes).
    Removing gd32f10x_exti.o(.rev16_text), (4 bytes).
    Removing gd32f10x_exti.o(.revsh_text), (4 bytes).
    Removing gd32f10x_exti.o(i.exti_deinit), (28 bytes).
    Removing gd32f10x_exti.o(i.exti_event_disable), (16 bytes).
    Removing gd32f10x_exti.o(i.exti_event_enable), (16 bytes).
    Removing gd32f10x_exti.o(i.exti_flag_clear), (12 bytes).
    Removing gd32f10x_exti.o(i.exti_flag_get), (24 bytes).
    Removing gd32f10x_exti.o(i.exti_init), (188 bytes).
    Removing gd32f10x_exti.o(i.exti_interrupt_disable), (16 bytes).
    Removing gd32f10x_exti.o(i.exti_interrupt_enable), (16 bytes).
    Removing gd32f10x_exti.o(i.exti_interrupt_flag_clear), (12 bytes).
    Removing gd32f10x_exti.o(i.exti_interrupt_flag_get), (24 bytes).
    Removing gd32f10x_exti.o(i.exti_software_interrupt_disable), (16 bytes).
    Removing gd32f10x_exti.o(i.exti_software_interrupt_enable), (16 bytes).
    Removing gd32f10x_fmc.o(.rev16_text), (4 bytes).
    Removing gd32f10x_fmc.o(.revsh_text), (4 bytes).
    Removing gd32f10x_fmc.o(i.fmc_bank0_erase), (68 bytes).
    Removing gd32f10x_fmc.o(i.fmc_bank0_lock), (20 bytes).
    Removing gd32f10x_fmc.o(i.fmc_bank0_ready_wait), (34 bytes).
    Removing gd32f10x_fmc.o(i.fmc_bank0_state_get), (48 bytes).
    Removing gd32f10x_fmc.o(i.fmc_bank0_unlock), (36 bytes).
    Removing gd32f10x_fmc.o(i.fmc_bank1_erase), (68 bytes).
    Removing gd32f10x_fmc.o(i.fmc_bank1_lock), (20 bytes).
    Removing gd32f10x_fmc.o(i.fmc_bank1_ready_wait), (34 bytes).
    Removing gd32f10x_fmc.o(i.fmc_bank1_state_get), (48 bytes).
    Removing gd32f10x_fmc.o(i.fmc_bank1_unlock), (36 bytes).
    Removing gd32f10x_fmc.o(i.fmc_flag_clear), (32 bytes).
    Removing gd32f10x_fmc.o(i.fmc_flag_get), (36 bytes).
    Removing gd32f10x_fmc.o(i.fmc_halfword_program), (192 bytes).
    Removing gd32f10x_fmc.o(i.fmc_interrupt_disable), (32 bytes).
    Removing gd32f10x_fmc.o(i.fmc_interrupt_enable), (32 bytes).
    Removing gd32f10x_fmc.o(i.fmc_interrupt_flag_clear), (32 bytes).
    Removing gd32f10x_fmc.o(i.fmc_interrupt_flag_get), (108 bytes).
    Removing gd32f10x_fmc.o(i.fmc_lock), (44 bytes).
    Removing gd32f10x_fmc.o(i.fmc_mass_erase), (196 bytes).
    Removing gd32f10x_fmc.o(i.fmc_page_erase), (248 bytes).
    Removing gd32f10x_fmc.o(i.fmc_unlock), (68 bytes).
    Removing gd32f10x_fmc.o(i.fmc_word_program), (192 bytes).
    Removing gd32f10x_fmc.o(i.fmc_wscnt_set), (24 bytes).
    Removing gd32f10x_fmc.o(i.ob_data_get), (16 bytes).
    Removing gd32f10x_fmc.o(i.ob_data_program), (68 bytes).
    Removing gd32f10x_fmc.o(i.ob_erase), (140 bytes).
    Removing gd32f10x_fmc.o(i.ob_lock), (20 bytes).
    Removing gd32f10x_fmc.o(i.ob_security_protection_config), (132 bytes).
    Removing gd32f10x_fmc.o(i.ob_spc_get), (24 bytes).
    Removing gd32f10x_fmc.o(i.ob_unlock), (48 bytes).
    Removing gd32f10x_fmc.o(i.ob_user_get), (16 bytes).
    Removing gd32f10x_fmc.o(i.ob_user_write), (96 bytes).
    Removing gd32f10x_fmc.o(i.ob_write_protection_enable), (168 bytes).
    Removing gd32f10x_fmc.o(i.ob_write_protection_get), (12 bytes).
    Removing gd32f10x_fwdgt.o(.rev16_text), (4 bytes).
    Removing gd32f10x_fwdgt.o(.revsh_text), (4 bytes).
    Removing gd32f10x_fwdgt.o(i.fwdgt_config), (104 bytes).
    Removing gd32f10x_fwdgt.o(i.fwdgt_counter_reload), (16 bytes).
    Removing gd32f10x_fwdgt.o(i.fwdgt_enable), (16 bytes).
    Removing gd32f10x_fwdgt.o(i.fwdgt_flag_get), (24 bytes).
    Removing gd32f10x_fwdgt.o(i.fwdgt_prescaler_value_config), (60 bytes).
    Removing gd32f10x_fwdgt.o(i.fwdgt_reload_value_config), (64 bytes).
    Removing gd32f10x_fwdgt.o(i.fwdgt_write_disable), (12 bytes).
    Removing gd32f10x_fwdgt.o(i.fwdgt_write_enable), (16 bytes).
    Removing gd32f10x_gpio.o(.rev16_text), (4 bytes).
    Removing gd32f10x_gpio.o(.revsh_text), (4 bytes).
    Removing gd32f10x_gpio.o(i.gpio_afio_deinit), (20 bytes).
    Removing gd32f10x_gpio.o(i.gpio_bit_reset), (4 bytes).
    Removing gd32f10x_gpio.o(i.gpio_bit_set), (4 bytes).
    Removing gd32f10x_gpio.o(i.gpio_deinit), (196 bytes).
    Removing gd32f10x_gpio.o(i.gpio_ethernet_phy_select), (28 bytes).
    Removing gd32f10x_gpio.o(i.gpio_event_output_config), (28 bytes).
    Removing gd32f10x_gpio.o(i.gpio_event_output_disable), (20 bytes).
    Removing gd32f10x_gpio.o(i.gpio_event_output_enable), (20 bytes).
    Removing gd32f10x_gpio.o(i.gpio_exti_source_select), (152 bytes).
    Removing gd32f10x_gpio.o(i.gpio_input_bit_get), (16 bytes).
    Removing gd32f10x_gpio.o(i.gpio_input_port_get), (8 bytes).
    Removing gd32f10x_gpio.o(i.gpio_output_bit_get), (16 bytes).
    Removing gd32f10x_gpio.o(i.gpio_output_port_get), (8 bytes).
    Removing gd32f10x_gpio.o(i.gpio_pin_lock), (18 bytes).
    Removing gd32f10x_gpio.o(i.gpio_pin_remap_config), (144 bytes).
    Removing gd32f10x_gpio.o(i.gpio_port_write), (4 bytes).
    Removing gd32f10x_i2c.o(.rev16_text), (4 bytes).
    Removing gd32f10x_i2c.o(.revsh_text), (4 bytes).
    Removing gd32f10x_i2c.o(i.i2c_ack_config), (16 bytes).
    Removing gd32f10x_i2c.o(i.i2c_ackpos_config), (16 bytes).
    Removing gd32f10x_i2c.o(i.i2c_clock_config), (228 bytes).
    Removing gd32f10x_i2c.o(i.i2c_data_receive), (8 bytes).
    Removing gd32f10x_i2c.o(i.i2c_data_transmit), (6 bytes).
    Removing gd32f10x_i2c.o(i.i2c_deinit), (64 bytes).
    Removing gd32f10x_i2c.o(i.i2c_disable), (10 bytes).
    Removing gd32f10x_i2c.o(i.i2c_dma_config), (16 bytes).
    Removing gd32f10x_i2c.o(i.i2c_dma_last_transfer_config), (16 bytes).
    Removing gd32f10x_i2c.o(i.i2c_dualaddr_disable), (10 bytes).
    Removing gd32f10x_i2c.o(i.i2c_dualaddr_enable), (12 bytes).
    Removing gd32f10x_i2c.o(i.i2c_enable), (10 bytes).
    Removing gd32f10x_i2c.o(i.i2c_flag_clear), (40 bytes).
    Removing gd32f10x_i2c.o(i.i2c_flag_get), (30 bytes).
    Removing gd32f10x_i2c.o(i.i2c_interrupt_disable), (26 bytes).
    Removing gd32f10x_i2c.o(i.i2c_interrupt_enable), (26 bytes).
    Removing gd32f10x_i2c.o(i.i2c_interrupt_flag_clear), (44 bytes).
    Removing gd32f10x_i2c.o(i.i2c_interrupt_flag_get), (92 bytes).
    Removing gd32f10x_i2c.o(i.i2c_master_addressing), (20 bytes).
    Removing gd32f10x_i2c.o(i.i2c_mode_addr_config), (28 bytes).
    Removing gd32f10x_i2c.o(i.i2c_pec_config), (16 bytes).
    Removing gd32f10x_i2c.o(i.i2c_pec_transfer_config), (16 bytes).
    Removing gd32f10x_i2c.o(i.i2c_pec_value_get), (10 bytes).
    Removing gd32f10x_i2c.o(i.i2c_slave_response_to_gcall_config), (16 bytes).
    Removing gd32f10x_i2c.o(i.i2c_smbus_alert_config), (16 bytes).
    Removing gd32f10x_i2c.o(i.i2c_smbus_arp_config), (16 bytes).
    Removing gd32f10x_i2c.o(i.i2c_smbus_type_config), (24 bytes).
    Removing gd32f10x_i2c.o(i.i2c_software_reset_config), (16 bytes).
    Removing gd32f10x_i2c.o(i.i2c_start_on_bus), (10 bytes).
    Removing gd32f10x_i2c.o(i.i2c_stop_on_bus), (10 bytes).
    Removing gd32f10x_i2c.o(i.i2c_stretch_scl_low_config), (16 bytes).
    Removing gd32f10x_misc.o(.rev16_text), (4 bytes).
    Removing gd32f10x_misc.o(.revsh_text), (4 bytes).
    Removing gd32f10x_misc.o(i.nvic_irq_disable), (24 bytes).
    Removing gd32f10x_misc.o(i.nvic_irq_enable), (172 bytes).
    Removing gd32f10x_misc.o(i.nvic_priority_group_set), (20 bytes).
    Removing gd32f10x_misc.o(i.system_lowpower_reset), (16 bytes).
    Removing gd32f10x_misc.o(i.system_lowpower_set), (16 bytes).
    Removing gd32f10x_misc.o(i.systick_clksource_set), (40 bytes).
    Removing gd32f10x_pmu.o(.rev16_text), (4 bytes).
    Removing gd32f10x_pmu.o(.revsh_text), (4 bytes).
    Removing gd32f10x_pmu.o(i.pmu_backup_write_disable), (20 bytes).
    Removing gd32f10x_pmu.o(i.pmu_backup_write_enable), (20 bytes).
    Removing gd32f10x_pmu.o(i.pmu_deinit), (20 bytes).
    Removing gd32f10x_pmu.o(i.pmu_flag_clear), (48 bytes).
    Removing gd32f10x_pmu.o(i.pmu_flag_get), (24 bytes).
    Removing gd32f10x_pmu.o(i.pmu_lvd_disable), (20 bytes).
    Removing gd32f10x_pmu.o(i.pmu_lvd_select), (48 bytes).
    Removing gd32f10x_pmu.o(i.pmu_to_deepsleepmode), (196 bytes).
    Removing gd32f10x_pmu.o(i.pmu_to_sleepmode), (28 bytes).
    Removing gd32f10x_pmu.o(i.pmu_to_standbymode), (100 bytes).
    Removing gd32f10x_pmu.o(i.pmu_wakeup_pin_disable), (20 bytes).
    Removing gd32f10x_pmu.o(i.pmu_wakeup_pin_enable), (20 bytes).
    Removing gd32f10x_pmu.o(.bss), (16 bytes).
    Removing gd32f10x_rcu.o(.rev16_text), (4 bytes).
    Removing gd32f10x_rcu.o(.revsh_text), (4 bytes).
    Removing gd32f10x_rcu.o(i.rcu_adc_clock_config), (72 bytes).
    Removing gd32f10x_rcu.o(i.rcu_ahb_clock_config), (24 bytes).
    Removing gd32f10x_rcu.o(i.rcu_all_reset_flag_clear), (20 bytes).
    Removing gd32f10x_rcu.o(i.rcu_apb1_clock_config), (24 bytes).
    Removing gd32f10x_rcu.o(i.rcu_apb2_clock_config), (24 bytes).
    Removing gd32f10x_rcu.o(i.rcu_bkp_reset_disable), (20 bytes).
    Removing gd32f10x_rcu.o(i.rcu_bkp_reset_enable), (20 bytes).
    Removing gd32f10x_rcu.o(i.rcu_ckout0_config), (24 bytes).
    Removing gd32f10x_rcu.o(i.rcu_deepsleep_voltage_set), (16 bytes).
    Removing gd32f10x_rcu.o(i.rcu_deinit), (108 bytes).
    Removing gd32f10x_rcu.o(i.rcu_flag_get), (36 bytes).
    Removing gd32f10x_rcu.o(i.rcu_hxtal_clock_monitor_disable), (20 bytes).
    Removing gd32f10x_rcu.o(i.rcu_hxtal_clock_monitor_enable), (20 bytes).
    Removing gd32f10x_rcu.o(i.rcu_i2s1_clock_config), (24 bytes).
    Removing gd32f10x_rcu.o(i.rcu_i2s2_clock_config), (24 bytes).
    Removing gd32f10x_rcu.o(i.rcu_interrupt_disable), (32 bytes).
    Removing gd32f10x_rcu.o(i.rcu_interrupt_enable), (32 bytes).
    Removing gd32f10x_rcu.o(i.rcu_interrupt_flag_clear), (32 bytes).
    Removing gd32f10x_rcu.o(i.rcu_interrupt_flag_get), (36 bytes).
    Removing gd32f10x_rcu.o(i.rcu_irc8m_adjust_value_set), (28 bytes).
    Removing gd32f10x_rcu.o(i.rcu_osci_bypass_mode_disable), (104 bytes).
    Removing gd32f10x_rcu.o(i.rcu_osci_bypass_mode_enable), (104 bytes).
    Removing gd32f10x_rcu.o(i.rcu_osci_off), (32 bytes).
    Removing gd32f10x_rcu.o(i.rcu_osci_on), (32 bytes).
    Removing gd32f10x_rcu.o(i.rcu_osci_stab_wait), (300 bytes).
    Removing gd32f10x_rcu.o(i.rcu_periph_clock_disable), (32 bytes).
    Removing gd32f10x_rcu.o(i.rcu_periph_clock_sleep_disable), (32 bytes).
    Removing gd32f10x_rcu.o(i.rcu_periph_clock_sleep_enable), (32 bytes).
    Removing gd32f10x_rcu.o(i.rcu_pll1_config), (28 bytes).
    Removing gd32f10x_rcu.o(i.rcu_pll2_config), (28 bytes).
    Removing gd32f10x_rcu.o(i.rcu_pll_config), (32 bytes).
    Removing gd32f10x_rcu.o(i.rcu_predv0_config), (32 bytes).
    Removing gd32f10x_rcu.o(i.rcu_predv1_config), (24 bytes).
    Removing gd32f10x_rcu.o(i.rcu_rtc_clock_config), (24 bytes).
    Removing gd32f10x_rcu.o(i.rcu_system_clock_source_config), (24 bytes).
    Removing gd32f10x_rcu.o(i.rcu_system_clock_source_get), (16 bytes).
    Removing gd32f10x_rcu.o(i.rcu_usb_clock_config), (24 bytes).
    Removing gd32f10x_rtc.o(.rev16_text), (4 bytes).
    Removing gd32f10x_rtc.o(.revsh_text), (4 bytes).
    Removing gd32f10x_rtc.o(i.rtc_alarm_config), (32 bytes).
    Removing gd32f10x_rtc.o(i.rtc_configuration_mode_enter), (20 bytes).
    Removing gd32f10x_rtc.o(i.rtc_configuration_mode_exit), (20 bytes).
    Removing gd32f10x_rtc.o(i.rtc_counter_get), (20 bytes).
    Removing gd32f10x_rtc.o(i.rtc_counter_set), (32 bytes).
    Removing gd32f10x_rtc.o(i.rtc_divider_get), (24 bytes).
    Removing gd32f10x_rtc.o(i.rtc_flag_clear), (16 bytes).
    Removing gd32f10x_rtc.o(i.rtc_flag_get), (24 bytes).
    Removing gd32f10x_rtc.o(i.rtc_interrupt_disable), (16 bytes).
    Removing gd32f10x_rtc.o(i.rtc_interrupt_enable), (16 bytes).
    Removing gd32f10x_rtc.o(i.rtc_interrupt_flag_clear), (16 bytes).
    Removing gd32f10x_rtc.o(i.rtc_interrupt_flag_get), (24 bytes).
    Removing gd32f10x_rtc.o(i.rtc_lwoff_wait), (20 bytes).
    Removing gd32f10x_rtc.o(i.rtc_prescaler_set), (32 bytes).
    Removing gd32f10x_rtc.o(i.rtc_register_sync_wait), (32 bytes).
    Removing gd32f10x_sdio.o(.rev16_text), (4 bytes).
    Removing gd32f10x_sdio.o(.revsh_text), (4 bytes).
    Removing gd32f10x_sdio.o(i.sdio_bus_mode_set), (28 bytes).
    Removing gd32f10x_sdio.o(i.sdio_ceata_command_completion_disable), (20 bytes).
    Removing gd32f10x_sdio.o(i.sdio_ceata_command_completion_enable), (20 bytes).
    Removing gd32f10x_sdio.o(i.sdio_ceata_command_disable), (20 bytes).
    Removing gd32f10x_sdio.o(i.sdio_ceata_command_enable), (20 bytes).
    Removing gd32f10x_sdio.o(i.sdio_ceata_interrupt_disable), (20 bytes).
    Removing gd32f10x_sdio.o(i.sdio_ceata_interrupt_enable), (20 bytes).
    Removing gd32f10x_sdio.o(i.sdio_clock_config), (36 bytes).
    Removing gd32f10x_sdio.o(i.sdio_clock_disable), (20 bytes).
    Removing gd32f10x_sdio.o(i.sdio_clock_enable), (20 bytes).
    Removing gd32f10x_sdio.o(i.sdio_command_index_get), (12 bytes).
    Removing gd32f10x_sdio.o(i.sdio_command_response_config), (44 bytes).
    Removing gd32f10x_sdio.o(i.sdio_csm_disable), (20 bytes).
    Removing gd32f10x_sdio.o(i.sdio_csm_enable), (20 bytes).
    Removing gd32f10x_sdio.o(i.sdio_data_config), (52 bytes).
    Removing gd32f10x_sdio.o(i.sdio_data_counter_get), (12 bytes).
    Removing gd32f10x_sdio.o(i.sdio_data_read), (12 bytes).
    Removing gd32f10x_sdio.o(i.sdio_data_transfer_config), (28 bytes).
    Removing gd32f10x_sdio.o(i.sdio_data_write), (12 bytes).
    Removing gd32f10x_sdio.o(i.sdio_deinit), (28 bytes).
    Removing gd32f10x_sdio.o(i.sdio_dma_disable), (20 bytes).
    Removing gd32f10x_sdio.o(i.sdio_dma_enable), (20 bytes).
    Removing gd32f10x_sdio.o(i.sdio_dsm_disable), (20 bytes).
    Removing gd32f10x_sdio.o(i.sdio_dsm_enable), (20 bytes).
    Removing gd32f10x_sdio.o(i.sdio_fifo_counter_get), (12 bytes).
    Removing gd32f10x_sdio.o(i.sdio_flag_clear), (12 bytes).
    Removing gd32f10x_sdio.o(i.sdio_flag_get), (20 bytes).
    Removing gd32f10x_sdio.o(i.sdio_hardware_clock_disable), (20 bytes).
    Removing gd32f10x_sdio.o(i.sdio_hardware_clock_enable), (20 bytes).
    Removing gd32f10x_sdio.o(i.sdio_interrupt_disable), (16 bytes).
    Removing gd32f10x_sdio.o(i.sdio_interrupt_enable), (16 bytes).
    Removing gd32f10x_sdio.o(i.sdio_interrupt_flag_clear), (12 bytes).
    Removing gd32f10x_sdio.o(i.sdio_interrupt_flag_get), (24 bytes).
    Removing gd32f10x_sdio.o(i.sdio_operation_disable), (20 bytes).
    Removing gd32f10x_sdio.o(i.sdio_operation_enable), (20 bytes).
    Removing gd32f10x_sdio.o(i.sdio_power_state_get), (12 bytes).
    Removing gd32f10x_sdio.o(i.sdio_power_state_set), (12 bytes).
    Removing gd32f10x_sdio.o(i.sdio_readwait_disable), (20 bytes).
    Removing gd32f10x_sdio.o(i.sdio_readwait_enable), (20 bytes).
    Removing gd32f10x_sdio.o(i.sdio_readwait_type_set), (40 bytes).
    Removing gd32f10x_sdio.o(i.sdio_response_get), (56 bytes).
    Removing gd32f10x_sdio.o(i.sdio_stop_readwait_disable), (20 bytes).
    Removing gd32f10x_sdio.o(i.sdio_stop_readwait_enable), (20 bytes).
    Removing gd32f10x_sdio.o(i.sdio_suspend_disable), (20 bytes).
    Removing gd32f10x_sdio.o(i.sdio_suspend_enable), (20 bytes).
    Removing gd32f10x_sdio.o(i.sdio_wait_type_set), (28 bytes).
    Removing gd32f10x_spi.o(.rev16_text), (4 bytes).
    Removing gd32f10x_spi.o(.revsh_text), (4 bytes).
    Removing gd32f10x_spi.o(i.i2s_disable), (10 bytes).
    Removing gd32f10x_spi.o(i.i2s_enable), (10 bytes).
    Removing gd32f10x_spi.o(i.i2s_init), (28 bytes).
    Removing gd32f10x_spi.o(i.i2s_psc_config), (248 bytes).
    Removing gd32f10x_spi.o(i.spi_bidirectional_transfer_config), (26 bytes).
    Removing gd32f10x_spi.o(i.spi_crc_error_clear), (8 bytes).
    Removing gd32f10x_spi.o(i.spi_crc_get), (16 bytes).
    Removing gd32f10x_spi.o(i.spi_crc_next), (10 bytes).
    Removing gd32f10x_spi.o(i.spi_crc_off), (10 bytes).
    Removing gd32f10x_spi.o(i.spi_crc_on), (10 bytes).
    Removing gd32f10x_spi.o(i.spi_crc_polynomial_get), (8 bytes).
    Removing gd32f10x_spi.o(i.spi_crc_polynomial_set), (12 bytes).
    Removing gd32f10x_spi.o(i.spi_disable), (10 bytes).
    Removing gd32f10x_spi.o(i.spi_dma_disable), (22 bytes).
    Removing gd32f10x_spi.o(i.spi_dma_enable), (22 bytes).
    Removing gd32f10x_spi.o(i.spi_enable), (10 bytes).
    Removing gd32f10x_spi.o(i.spi_i2s_data_frame_format_config), (16 bytes).
    Removing gd32f10x_spi.o(i.spi_i2s_data_receive), (8 bytes).
    Removing gd32f10x_spi.o(i.spi_i2s_data_transmit), (4 bytes).
    Removing gd32f10x_spi.o(i.spi_i2s_deinit), (88 bytes).
    Removing gd32f10x_spi.o(i.spi_i2s_flag_get), (16 bytes).
    Removing gd32f10x_spi.o(i.spi_i2s_interrupt_disable), (8 bytes).
    Removing gd32f10x_spi.o(i.spi_i2s_interrupt_enable), (8 bytes).
    Removing gd32f10x_spi.o(i.spi_i2s_interrupt_flag_get), (100 bytes).
    Removing gd32f10x_spi.o(i.spi_init), (50 bytes).
    Removing gd32f10x_spi.o(i.spi_nss_internal_high), (10 bytes).
    Removing gd32f10x_spi.o(i.spi_nss_internal_low), (10 bytes).
    Removing gd32f10x_spi.o(i.spi_nss_output_disable), (10 bytes).
    Removing gd32f10x_spi.o(i.spi_nss_output_enable), (10 bytes).
    Removing gd32f10x_spi.o(i.spi_struct_para_init), (18 bytes).
    Removing gd32f10x_timer.o(.rev16_text), (4 bytes).
    Removing gd32f10x_timer.o(.revsh_text), (4 bytes).
    Removing gd32f10x_timer.o(i.timer_auto_reload_shadow_disable), (10 bytes).
    Removing gd32f10x_timer.o(i.timer_auto_reload_shadow_enable), (10 bytes).
    Removing gd32f10x_timer.o(i.timer_automatic_output_disable), (10 bytes).
    Removing gd32f10x_timer.o(i.timer_automatic_output_enable), (10 bytes).
    Removing gd32f10x_timer.o(i.timer_autoreload_value_config), (4 bytes).
    Removing gd32f10x_timer.o(i.timer_break_config), (30 bytes).
    Removing gd32f10x_timer.o(i.timer_break_disable), (10 bytes).
    Removing gd32f10x_timer.o(i.timer_break_enable), (10 bytes).
    Removing gd32f10x_timer.o(i.timer_break_struct_para_init), (18 bytes).
    Removing gd32f10x_timer.o(i.timer_channel_capture_value_register_read), (42 bytes).
    Removing gd32f10x_timer.o(i.timer_channel_complementary_output_polarity_config), (70 bytes).
    Removing gd32f10x_timer.o(i.timer_channel_complementary_output_state_config), (70 bytes).
    Removing gd32f10x_timer.o(i.timer_channel_control_shadow_config), (24 bytes).
    Removing gd32f10x_timer.o(i.timer_channel_control_shadow_update_config), (26 bytes).
    Removing gd32f10x_timer.o(i.timer_channel_dma_request_source_select), (26 bytes).
    Removing gd32f10x_timer.o(i.timer_channel_input_capture_prescaler_config), (90 bytes).
    Removing gd32f10x_timer.o(i.timer_channel_input_struct_para_init), (16 bytes).
    Removing gd32f10x_timer.o(i.timer_channel_output_clear_config), (90 bytes).
    Removing gd32f10x_timer.o(i.timer_channel_output_config), (492 bytes).
    Removing gd32f10x_timer.o(i.timer_channel_output_fast_config), (90 bytes).
    Removing gd32f10x_timer.o(i.timer_channel_output_mode_config), (90 bytes).
    Removing gd32f10x_timer.o(i.timer_channel_output_polarity_config), (92 bytes).
    Removing gd32f10x_timer.o(i.timer_channel_output_pulse_value_config), (38 bytes).
    Removing gd32f10x_timer.o(i.timer_channel_output_shadow_config), (90 bytes).
    Removing gd32f10x_timer.o(i.timer_channel_output_state_config), (92 bytes).
    Removing gd32f10x_timer.o(i.timer_channel_output_struct_para_init), (16 bytes).
    Removing gd32f10x_timer.o(i.timer_counter_alignment), (16 bytes).
    Removing gd32f10x_timer.o(i.timer_counter_down_direction), (10 bytes).
    Removing gd32f10x_timer.o(i.timer_counter_read), (8 bytes).
    Removing gd32f10x_timer.o(i.timer_counter_up_direction), (10 bytes).
    Removing gd32f10x_timer.o(i.timer_counter_value_config), (4 bytes).
    Removing gd32f10x_timer.o(i.timer_deinit), (220 bytes).
    Removing gd32f10x_timer.o(i.timer_disable), (10 bytes).
    Removing gd32f10x_timer.o(i.timer_dma_disable), (8 bytes).
    Removing gd32f10x_timer.o(i.timer_dma_enable), (8 bytes).
    Removing gd32f10x_timer.o(i.timer_dma_transfer_config), (24 bytes).
    Removing gd32f10x_timer.o(i.timer_enable), (10 bytes).
    Removing gd32f10x_timer.o(i.timer_event_software_generate), (8 bytes).
    Removing gd32f10x_timer.o(i.timer_external_clock_mode0_config), (40 bytes).
    Removing gd32f10x_timer.o(i.timer_external_clock_mode1_config), (32 bytes).
    Removing gd32f10x_timer.o(i.timer_external_clock_mode1_disable), (10 bytes).
    Removing gd32f10x_timer.o(i.timer_external_trigger_as_external_clock_config), (166 bytes).
    Removing gd32f10x_timer.o(i.timer_external_trigger_config), (30 bytes).
    Removing gd32f10x_timer.o(i.timer_flag_clear), (6 bytes).
    Removing gd32f10x_timer.o(i.timer_flag_get), (16 bytes).
    Removing gd32f10x_timer.o(i.timer_hall_mode_config), (26 bytes).
    Removing gd32f10x_timer.o(i.timer_init), (224 bytes).
    Removing gd32f10x_timer.o(i.timer_input_capture_config), (326 bytes).
    Removing gd32f10x_timer.o(i.timer_input_pwm_capture_config), (356 bytes).
    Removing gd32f10x_timer.o(i.timer_input_trigger_source_select), (16 bytes).
    Removing gd32f10x_timer.o(i.timer_internal_clock_config), (10 bytes).
    Removing gd32f10x_timer.o(i.timer_internal_trigger_as_external_clock_config), (32 bytes).
    Removing gd32f10x_timer.o(i.timer_interrupt_disable), (8 bytes).
    Removing gd32f10x_timer.o(i.timer_interrupt_enable), (8 bytes).
    Removing gd32f10x_timer.o(i.timer_interrupt_flag_clear), (6 bytes).
    Removing gd32f10x_timer.o(i.timer_interrupt_flag_get), (24 bytes).
    Removing gd32f10x_timer.o(i.timer_master_output_trigger_source_select), (16 bytes).
    Removing gd32f10x_timer.o(i.timer_master_slave_mode_config), (26 bytes).
    Removing gd32f10x_timer.o(i.timer_prescaler_config), (16 bytes).
    Removing gd32f10x_timer.o(i.timer_prescaler_read), (10 bytes).
    Removing gd32f10x_timer.o(i.timer_primary_output_config), (24 bytes).
    Removing gd32f10x_timer.o(i.timer_quadrature_decoder_mode_config), (64 bytes).
    Removing gd32f10x_timer.o(i.timer_repetition_value_config), (4 bytes).
    Removing gd32f10x_timer.o(i.timer_single_pulse_mode_config), (26 bytes).
    Removing gd32f10x_timer.o(i.timer_slave_mode_select), (16 bytes).
    Removing gd32f10x_timer.o(i.timer_struct_para_init), (22 bytes).
    Removing gd32f10x_timer.o(i.timer_update_event_disable), (10 bytes).
    Removing gd32f10x_timer.o(i.timer_update_event_enable), (10 bytes).
    Removing gd32f10x_timer.o(i.timer_update_source_config), (26 bytes).
    Removing gd32f10x_usart.o(.rev16_text), (4 bytes).
    Removing gd32f10x_usart.o(.revsh_text), (4 bytes).
    Removing gd32f10x_usart.o(i.usart_address_config), (20 bytes).
    Removing gd32f10x_usart.o(i.usart_data_receive), (10 bytes).
    Removing gd32f10x_usart.o(i.usart_disable), (10 bytes).
    Removing gd32f10x_usart.o(i.usart_dma_receive_config), (20 bytes).
    Removing gd32f10x_usart.o(i.usart_dma_transmit_config), (20 bytes).
    Removing gd32f10x_usart.o(i.usart_flag_clear), (18 bytes).
    Removing gd32f10x_usart.o(i.usart_guard_time_config), (24 bytes).
    Removing gd32f10x_usart.o(i.usart_halfduplex_disable), (10 bytes).
    Removing gd32f10x_usart.o(i.usart_halfduplex_enable), (10 bytes).
    Removing gd32f10x_usart.o(i.usart_interrupt_disable), (26 bytes).
    Removing gd32f10x_usart.o(i.usart_interrupt_enable), (26 bytes).
    Removing gd32f10x_usart.o(i.usart_interrupt_flag_clear), (18 bytes).
    Removing gd32f10x_usart.o(i.usart_interrupt_flag_get), (56 bytes).
    Removing gd32f10x_usart.o(i.usart_irda_lowpower_config), (20 bytes).
    Removing gd32f10x_usart.o(i.usart_irda_mode_disable), (10 bytes).
    Removing gd32f10x_usart.o(i.usart_irda_mode_enable), (10 bytes).
    Removing gd32f10x_usart.o(i.usart_lin_break_detection_length_config), (20 bytes).
    Removing gd32f10x_usart.o(i.usart_lin_mode_disable), (10 bytes).
    Removing gd32f10x_usart.o(i.usart_lin_mode_enable), (10 bytes).
    Removing gd32f10x_usart.o(i.usart_mute_mode_disable), (10 bytes).
    Removing gd32f10x_usart.o(i.usart_mute_mode_enable), (10 bytes).
    Removing gd32f10x_usart.o(i.usart_mute_mode_wakeup_config), (16 bytes).
    Removing gd32f10x_usart.o(i.usart_prescaler_config), (16 bytes).
    Removing gd32f10x_usart.o(i.usart_send_break), (10 bytes).
    Removing gd32f10x_usart.o(i.usart_smartcard_mode_disable), (10 bytes).
    Removing gd32f10x_usart.o(i.usart_smartcard_mode_enable), (10 bytes).
    Removing gd32f10x_usart.o(i.usart_smartcard_mode_nack_disable), (10 bytes).
    Removing gd32f10x_usart.o(i.usart_smartcard_mode_nack_enable), (10 bytes).
    Removing gd32f10x_usart.o(i.usart_synchronous_clock_config), (34 bytes).
    Removing gd32f10x_usart.o(i.usart_synchronous_clock_disable), (10 bytes).
    Removing gd32f10x_usart.o(i.usart_synchronous_clock_enable), (10 bytes).
    Removing gd32f10x_wwdgt.o(.rev16_text), (4 bytes).
    Removing gd32f10x_wwdgt.o(.revsh_text), (4 bytes).
    Removing gd32f10x_wwdgt.o(i.wwdgt_config), (28 bytes).
    Removing gd32f10x_wwdgt.o(i.wwdgt_counter_update), (16 bytes).
    Removing gd32f10x_wwdgt.o(i.wwdgt_deinit), (20 bytes).
    Removing gd32f10x_wwdgt.o(i.wwdgt_enable), (20 bytes).
    Removing gd32f10x_wwdgt.o(i.wwdgt_flag_clear), (12 bytes).
    Removing gd32f10x_wwdgt.o(i.wwdgt_flag_get), (24 bytes).
    Removing gd32f10x_wwdgt.o(i.wwdgt_interrupt_enable), (20 bytes).
    Removing startup_gd32f10x_cl.o(HEAP), (512 bytes).
    Removing gd32f10x_eval.o(.rev16_text), (4 bytes).
    Removing gd32f10x_eval.o(.revsh_text), (4 bytes).
    Removing gd32f10x_eval.o(i.gd_eval_com_init), (192 bytes).
    Removing gd32f10x_eval.o(i.gd_eval_key_init), (128 bytes).
    Removing gd32f10x_eval.o(i.gd_eval_key_state_get), (32 bytes).
    Removing gd32f10x_eval.o(i.gd_eval_led_init), (64 bytes).
    Removing gd32f10x_eval.o(i.gd_eval_led_off), (24 bytes).
    Removing gd32f10x_eval.o(i.gd_eval_led_on), (24 bytes).
    Removing gd32f10x_eval.o(i.gd_eval_led_toggle), (56 bytes).
    Removing gd32f10x_eval.o(.data), (125 bytes).
    Removing oled.o(.rev16_text), (4 bytes).
    Removing oled.o(.revsh_text), (4 bytes).
    Removing oled.o(i.OLED_DrawArc), (618 bytes).
    Removing oled.o(i.OLED_DrawCircle), (352 bytes).
    Removing oled.o(i.OLED_DrawEllipse), (812 bytes).
    Removing oled.o(i.OLED_DrawLine), (374 bytes).
    Removing oled.o(i.OLED_DrawPoint), (80 bytes).
    Removing oled.o(i.OLED_DrawRectangle), (142 bytes).
    Removing oled.o(i.OLED_DrawTriangle), (232 bytes).
    Removing oled.o(i.OLED_GetPoint), (68 bytes).
    Removing oled.o(i.OLED_IsInAngle), (124 bytes).
    Removing oled.o(i.OLED_Printf), (50 bytes).
    Removing oled.o(i.OLED_Reverse), (52 bytes).
    Removing oled.o(i.OLED_ReverseArea), (144 bytes).
    Removing oled.o(i.OLED_ShowBinNum), (70 bytes).
    Removing oled.o(i.OLED_ShowFloatNum), (210 bytes).
    Removing oled.o(i.OLED_ShowHexNum), (96 bytes).
    Removing oled.o(i.OLED_ShowSignedNum), (112 bytes).
    Removing oled.o(i.OLED_UpdateArea), (124 bytes).
    Removing oled.o(i.OLED_pnpoly), (140 bytes).
    Removing ir_send.o(.rev16_text), (4 bytes).
    Removing ir_send.o(.revsh_text), (4 bytes).
    Removing ir_send.o(i.IR_Send_BUS), (24 bytes).
    Removing ir_send.o(i.IR_Send_Test), (32 bytes).
    Removing keyboard.o(.rev16_text), (4 bytes).
    Removing keyboard.o(.revsh_text), (4 bytes).
    Removing keyboard.o(i.GetKeyboardCode), (96 bytes).
    Removing fadd.o(.text), (176 bytes).
    Removing fflti.o(.text), (18 bytes).
    Removing dflti.o(.text), (34 bytes).
    Removing dfltui.o(.text), (26 bytes).
    Removing dfixi.o(.text), (62 bytes).
    Removing dfixui.o(.text), (50 bytes).
    Removing cdcmple.o(.text), (48 bytes).
    Removing d2f.o(.text), (56 bytes).
    Removing cfcmple.o(.text), (20 bytes).
    Removing fepilogue.o(.text), (110 bytes).
    Removing drnd.o(.text), (136 bytes).
    Removing dscalb.o(.text), (46 bytes).

716 unused section(s) (total 49679 bytes) removed from the image.

==============================================================================

Image Symbol Table

    Local Symbols

    Symbol Name                              Value     Ov Type        Size  Object(Section)

    ../clib/microlib/division.c              0x00000000   Number         0  uldiv.o ABSOLUTE
    ../clib/microlib/division.c              0x00000000   Number         0  uidiv.o ABSOLUTE
    ../clib/microlib/errno.c                 0x00000000   Number         0  errno.o ABSOLUTE
    ../clib/microlib/init/entry.s            0x00000000   Number         0  entry9a.o ABSOLUTE
    ../clib/microlib/init/entry.s            0x00000000   Number         0  entry10a.o ABSOLUTE
    ../clib/microlib/init/entry.s            0x00000000   Number         0  entry10b.o ABSOLUTE
    ../clib/microlib/init/entry.s            0x00000000   Number         0  entry11a.o ABSOLUTE
    ../clib/microlib/init/entry.s            0x00000000   Number         0  entry12a.o ABSOLUTE
    ../clib/microlib/init/entry.s            0x00000000   Number         0  entry11b.o ABSOLUTE
    ../clib/microlib/init/entry.s            0x00000000   Number         0  entry2.o ABSOLUTE
    ../clib/microlib/init/entry.s            0x00000000   Number         0  entry12b.o ABSOLUTE
    ../clib/microlib/init/entry.s            0x00000000   Number         0  entry5.o ABSOLUTE
    ../clib/microlib/init/entry.s            0x00000000   Number         0  entry7a.o ABSOLUTE
    ../clib/microlib/init/entry.s            0x00000000   Number         0  entry9b.o ABSOLUTE
    ../clib/microlib/init/entry.s            0x00000000   Number         0  entry.o ABSOLUTE
    ../clib/microlib/init/entry.s            0x00000000   Number         0  entry7b.o ABSOLUTE
    ../clib/microlib/init/entry.s            0x00000000   Number         0  entry8a.o ABSOLUTE
    ../clib/microlib/init/entry.s            0x00000000   Number         0  entry8b.o ABSOLUTE
    ../clib/microlib/longlong.c              0x00000000   Number         0  llushr.o ABSOLUTE
    ../clib/microlib/longlong.c              0x00000000   Number         0  llshl.o ABSOLUTE
    ../clib/microlib/longlong.c              0x00000000   Number         0  llsshr.o ABSOLUTE
    ../clib/microlib/printf/printf.c         0x00000000   Number         0  printf2.o ABSOLUTE
    ../clib/microlib/printf/printf.c         0x00000000   Number         0  printf8.o ABSOLUTE
    ../clib/microlib/printf/printf.c         0x00000000   Number         0  printf1.o ABSOLUTE
    ../clib/microlib/printf/printf.c         0x00000000   Number         0  printf7.o ABSOLUTE
    ../clib/microlib/printf/printf.c         0x00000000   Number         0  printf6.o ABSOLUTE
    ../clib/microlib/printf/printf.c         0x00000000   Number         0  printf5.o ABSOLUTE
    ../clib/microlib/printf/printf.c         0x00000000   Number         0  printf0.o ABSOLUTE
    ../clib/microlib/printf/printf.c         0x00000000   Number         0  printfb.o ABSOLUTE
    ../clib/microlib/printf/printf.c         0x00000000   Number         0  printf4.o ABSOLUTE
    ../clib/microlib/printf/printf.c         0x00000000   Number         0  printf3.o ABSOLUTE
    ../clib/microlib/printf/printf.c         0x00000000   Number         0  printfa.o ABSOLUTE
    ../clib/microlib/stdio/streams.c         0x00000000   Number         0  stdout.o ABSOLUTE
    ../clib/microlib/string/strcmp.c         0x00000000   Number         0  strcmp.o ABSOLUTE
    ../clib/microlib/stubs.s                 0x00000000   Number         0  iusefp.o ABSOLUTE
    ../fplib/microlib/d2f.c                  0x00000000   Number         0  d2f.o ABSOLUTE
    ../fplib/microlib/fpadd.c                0x00000000   Number         0  dadd.o ABSOLUTE
    ../fplib/microlib/fpadd.c                0x00000000   Number         0  fadd.o ABSOLUTE
    ../fplib/microlib/fpdiv.c                0x00000000   Number         0  ddiv.o ABSOLUTE
    ../fplib/microlib/fpepilogue.c           0x00000000   Number         0  depilogue.o ABSOLUTE
    ../fplib/microlib/fpepilogue.c           0x00000000   Number         0  fepilogue.o ABSOLUTE
    ../fplib/microlib/fpfix.c                0x00000000   Number         0  dfixi.o ABSOLUTE
    ../fplib/microlib/fpfix.c                0x00000000   Number         0  dfixul.o ABSOLUTE
    ../fplib/microlib/fpfix.c                0x00000000   Number         0  dfixui.o ABSOLUTE
    ../fplib/microlib/fpflt.c                0x00000000   Number         0  dfltui.o ABSOLUTE
    ../fplib/microlib/fpflt.c                0x00000000   Number         0  dflti.o ABSOLUTE
    ../fplib/microlib/fpflt.c                0x00000000   Number         0  fflti.o ABSOLUTE
    ../fplib/microlib/fpmul.c                0x00000000   Number         0  dmul.o ABSOLUTE
    ../fplib/microlib/fprnd.c                0x00000000   Number         0  drnd.o ABSOLUTE
    ../fplib/microlib/fpscalb.c              0x00000000   Number         0  dscalb.o ABSOLUTE
    ../mathlib/atan.c                        0x00000000   Number         0  atan_x.o ABSOLUTE
    ../mathlib/atan.c                        0x00000000   Number         0  atan.o ABSOLUTE
    ../mathlib/atan2.c                       0x00000000   Number         0  atan2.o ABSOLUTE
    ../mathlib/atan2.c                       0x00000000   Number         0  atan2_x.o ABSOLUTE
    ../mathlib/dunder.c                      0x00000000   Number         0  dunder.o ABSOLUTE
    ../mathlib/fpclassify.c                  0x00000000   Number         0  fpclassify.o ABSOLUTE
    ../mathlib/poly.c                        0x00000000   Number         0  poly.o ABSOLUTE
    ../mathlib/qnan.c                        0x00000000   Number         0  qnan.o ABSOLUTE
    ../mathlib/round.c                       0x00000000   Number         0  round.o ABSOLUTE
    ..\..\Firmware\CMSIS\GD\GD32F10x\Source\ARM\startup_gd32f10x_cl.s 0x00000000   Number         0  startup_gd32f10x_cl.o ABSOLUTE
    ..\..\Firmware\CMSIS\GD\GD32F10x\Source\system_gd32f10x.c 0x00000000   Number         0  system_gd32f10x.o ABSOLUTE
    ..\..\Firmware\GD32F10x_standard_peripheral\Source\gd32f10x_adc.c 0x00000000   Number         0  gd32f10x_adc.o ABSOLUTE
    ..\..\Firmware\GD32F10x_standard_peripheral\Source\gd32f10x_bkp.c 0x00000000   Number         0  gd32f10x_bkp.o ABSOLUTE
    ..\..\Firmware\GD32F10x_standard_peripheral\Source\gd32f10x_can.c 0x00000000   Number         0  gd32f10x_can.o ABSOLUTE
    ..\..\Firmware\GD32F10x_standard_peripheral\Source\gd32f10x_crc.c 0x00000000   Number         0  gd32f10x_crc.o ABSOLUTE
    ..\..\Firmware\GD32F10x_standard_peripheral\Source\gd32f10x_dac.c 0x00000000   Number         0  gd32f10x_dac.o ABSOLUTE
    ..\..\Firmware\GD32F10x_standard_peripheral\Source\gd32f10x_dbg.c 0x00000000   Number         0  gd32f10x_dbg.o ABSOLUTE
    ..\..\Firmware\GD32F10x_standard_peripheral\Source\gd32f10x_dma.c 0x00000000   Number         0  gd32f10x_dma.o ABSOLUTE
    ..\..\Firmware\GD32F10x_standard_peripheral\Source\gd32f10x_enet.c 0x00000000   Number         0  gd32f10x_enet.o ABSOLUTE
    ..\..\Firmware\GD32F10x_standard_peripheral\Source\gd32f10x_exmc.c 0x00000000   Number         0  gd32f10x_exmc.o ABSOLUTE
    ..\..\Firmware\GD32F10x_standard_peripheral\Source\gd32f10x_exti.c 0x00000000   Number         0  gd32f10x_exti.o ABSOLUTE
    ..\..\Firmware\GD32F10x_standard_peripheral\Source\gd32f10x_fmc.c 0x00000000   Number         0  gd32f10x_fmc.o ABSOLUTE
    ..\..\Firmware\GD32F10x_standard_peripheral\Source\gd32f10x_fwdgt.c 0x00000000   Number         0  gd32f10x_fwdgt.o ABSOLUTE
    ..\..\Firmware\GD32F10x_standard_peripheral\Source\gd32f10x_gpio.c 0x00000000   Number         0  gd32f10x_gpio.o ABSOLUTE
    ..\..\Firmware\GD32F10x_standard_peripheral\Source\gd32f10x_i2c.c 0x00000000   Number         0  gd32f10x_i2c.o ABSOLUTE
    ..\..\Firmware\GD32F10x_standard_peripheral\Source\gd32f10x_misc.c 0x00000000   Number         0  gd32f10x_misc.o ABSOLUTE
    ..\..\Firmware\GD32F10x_standard_peripheral\Source\gd32f10x_pmu.c 0x00000000   Number         0  gd32f10x_pmu.o ABSOLUTE
    ..\..\Firmware\GD32F10x_standard_peripheral\Source\gd32f10x_rcu.c 0x00000000   Number         0  gd32f10x_rcu.o ABSOLUTE
    ..\..\Firmware\GD32F10x_standard_peripheral\Source\gd32f10x_rtc.c 0x00000000   Number         0  gd32f10x_rtc.o ABSOLUTE
    ..\..\Firmware\GD32F10x_standard_peripheral\Source\gd32f10x_sdio.c 0x00000000   Number         0  gd32f10x_sdio.o ABSOLUTE
    ..\..\Firmware\GD32F10x_standard_peripheral\Source\gd32f10x_spi.c 0x00000000   Number         0  gd32f10x_spi.o ABSOLUTE
    ..\..\Firmware\GD32F10x_standard_peripheral\Source\gd32f10x_timer.c 0x00000000   Number         0  gd32f10x_timer.o ABSOLUTE
    ..\..\Firmware\GD32F10x_standard_peripheral\Source\gd32f10x_usart.c 0x00000000   Number         0  gd32f10x_usart.o ABSOLUTE
    ..\..\Firmware\GD32F10x_standard_peripheral\Source\gd32f10x_wwdgt.c 0x00000000   Number         0  gd32f10x_wwdgt.o ABSOLUTE
    ..\..\Utilities\gd32f10x_eval.c          0x00000000   Number         0  gd32f10x_eval.o ABSOLUTE
    ..\\..\\Firmware\\CMSIS\\GD\\GD32F10x\\Source\\system_gd32f10x.c 0x00000000   Number         0  system_gd32f10x.o ABSOLUTE
    ..\\..\\Firmware\\GD32F10x_standard_peripheral\\Source\\gd32f10x_adc.c 0x00000000   Number         0  gd32f10x_adc.o ABSOLUTE
    ..\\..\\Firmware\\GD32F10x_standard_peripheral\\Source\\gd32f10x_bkp.c 0x00000000   Number         0  gd32f10x_bkp.o ABSOLUTE
    ..\\..\\Firmware\\GD32F10x_standard_peripheral\\Source\\gd32f10x_can.c 0x00000000   Number         0  gd32f10x_can.o ABSOLUTE
    ..\\..\\Firmware\\GD32F10x_standard_peripheral\\Source\\gd32f10x_crc.c 0x00000000   Number         0  gd32f10x_crc.o ABSOLUTE
    ..\\..\\Firmware\\GD32F10x_standard_peripheral\\Source\\gd32f10x_dac.c 0x00000000   Number         0  gd32f10x_dac.o ABSOLUTE
    ..\\..\\Firmware\\GD32F10x_standard_peripheral\\Source\\gd32f10x_dbg.c 0x00000000   Number         0  gd32f10x_dbg.o ABSOLUTE
    ..\\..\\Firmware\\GD32F10x_standard_peripheral\\Source\\gd32f10x_dma.c 0x00000000   Number         0  gd32f10x_dma.o ABSOLUTE
    ..\\..\\Firmware\\GD32F10x_standard_peripheral\\Source\\gd32f10x_enet.c 0x00000000   Number         0  gd32f10x_enet.o ABSOLUTE
    ..\\..\\Firmware\\GD32F10x_standard_peripheral\\Source\\gd32f10x_exmc.c 0x00000000   Number         0  gd32f10x_exmc.o ABSOLUTE
    ..\\..\\Firmware\\GD32F10x_standard_peripheral\\Source\\gd32f10x_exti.c 0x00000000   Number         0  gd32f10x_exti.o ABSOLUTE
    ..\\..\\Firmware\\GD32F10x_standard_peripheral\\Source\\gd32f10x_fmc.c 0x00000000   Number         0  gd32f10x_fmc.o ABSOLUTE
    ..\\..\\Firmware\\GD32F10x_standard_peripheral\\Source\\gd32f10x_fwdgt.c 0x00000000   Number         0  gd32f10x_fwdgt.o ABSOLUTE
    ..\\..\\Firmware\\GD32F10x_standard_peripheral\\Source\\gd32f10x_gpio.c 0x00000000   Number         0  gd32f10x_gpio.o ABSOLUTE
    ..\\..\\Firmware\\GD32F10x_standard_peripheral\\Source\\gd32f10x_i2c.c 0x00000000   Number         0  gd32f10x_i2c.o ABSOLUTE
    ..\\..\\Firmware\\GD32F10x_standard_peripheral\\Source\\gd32f10x_misc.c 0x00000000   Number         0  gd32f10x_misc.o ABSOLUTE
    ..\\..\\Firmware\\GD32F10x_standard_peripheral\\Source\\gd32f10x_pmu.c 0x00000000   Number         0  gd32f10x_pmu.o ABSOLUTE
    ..\\..\\Firmware\\GD32F10x_standard_peripheral\\Source\\gd32f10x_rcu.c 0x00000000   Number         0  gd32f10x_rcu.o ABSOLUTE
    ..\\..\\Firmware\\GD32F10x_standard_peripheral\\Source\\gd32f10x_rtc.c 0x00000000   Number         0  gd32f10x_rtc.o ABSOLUTE
    ..\\..\\Firmware\\GD32F10x_standard_peripheral\\Source\\gd32f10x_sdio.c 0x00000000   Number         0  gd32f10x_sdio.o ABSOLUTE
    ..\\..\\Firmware\\GD32F10x_standard_peripheral\\Source\\gd32f10x_spi.c 0x00000000   Number         0  gd32f10x_spi.o ABSOLUTE
    ..\\..\\Firmware\\GD32F10x_standard_peripheral\\Source\\gd32f10x_timer.c 0x00000000   Number         0  gd32f10x_timer.o ABSOLUTE
    ..\\..\\Firmware\\GD32F10x_standard_peripheral\\Source\\gd32f10x_usart.c 0x00000000   Number         0  gd32f10x_usart.o ABSOLUTE
    ..\\..\\Firmware\\GD32F10x_standard_peripheral\\Source\\gd32f10x_wwdgt.c 0x00000000   Number         0  gd32f10x_wwdgt.o ABSOLUTE
    ..\\..\\Utilities\\gd32f10x_eval.c       0x00000000   Number         0  gd32f10x_eval.o ABSOLUTE
    ..\\drive\\IR\\Sender\\IR_Send.c         0x00000000   Number         0  ir_send.o ABSOLUTE
    ..\\drive\\Keyboard\\keyboard.c          0x00000000   Number         0  keyboard.o ABSOLUTE
    ..\\drive\\oled\\OLED.c                  0x00000000   Number         0  oled.o ABSOLUTE
    ..\\gd32f10x_it.c                        0x00000000   Number         0  gd32f10x_it.o ABSOLUTE
    ..\\main.c                               0x00000000   Number         0  main.o ABSOLUTE
    ..\\systick.c                            0x00000000   Number         0  systick.o ABSOLUTE
    ..\drive\IR\Sender\IR_Send.c             0x00000000   Number         0  ir_send.o ABSOLUTE
    ..\drive\Keyboard\keyboard.c             0x00000000   Number         0  keyboard.o ABSOLUTE
    ..\drive\oled\OLED.c                     0x00000000   Number         0  oled.o ABSOLUTE
    ..\drive\oled\OLED_Data.c                0x00000000   Number         0  oled_data.o ABSOLUTE
    ..\drive\oled\gui.c                      0x00000000   Number         0  gui.o ABSOLUTE
    ..\gd32f10x_it.c                         0x00000000   Number         0  gd32f10x_it.o ABSOLUTE
    ..\main.c                                0x00000000   Number         0  main.o ABSOLUTE
    ..\systick.c                             0x00000000   Number         0  systick.o ABSOLUTE
    cdcmple.s                                0x00000000   Number         0  cdcmple.o ABSOLUTE
    cdrcmple.s                               0x00000000   Number         0  cdrcmple.o ABSOLUTE
    cfcmple.s                                0x00000000   Number         0  cfcmple.o ABSOLUTE
    dc.s                                     0x00000000   Number         0  dc.o ABSOLUTE
    handlers.s                               0x00000000   Number         0  handlers.o ABSOLUTE
    init.s                                   0x00000000   Number         0  init.o ABSOLUTE
    RESET                                    0x08000000   Section      336  startup_gd32f10x_cl.o(RESET)
    .ARM.Collect$$$$00000000                 0x08000150   Section        0  entry.o(.ARM.Collect$$$$00000000)
    .ARM.Collect$$$$00000001                 0x08000150   Section        4  entry2.o(.ARM.Collect$$$$00000001)
    .ARM.Collect$$$$00000004                 0x08000154   Section        4  entry5.o(.ARM.Collect$$$$00000004)
    .ARM.Collect$$$$00000008                 0x08000158   Section        0  entry7b.o(.ARM.Collect$$$$00000008)
    .ARM.Collect$$$$0000000A                 0x08000158   Section        0  entry8b.o(.ARM.Collect$$$$0000000A)
    .ARM.Collect$$$$0000000B                 0x08000158   Section        8  entry9a.o(.ARM.Collect$$$$0000000B)
    .ARM.Collect$$$$0000000E                 0x08000160   Section        4  entry12b.o(.ARM.Collect$$$$0000000E)
    .ARM.Collect$$$$0000000F                 0x08000164   Section        0  entry10a.o(.ARM.Collect$$$$0000000F)
    .ARM.Collect$$$$00000011                 0x08000164   Section        0  entry11a.o(.ARM.Collect$$$$00000011)
    .ARM.Collect$$$$00002712                 0x08000164   Section        4  entry2.o(.ARM.Collect$$$$00002712)
    __lit__00000000                          0x08000164   Data           4  entry2.o(.ARM.Collect$$$$00002712)
    .text                                    0x08000168   Section       36  startup_gd32f10x_cl.o(.text)
    .text                                    0x0800018c   Section        0  uldiv.o(.text)
    .text                                    0x080001ee   Section        0  strcmp.o(.text)
    .text                                    0x0800020a   Section        0  dadd.o(.text)
    .text                                    0x08000358   Section        0  dmul.o(.text)
    .text                                    0x0800043c   Section        0  ddiv.o(.text)
    .text                                    0x0800051c   Section       48  cdrcmple.o(.text)
    .text                                    0x0800054c   Section        0  uidiv.o(.text)
    .text                                    0x08000578   Section        0  llshl.o(.text)
    .text                                    0x08000596   Section        0  llushr.o(.text)
    .text                                    0x080005b6   Section        0  llsshr.o(.text)
    .text                                    0x080005da   Section        0  iusefp.o(.text)
    .text                                    0x080005da   Section        0  depilogue.o(.text)
    .text                                    0x08000694   Section        0  dfixul.o(.text)
    .text                                    0x080006c4   Section       36  init.o(.text)
    i.BusFault_Handler                       0x080006e8   Section        0  gd32f10x_it.o(i.BusFault_Handler)
    i.DebugMon_Handler                       0x080006ec   Section        0  gd32f10x_it.o(i.DebugMon_Handler)
    i.GUI_DisplayCheckUI_Process             0x080006f0   Section        0  gui.o(i.GUI_DisplayCheckUI_Process)
    i.GUI_IRCheckUI_Process                  0x080006f2   Section        0  gui.o(i.GUI_IRCheckUI_Process)
    i.GUI_IRRecvUI_Process                   0x080006f4   Section        0  gui.o(i.GUI_IRRecvUI_Process)
    i.GUI_IRSendUI_Process                   0x080006f8   Section        0  gui.o(i.GUI_IRSendUI_Process)
    i.GUI_KeyboardCheckUI_Process            0x08000864   Section        0  gui.o(i.GUI_KeyboardCheckUI_Process)
    i.GUI_MenuUI_Process                     0x08000866   Section        0  gui.o(i.GUI_MenuUI_Process)
    i.GUI_Process                            0x08000868   Section        0  gui.o(i.GUI_Process)
    i.GUI_SettingUI_Process                  0x080008b8   Section        0  gui.o(i.GUI_SettingUI_Process)
    i.HardFault_Handler                      0x080008ba   Section        0  gd32f10x_it.o(i.HardFault_Handler)
    i.IR_Send_Init                           0x080008c0   Section        0  ir_send.o(i.IR_Send_Init)
    i.Keyboard_Init                          0x080008ec   Section        0  keyboard.o(i.Keyboard_Init)
    i.MemManage_Handler                      0x08000924   Section        0  gd32f10x_it.o(i.MemManage_Handler)
    i.NMI_Handler                            0x08000928   Section        0  gd32f10x_it.o(i.NMI_Handler)
    i.NVIC_SetPriority                       0x0800092c   Section        0  systick.o(i.NVIC_SetPriority)
    NVIC_SetPriority                         0x0800092d   Thumb Code    32  systick.o(i.NVIC_SetPriority)
    i.OLED_Clear                             0x08000954   Section        0  oled.o(i.OLED_Clear)
    i.OLED_ClearArea                         0x0800097c   Section        0  oled.o(i.OLED_ClearArea)
    i.OLED_GPIO_Init                         0x08000a0c   Section        0  oled.o(i.OLED_GPIO_Init)
    i.OLED_I2C_SendByte                      0x08000a5c   Section        0  oled.o(i.OLED_I2C_SendByte)
    i.OLED_I2C_Start                         0x08000a9a   Section        0  oled.o(i.OLED_I2C_Start)
    i.OLED_I2C_Stop                          0x08000ab6   Section        0  oled.o(i.OLED_I2C_Stop)
    i.OLED_Init                              0x08000acc   Section        0  oled.o(i.OLED_Init)
    i.OLED_Pow                               0x08000b66   Section        0  oled.o(i.OLED_Pow)
    i.OLED_SetCursor                         0x08000b7a   Section        0  oled.o(i.OLED_SetCursor)
    i.OLED_ShowChar                          0x08000b9c   Section        0  oled.o(i.OLED_ShowChar)
    i.OLED_ShowImage                         0x08000bf0   Section        0  oled.o(i.OLED_ShowImage)
    i.OLED_ShowNum                           0x08000cec   Section        0  oled.o(i.OLED_ShowNum)
    i.OLED_ShowString                        0x08000d38   Section        0  oled.o(i.OLED_ShowString)
    i.OLED_Update                            0x08000efc   Section        0  oled.o(i.OLED_Update)
    i.OLED_W_SCL                             0x08000f24   Section        0  oled.o(i.OLED_W_SCL)
    i.OLED_W_SDA                             0x08000f3c   Section        0  oled.o(i.OLED_W_SDA)
    i.OLED_WriteCommand                      0x08000f54   Section        0  oled.o(i.OLED_WriteCommand)
    i.OLED_WriteData                         0x08000f74   Section        0  oled.o(i.OLED_WriteData)
    i.PendSV_Handler                         0x08000fa2   Section        0  gd32f10x_it.o(i.PendSV_Handler)
    i.SVC_Handler                            0x08000fa6   Section        0  gd32f10x_it.o(i.SVC_Handler)
    i.SysTick_Handler                        0x08000fac   Section        0  gd32f10x_it.o(i.SysTick_Handler)
    i.SystemInit                             0x08000fc4   Section        0  system_gd32f10x.o(i.SystemInit)
    i.UsageFault_Handler                     0x080010e4   Section        0  gd32f10x_it.o(i.UsageFault_Handler)
    i.__0printf                              0x080010e8   Section        0  printfa.o(i.__0printf)
    i.__scatterload_copy                     0x08001108   Section       14  handlers.o(i.__scatterload_copy)
    i.__scatterload_null                     0x08001116   Section        2  handlers.o(i.__scatterload_null)
    i.__scatterload_zeroinit                 0x08001118   Section       14  handlers.o(i.__scatterload_zeroinit)
    i._fp_digits                             0x08001128   Section        0  printfa.o(i._fp_digits)
    _fp_digits                               0x08001129   Thumb Code   366  printfa.o(i._fp_digits)
    i._printf_core                           0x080012ac   Section        0  printfa.o(i._printf_core)
    _printf_core                             0x080012ad   Thumb Code  1704  printfa.o(i._printf_core)
    i._printf_post_padding                   0x08001960   Section        0  printfa.o(i._printf_post_padding)
    _printf_post_padding                     0x08001961   Thumb Code    36  printfa.o(i._printf_post_padding)
    i._printf_pre_padding                    0x08001984   Section        0  printfa.o(i._printf_pre_padding)
    _printf_pre_padding                      0x08001985   Thumb Code    46  printfa.o(i._printf_pre_padding)
    i._soft_delay_                           0x080019b2   Section        0  system_gd32f10x.o(i._soft_delay_)
    _soft_delay_                             0x080019b3   Thumb Code    28  system_gd32f10x.o(i._soft_delay_)
    i.delay_1ms                              0x080019d0   Section        0  systick.o(i.delay_1ms)
    i.delay_decrement                        0x080019e4   Section        0  systick.o(i.delay_decrement)
    i.fputc                                  0x080019fc   Section        0  main.o(i.fputc)
    i.gpio_bit_write                         0x08001a20   Section        0  gd32f10x_gpio.o(i.gpio_bit_write)
    i.gpio_init                              0x08001a2a   Section        0  gd32f10x_gpio.o(i.gpio_init)
    i.main                                   0x08001ad8   Section        0  main.o(i.main)
    i.nvic_vector_table_set                  0x08001b78   Section        0  gd32f10x_misc.o(i.nvic_vector_table_set)
    i.rcu_clock_freq_get                     0x08001b90   Section        0  gd32f10x_rcu.o(i.rcu_clock_freq_get)
    i.rcu_periph_clock_enable                0x08001cfc   Section        0  gd32f10x_rcu.o(i.rcu_periph_clock_enable)
    i.rcu_periph_reset_disable               0x08001d1c   Section        0  gd32f10x_rcu.o(i.rcu_periph_reset_disable)
    i.rcu_periph_reset_enable                0x08001d3c   Section        0  gd32f10x_rcu.o(i.rcu_periph_reset_enable)
    i.system_clock_72m_hxtal                 0x08001d5c   Section        0  system_gd32f10x.o(i.system_clock_72m_hxtal)
    system_clock_72m_hxtal                   0x08001d5d   Thumb Code   220  system_gd32f10x.o(i.system_clock_72m_hxtal)
    i.system_clock_config                    0x08001e4c   Section        0  system_gd32f10x.o(i.system_clock_config)
    system_clock_config                      0x08001e4d   Thumb Code     8  system_gd32f10x.o(i.system_clock_config)
    i.systick_config                         0x08001e54   Section        0  systick.o(i.systick_config)
    i.usart_baudrate_set                     0x08001ea4   Section        0  gd32f10x_usart.o(i.usart_baudrate_set)
    i.usart_config                           0x08001f34   Section        0  main.o(i.usart_config)
    i.usart_data_transmit                    0x08001fb8   Section        0  gd32f10x_usart.o(i.usart_data_transmit)
    i.usart_deinit                           0x08001fc0   Section        0  gd32f10x_usart.o(i.usart_deinit)
    i.usart_enable                           0x08002050   Section        0  gd32f10x_usart.o(i.usart_enable)
    i.usart_flag_get                         0x0800205a   Section        0  gd32f10x_usart.o(i.usart_flag_get)
    i.usart_hardware_flow_cts_config         0x08002078   Section        0  gd32f10x_usart.o(i.usart_hardware_flow_cts_config)
    i.usart_hardware_flow_rts_config         0x0800208c   Section        0  gd32f10x_usart.o(i.usart_hardware_flow_rts_config)
    i.usart_parity_config                    0x080020a0   Section        0  gd32f10x_usart.o(i.usart_parity_config)
    i.usart_receive_config                   0x080020b0   Section        0  gd32f10x_usart.o(i.usart_receive_config)
    i.usart_stop_bit_set                     0x080020c0   Section        0  gd32f10x_usart.o(i.usart_stop_bit_set)
    i.usart_transmit_config                  0x080020d0   Section        0  gd32f10x_usart.o(i.usart_transmit_config)
    i.usart_word_length_set                  0x080020e0   Section        0  gd32f10x_usart.o(i.usart_word_length_set)
    .constdata                               0x080020f0   Section     2381  oled_data.o(.constdata)
    .data                                    0x20000000   Section        4  gd32f10x_it.o(.data)
    .data                                    0x20000004   Section        4  systick.o(.data)
    delay                                    0x20000004   Data           4  systick.o(.data)
    .data                                    0x20000008   Section        4  system_gd32f10x.o(.data)
    .data                                    0x2000000c   Section        4  gui.o(.data)
    .data                                    0x20000010   Section        4  stdout.o(.data)
    .bss                                     0x20000014   Section     1024  oled.o(.bss)
    STACK                                    0x20000418   Section     1024  startup_gd32f10x_cl.o(STACK)

    Global Symbols

    Symbol Name                              Value     Ov Type        Size  Object(Section)

    BuildAttributes$$THM_ISAv4$P$D$K$B$S$PE$A:L22UL41UL21$X:L11$S22US41US21$IEEE1$IW$USESV6$~STKCKD$USESV7$~SHL$OTIME$ROPI$IEEEX$EBA8$MICROLIB$REQ8$PRES8$EABIv2 0x00000000   Number         0  anon$$obj.o ABSOLUTE
    __ARM_use_no_argv                        0x00000000   Number         0  main.o ABSOLUTE
    __arm_fini_                               - Undefined Weak Reference
    __cpp_initialize__aeabi_                  - Undefined Weak Reference
    __cxa_finalize                            - Undefined Weak Reference
    __decompress                              - Undefined Weak Reference
    _clock_init                               - Undefined Weak Reference
    _microlib_exit                            - Undefined Weak Reference
    __Vectors_Size                           0x00000150   Number         0  startup_gd32f10x_cl.o ABSOLUTE
    __Vectors                                0x08000000   Data           4  startup_gd32f10x_cl.o(RESET)
    __Vectors_End                            0x08000150   Data           0  startup_gd32f10x_cl.o(RESET)
    __main                                   0x08000151   Thumb Code     0  entry.o(.ARM.Collect$$$$00000000)
    _main_stk                                0x08000151   Thumb Code     0  entry2.o(.ARM.Collect$$$$00000001)
    _main_scatterload                        0x08000155   Thumb Code     0  entry5.o(.ARM.Collect$$$$00000004)
    __main_after_scatterload                 0x08000159   Thumb Code     0  entry5.o(.ARM.Collect$$$$00000004)
    _main_clock                              0x08000159   Thumb Code     0  entry7b.o(.ARM.Collect$$$$00000008)
    _main_cpp_init                           0x08000159   Thumb Code     0  entry8b.o(.ARM.Collect$$$$0000000A)
    _main_init                               0x08000159   Thumb Code     0  entry9a.o(.ARM.Collect$$$$0000000B)
    __rt_lib_shutdown_fini                   0x08000161   Thumb Code     0  entry12b.o(.ARM.Collect$$$$0000000E)
    __rt_final_cpp                           0x08000165   Thumb Code     0  entry10a.o(.ARM.Collect$$$$0000000F)
    __rt_final_exit                          0x08000165   Thumb Code     0  entry11a.o(.ARM.Collect$$$$00000011)
    Reset_Handler                            0x08000169   Thumb Code     8  startup_gd32f10x_cl.o(.text)
    ADC0_1_IRQHandler                        0x08000183   Thumb Code     0  startup_gd32f10x_cl.o(.text)
    CAN0_EWMC_IRQHandler                     0x08000183   Thumb Code     0  startup_gd32f10x_cl.o(.text)
    CAN0_RX0_IRQHandler                      0x08000183   Thumb Code     0  startup_gd32f10x_cl.o(.text)
    CAN0_RX1_IRQHandler                      0x08000183   Thumb Code     0  startup_gd32f10x_cl.o(.text)
    CAN0_TX_IRQHandler                       0x08000183   Thumb Code     0  startup_gd32f10x_cl.o(.text)
    CAN1_EWMC_IRQHandler                     0x08000183   Thumb Code     0  startup_gd32f10x_cl.o(.text)
    CAN1_RX0_IRQHandler                      0x08000183   Thumb Code     0  startup_gd32f10x_cl.o(.text)
    CAN1_RX1_IRQHandler                      0x08000183   Thumb Code     0  startup_gd32f10x_cl.o(.text)
    CAN1_TX_IRQHandler                       0x08000183   Thumb Code     0  startup_gd32f10x_cl.o(.text)
    DMA0_Channel0_IRQHandler                 0x08000183   Thumb Code     0  startup_gd32f10x_cl.o(.text)
    DMA0_Channel1_IRQHandler                 0x08000183   Thumb Code     0  startup_gd32f10x_cl.o(.text)
    DMA0_Channel2_IRQHandler                 0x08000183   Thumb Code     0  startup_gd32f10x_cl.o(.text)
    DMA0_Channel3_IRQHandler                 0x08000183   Thumb Code     0  startup_gd32f10x_cl.o(.text)
    DMA0_Channel4_IRQHandler                 0x08000183   Thumb Code     0  startup_gd32f10x_cl.o(.text)
    DMA0_Channel5_IRQHandler                 0x08000183   Thumb Code     0  startup_gd32f10x_cl.o(.text)
    DMA0_Channel6_IRQHandler                 0x08000183   Thumb Code     0  startup_gd32f10x_cl.o(.text)
    DMA1_Channel0_IRQHandler                 0x08000183   Thumb Code     0  startup_gd32f10x_cl.o(.text)
    DMA1_Channel1_IRQHandler                 0x08000183   Thumb Code     0  startup_gd32f10x_cl.o(.text)
    DMA1_Channel2_IRQHandler                 0x08000183   Thumb Code     0  startup_gd32f10x_cl.o(.text)
    DMA1_Channel3_IRQHandler                 0x08000183   Thumb Code     0  startup_gd32f10x_cl.o(.text)
    DMA1_Channel4_IRQHandler                 0x08000183   Thumb Code     0  startup_gd32f10x_cl.o(.text)
    ENET_IRQHandler                          0x08000183   Thumb Code     0  startup_gd32f10x_cl.o(.text)
    ENET_WKUP_IRQHandler                     0x08000183   Thumb Code     0  startup_gd32f10x_cl.o(.text)
    EXMC_IRQHandler                          0x08000183   Thumb Code     0  startup_gd32f10x_cl.o(.text)
    EXTI0_IRQHandler                         0x08000183   Thumb Code     0  startup_gd32f10x_cl.o(.text)
    EXTI10_15_IRQHandler                     0x08000183   Thumb Code     0  startup_gd32f10x_cl.o(.text)
    EXTI1_IRQHandler                         0x08000183   Thumb Code     0  startup_gd32f10x_cl.o(.text)
    EXTI2_IRQHandler                         0x08000183   Thumb Code     0  startup_gd32f10x_cl.o(.text)
    EXTI3_IRQHandler                         0x08000183   Thumb Code     0  startup_gd32f10x_cl.o(.text)
    EXTI4_IRQHandler                         0x08000183   Thumb Code     0  startup_gd32f10x_cl.o(.text)
    EXTI5_9_IRQHandler                       0x08000183   Thumb Code     0  startup_gd32f10x_cl.o(.text)
    FMC_IRQHandler                           0x08000183   Thumb Code     0  startup_gd32f10x_cl.o(.text)
    I2C0_ER_IRQHandler                       0x08000183   Thumb Code     0  startup_gd32f10x_cl.o(.text)
    I2C0_EV_IRQHandler                       0x08000183   Thumb Code     0  startup_gd32f10x_cl.o(.text)
    I2C1_ER_IRQHandler                       0x08000183   Thumb Code     0  startup_gd32f10x_cl.o(.text)
    I2C1_EV_IRQHandler                       0x08000183   Thumb Code     0  startup_gd32f10x_cl.o(.text)
    LVD_IRQHandler                           0x08000183   Thumb Code     0  startup_gd32f10x_cl.o(.text)
    RCU_IRQHandler                           0x08000183   Thumb Code     0  startup_gd32f10x_cl.o(.text)
    RTC_Alarm_IRQHandler                     0x08000183   Thumb Code     0  startup_gd32f10x_cl.o(.text)
    RTC_IRQHandler                           0x08000183   Thumb Code     0  startup_gd32f10x_cl.o(.text)
    SPI0_IRQHandler                          0x08000183   Thumb Code     0  startup_gd32f10x_cl.o(.text)
    SPI1_IRQHandler                          0x08000183   Thumb Code     0  startup_gd32f10x_cl.o(.text)
    SPI2_IRQHandler                          0x08000183   Thumb Code     0  startup_gd32f10x_cl.o(.text)
    TAMPER_IRQHandler                        0x08000183   Thumb Code     0  startup_gd32f10x_cl.o(.text)
    TIMER0_BRK_IRQHandler                    0x08000183   Thumb Code     0  startup_gd32f10x_cl.o(.text)
    TIMER0_Channel_IRQHandler                0x08000183   Thumb Code     0  startup_gd32f10x_cl.o(.text)
    TIMER0_TRG_CMT_IRQHandler                0x08000183   Thumb Code     0  startup_gd32f10x_cl.o(.text)
    TIMER0_UP_IRQHandler                     0x08000183   Thumb Code     0  startup_gd32f10x_cl.o(.text)
    TIMER1_IRQHandler                        0x08000183   Thumb Code     0  startup_gd32f10x_cl.o(.text)
    TIMER2_IRQHandler                        0x08000183   Thumb Code     0  startup_gd32f10x_cl.o(.text)
    TIMER3_IRQHandler                        0x08000183   Thumb Code     0  startup_gd32f10x_cl.o(.text)
    TIMER4_IRQHandler                        0x08000183   Thumb Code     0  startup_gd32f10x_cl.o(.text)
    TIMER5_IRQHandler                        0x08000183   Thumb Code     0  startup_gd32f10x_cl.o(.text)
    TIMER6_IRQHandler                        0x08000183   Thumb Code     0  startup_gd32f10x_cl.o(.text)
    TIMER7_BRK_IRQHandler                    0x08000183   Thumb Code     0  startup_gd32f10x_cl.o(.text)
    TIMER7_Channel_IRQHandler                0x08000183   Thumb Code     0  startup_gd32f10x_cl.o(.text)
    TIMER7_TRG_CMT_IRQHandler                0x08000183   Thumb Code     0  startup_gd32f10x_cl.o(.text)
    TIMER7_UP_IRQHandler                     0x08000183   Thumb Code     0  startup_gd32f10x_cl.o(.text)
    UART3_IRQHandler                         0x08000183   Thumb Code     0  startup_gd32f10x_cl.o(.text)
    UART4_IRQHandler                         0x08000183   Thumb Code     0  startup_gd32f10x_cl.o(.text)
    USART0_IRQHandler                        0x08000183   Thumb Code     0  startup_gd32f10x_cl.o(.text)
    USART1_IRQHandler                        0x08000183   Thumb Code     0  startup_gd32f10x_cl.o(.text)
    USART2_IRQHandler                        0x08000183   Thumb Code     0  startup_gd32f10x_cl.o(.text)
    USBFS_IRQHandler                         0x08000183   Thumb Code     0  startup_gd32f10x_cl.o(.text)
    USBFS_WKUP_IRQHandler                    0x08000183   Thumb Code     0  startup_gd32f10x_cl.o(.text)
    WWDGT_IRQHandler                         0x08000183   Thumb Code     0  startup_gd32f10x_cl.o(.text)
    __aeabi_uldivmod                         0x0800018d   Thumb Code    98  uldiv.o(.text)
    strcmp                                   0x080001ef   Thumb Code    28  strcmp.o(.text)
    __aeabi_dadd                             0x0800020b   Thumb Code   322  dadd.o(.text)
    __aeabi_dsub                             0x0800034d   Thumb Code     6  dadd.o(.text)
    __aeabi_drsub                            0x08000353   Thumb Code     6  dadd.o(.text)
    __aeabi_dmul                             0x08000359   Thumb Code   228  dmul.o(.text)
    __aeabi_ddiv                             0x0800043d   Thumb Code   222  ddiv.o(.text)
    __aeabi_cdrcmple                         0x0800051d   Thumb Code    48  cdrcmple.o(.text)
    __aeabi_uidiv                            0x0800054d   Thumb Code     0  uidiv.o(.text)
    __aeabi_uidivmod                         0x0800054d   Thumb Code    44  uidiv.o(.text)
    __aeabi_llsl                             0x08000579   Thumb Code    30  llshl.o(.text)
    _ll_shift_l                              0x08000579   Thumb Code     0  llshl.o(.text)
    __aeabi_llsr                             0x08000597   Thumb Code    32  llushr.o(.text)
    _ll_ushift_r                             0x08000597   Thumb Code     0  llushr.o(.text)
    __aeabi_lasr                             0x080005b7   Thumb Code    36  llsshr.o(.text)
    _ll_sshift_r                             0x080005b7   Thumb Code     0  llsshr.o(.text)
    __I$use$fp                               0x080005db   Thumb Code     0  iusefp.o(.text)
    _double_round                            0x080005db   Thumb Code    30  depilogue.o(.text)
    _double_epilogue                         0x080005f9   Thumb Code   156  depilogue.o(.text)
    __aeabi_d2ulz                            0x08000695   Thumb Code    48  dfixul.o(.text)
    __scatterload                            0x080006c5   Thumb Code    28  init.o(.text)
    __scatterload_rt2                        0x080006c5   Thumb Code     0  init.o(.text)
    BusFault_Handler                         0x080006e9   Thumb Code     4  gd32f10x_it.o(i.BusFault_Handler)
    DebugMon_Handler                         0x080006ed   Thumb Code     4  gd32f10x_it.o(i.DebugMon_Handler)
    GUI_DisplayCheckUI_Process               0x080006f1   Thumb Code     2  gui.o(i.GUI_DisplayCheckUI_Process)
    GUI_IRCheckUI_Process                    0x080006f3   Thumb Code     2  gui.o(i.GUI_IRCheckUI_Process)
    GUI_IRRecvUI_Process                     0x080006f5   Thumb Code     2  gui.o(i.GUI_IRRecvUI_Process)
    GUI_IRSendUI_Process                     0x080006f9   Thumb Code   262  gui.o(i.GUI_IRSendUI_Process)
    GUI_KeyboardCheckUI_Process              0x08000865   Thumb Code     2  gui.o(i.GUI_KeyboardCheckUI_Process)
    GUI_MenuUI_Process                       0x08000867   Thumb Code     2  gui.o(i.GUI_MenuUI_Process)
    GUI_Process                              0x08000869   Thumb Code    74  gui.o(i.GUI_Process)
    GUI_SettingUI_Process                    0x080008b9   Thumb Code     2  gui.o(i.GUI_SettingUI_Process)
    HardFault_Handler                        0x080008bb   Thumb Code     4  gd32f10x_it.o(i.HardFault_Handler)
    IR_Send_Init                             0x080008c1   Thumb Code    38  ir_send.o(i.IR_Send_Init)
    Keyboard_Init                            0x080008ed   Thumb Code    48  keyboard.o(i.Keyboard_Init)
    MemManage_Handler                        0x08000925   Thumb Code     4  gd32f10x_it.o(i.MemManage_Handler)
    NMI_Handler                              0x08000929   Thumb Code     4  gd32f10x_it.o(i.NMI_Handler)
    OLED_Clear                               0x08000955   Thumb Code    36  oled.o(i.OLED_Clear)
    OLED_ClearArea                           0x0800097d   Thumb Code   140  oled.o(i.OLED_ClearArea)
    OLED_GPIO_Init                           0x08000a0d   Thumb Code    76  oled.o(i.OLED_GPIO_Init)
    OLED_I2C_SendByte                        0x08000a5d   Thumb Code    62  oled.o(i.OLED_I2C_SendByte)
    OLED_I2C_Start                           0x08000a9b   Thumb Code    28  oled.o(i.OLED_I2C_Start)
    OLED_I2C_Stop                            0x08000ab7   Thumb Code    22  oled.o(i.OLED_I2C_Stop)
    OLED_Init                                0x08000acd   Thumb Code   154  oled.o(i.OLED_Init)
    OLED_Pow                                 0x08000b67   Thumb Code    20  oled.o(i.OLED_Pow)
    OLED_SetCursor                           0x08000b7b   Thumb Code    34  oled.o(i.OLED_SetCursor)
    OLED_ShowChar                            0x08000b9d   Thumb Code    74  oled.o(i.OLED_ShowChar)
    OLED_ShowImage                           0x08000bf1   Thumb Code   248  oled.o(i.OLED_ShowImage)
    OLED_ShowNum                             0x08000ced   Thumb Code    76  oled.o(i.OLED_ShowNum)
    OLED_ShowString                          0x08000d39   Thumb Code   442  oled.o(i.OLED_ShowString)
    OLED_Update                              0x08000efd   Thumb Code    36  oled.o(i.OLED_Update)
    OLED_W_SCL                               0x08000f25   Thumb Code    18  oled.o(i.OLED_W_SCL)
    OLED_W_SDA                               0x08000f3d   Thumb Code    18  oled.o(i.OLED_W_SDA)
    OLED_WriteCommand                        0x08000f55   Thumb Code    32  oled.o(i.OLED_WriteCommand)
    OLED_WriteData                           0x08000f75   Thumb Code    46  oled.o(i.OLED_WriteData)
    PendSV_Handler                           0x08000fa3   Thumb Code     4  gd32f10x_it.o(i.PendSV_Handler)
    SVC_Handler                              0x08000fa7   Thumb Code     4  gd32f10x_it.o(i.SVC_Handler)
    SysTick_Handler                          0x08000fad   Thumb Code    18  gd32f10x_it.o(i.SysTick_Handler)
    SystemInit                               0x08000fc5   Thumb Code   268  system_gd32f10x.o(i.SystemInit)
    UsageFault_Handler                       0x080010e5   Thumb Code     4  gd32f10x_it.o(i.UsageFault_Handler)
    __0printf                                0x080010e9   Thumb Code    22  printfa.o(i.__0printf)
    __1printf                                0x080010e9   Thumb Code     0  printfa.o(i.__0printf)
    __2printf                                0x080010e9   Thumb Code     0  printfa.o(i.__0printf)
    __c89printf                              0x080010e9   Thumb Code     0  printfa.o(i.__0printf)
    printf                                   0x080010e9   Thumb Code     0  printfa.o(i.__0printf)
    __scatterload_copy                       0x08001109   Thumb Code    14  handlers.o(i.__scatterload_copy)
    __scatterload_null                       0x08001117   Thumb Code     2  handlers.o(i.__scatterload_null)
    __scatterload_zeroinit                   0x08001119   Thumb Code    14  handlers.o(i.__scatterload_zeroinit)
    delay_1ms                                0x080019d1   Thumb Code    16  systick.o(i.delay_1ms)
    delay_decrement                          0x080019e5   Thumb Code    18  systick.o(i.delay_decrement)
    fputc                                    0x080019fd   Thumb Code    32  main.o(i.fputc)
    gpio_bit_write                           0x08001a21   Thumb Code    10  gd32f10x_gpio.o(i.gpio_bit_write)
    gpio_init                                0x08001a2b   Thumb Code   172  gd32f10x_gpio.o(i.gpio_init)
    main                                     0x08001ad9   Thumb Code   114  main.o(i.main)
    nvic_vector_table_set                    0x08001b79   Thumb Code    16  gd32f10x_misc.o(i.nvic_vector_table_set)
    rcu_clock_freq_get                       0x08001b91   Thumb Code   334  gd32f10x_rcu.o(i.rcu_clock_freq_get)
    rcu_periph_clock_enable                  0x08001cfd   Thumb Code    28  gd32f10x_rcu.o(i.rcu_periph_clock_enable)
    rcu_periph_reset_disable                 0x08001d1d   Thumb Code    28  gd32f10x_rcu.o(i.rcu_periph_reset_disable)
    rcu_periph_reset_enable                  0x08001d3d   Thumb Code    28  gd32f10x_rcu.o(i.rcu_periph_reset_enable)
    systick_config                           0x08001e55   Thumb Code    74  systick.o(i.systick_config)
    usart_baudrate_set                       0x08001ea5   Thumb Code   136  gd32f10x_usart.o(i.usart_baudrate_set)
    usart_config                             0x08001f35   Thumb Code   122  main.o(i.usart_config)
    usart_data_transmit                      0x08001fb9   Thumb Code     8  gd32f10x_usart.o(i.usart_data_transmit)
    usart_deinit                             0x08001fc1   Thumb Code   136  gd32f10x_usart.o(i.usart_deinit)
    usart_enable                             0x08002051   Thumb Code    10  gd32f10x_usart.o(i.usart_enable)
    usart_flag_get                           0x0800205b   Thumb Code    30  gd32f10x_usart.o(i.usart_flag_get)
    usart_hardware_flow_cts_config           0x08002079   Thumb Code    20  gd32f10x_usart.o(i.usart_hardware_flow_cts_config)
    usart_hardware_flow_rts_config           0x0800208d   Thumb Code    20  gd32f10x_usart.o(i.usart_hardware_flow_rts_config)
    usart_parity_config                      0x080020a1   Thumb Code    16  gd32f10x_usart.o(i.usart_parity_config)
    usart_receive_config                     0x080020b1   Thumb Code    16  gd32f10x_usart.o(i.usart_receive_config)
    usart_stop_bit_set                       0x080020c1   Thumb Code    16  gd32f10x_usart.o(i.usart_stop_bit_set)
    usart_transmit_config                    0x080020d1   Thumb Code    16  gd32f10x_usart.o(i.usart_transmit_config)
    usart_word_length_set                    0x080020e1   Thumb Code    16  gd32f10x_usart.o(i.usart_word_length_set)
    OLED_F8x16                               0x080020f0   Data        1520  oled_data.o(.constdata)
    OLED_F6x8                                0x080026e0   Data         570  oled_data.o(.constdata)
    OLED_CF16x16                             0x0800291a   Data         259  oled_data.o(.constdata)
    Diode                                    0x08002a1d   Data          32  oled_data.o(.constdata)
    Region$$Table$$Base                      0x08002a40   Number         0  anon$$obj.o(Region$$Table)
    Region$$Table$$Limit                     0x08002a60   Number         0  anon$$obj.o(Region$$Table)
    systemtick                               0x20000000   Data           4  gd32f10x_it.o(.data)
    SystemCoreClock                          0x20000008   Data           4  system_gd32f10x.o(.data)
    now_gui                                  0x2000000c   Data           1  gui.o(.data)
    currentMode                              0x2000000d   Data           1  gui.o(.data)
    FanSpeed                                 0x2000000e   Data           1  gui.o(.data)
    Temperature                              0x2000000f   Data           1  gui.o(.data)
    __stdout                                 0x20000010   Data           4  stdout.o(.data)
    OLED_DisplayBuf                          0x20000014   Data        1024  oled.o(.bss)
    __initial_sp                             0x20000818   Data           0  startup_gd32f10x_cl.o(STACK)



==============================================================================

Memory Map of the image

  Image Entry point : 0x08000151

  Load Region LR_IROM1 (Base: 0x08000000, Size: 0x00002a74, Max: 0x00040000, ABSOLUTE)

    Execution Region ER_IROM1 (Exec base: 0x08000000, Load base: 0x08000000, Size: 0x00002a60, Max: 0x00040000, ABSOLUTE)

    Exec Addr    Load Addr    Size         Type   Attr      Idx    E Section Name        Object

    0x08000000   0x08000000   0x00000150   Data   RO         4536    RESET               startup_gd32f10x_cl.o
    0x08000150   0x08000150   0x00000000   Code   RO         5006  * .ARM.Collect$$$$00000000  mc_w.l(entry.o)
    0x08000150   0x08000150   0x00000004   Code   RO         5324    .ARM.Collect$$$$00000001  mc_w.l(entry2.o)
    0x08000154   0x08000154   0x00000004   Code   RO         5327    .ARM.Collect$$$$00000004  mc_w.l(entry5.o)
    0x08000158   0x08000158   0x00000000   Code   RO         5329    .ARM.Collect$$$$00000008  mc_w.l(entry7b.o)
    0x08000158   0x08000158   0x00000000   Code   RO         5331    .ARM.Collect$$$$0000000A  mc_w.l(entry8b.o)
    0x08000158   0x08000158   0x00000008   Code   RO         5332    .ARM.Collect$$$$0000000B  mc_w.l(entry9a.o)
    0x08000160   0x08000160   0x00000004   Code   RO         5339    .ARM.Collect$$$$0000000E  mc_w.l(entry12b.o)
    0x08000164   0x08000164   0x00000000   Code   RO         5334    .ARM.Collect$$$$0000000F  mc_w.l(entry10a.o)
    0x08000164   0x08000164   0x00000000   Code   RO         5336    .ARM.Collect$$$$00000011  mc_w.l(entry11a.o)
    0x08000164   0x08000164   0x00000004   Code   RO         5325    .ARM.Collect$$$$00002712  mc_w.l(entry2.o)
    0x08000168   0x08000168   0x00000024   Code   RO         4537    .text               startup_gd32f10x_cl.o
    0x0800018c   0x0800018c   0x00000062   Code   RO         5009    .text               mc_w.l(uldiv.o)
    0x080001ee   0x080001ee   0x0000001c   Code   RO         5011    .text               mc_w.l(strcmp.o)
    0x0800020a   0x0800020a   0x0000014e   Code   RO         5275    .text               mf_w.l(dadd.o)
    0x08000358   0x08000358   0x000000e4   Code   RO         5277    .text               mf_w.l(dmul.o)
    0x0800043c   0x0800043c   0x000000de   Code   RO         5279    .text               mf_w.l(ddiv.o)
    0x0800051a   0x0800051a   0x00000002   PAD
    0x0800051c   0x0800051c   0x00000030   Code   RO         5293    .text               mf_w.l(cdrcmple.o)
    0x0800054c   0x0800054c   0x0000002c   Code   RO         5341    .text               mc_w.l(uidiv.o)
    0x08000578   0x08000578   0x0000001e   Code   RO         5343    .text               mc_w.l(llshl.o)
    0x08000596   0x08000596   0x00000020   Code   RO         5345    .text               mc_w.l(llushr.o)
    0x080005b6   0x080005b6   0x00000024   Code   RO         5347    .text               mc_w.l(llsshr.o)
    0x080005da   0x080005da   0x00000000   Code   RO         5356    .text               mc_w.l(iusefp.o)
    0x080005da   0x080005da   0x000000ba   Code   RO         5359    .text               mf_w.l(depilogue.o)
    0x08000694   0x08000694   0x00000030   Code   RO         5363    .text               mf_w.l(dfixul.o)
    0x080006c4   0x080006c4   0x00000024   Code   RO         5369    .text               mc_w.l(init.o)
    0x080006e8   0x080006e8   0x00000004   Code   RO            3    i.BusFault_Handler  gd32f10x_it.o
    0x080006ec   0x080006ec   0x00000004   Code   RO            4    i.DebugMon_Handler  gd32f10x_it.o
    0x080006f0   0x080006f0   0x00000002   Code   RO         4868    i.GUI_DisplayCheckUI_Process  gui.o
    0x080006f2   0x080006f2   0x00000002   Code   RO         4869    i.GUI_IRCheckUI_Process  gui.o
    0x080006f4   0x080006f4   0x00000002   Code   RO         4870    i.GUI_IRRecvUI_Process  gui.o
    0x080006f6   0x080006f6   0x00000002   PAD
    0x080006f8   0x080006f8   0x0000016c   Code   RO         4871    i.GUI_IRSendUI_Process  gui.o
    0x08000864   0x08000864   0x00000002   Code   RO         4872    i.GUI_KeyboardCheckUI_Process  gui.o
    0x08000866   0x08000866   0x00000002   Code   RO         4873    i.GUI_MenuUI_Process  gui.o
    0x08000868   0x08000868   0x00000050   Code   RO         4874    i.GUI_Process       gui.o
    0x080008b8   0x080008b8   0x00000002   Code   RO         4875    i.GUI_SettingUI_Process  gui.o
    0x080008ba   0x080008ba   0x00000004   Code   RO            5    i.HardFault_Handler  gd32f10x_it.o
    0x080008be   0x080008be   0x00000002   PAD
    0x080008c0   0x080008c0   0x0000002c   Code   RO         4935    i.IR_Send_Init      ir_send.o
    0x080008ec   0x080008ec   0x00000038   Code   RO         4970    i.Keyboard_Init     keyboard.o
    0x08000924   0x08000924   0x00000004   Code   RO            6    i.MemManage_Handler  gd32f10x_it.o
    0x08000928   0x08000928   0x00000004   Code   RO            7    i.NMI_Handler       gd32f10x_it.o
    0x0800092c   0x0800092c   0x00000028   Code   RO          238    i.NVIC_SetPriority  systick.o
    0x08000954   0x08000954   0x00000028   Code   RO         4604    i.OLED_Clear        oled.o
    0x0800097c   0x0800097c   0x00000090   Code   RO         4605    i.OLED_ClearArea    oled.o
    0x08000a0c   0x08000a0c   0x00000050   Code   RO         4613    i.OLED_GPIO_Init    oled.o
    0x08000a5c   0x08000a5c   0x0000003e   Code   RO         4615    i.OLED_I2C_SendByte  oled.o
    0x08000a9a   0x08000a9a   0x0000001c   Code   RO         4616    i.OLED_I2C_Start    oled.o
    0x08000ab6   0x08000ab6   0x00000016   Code   RO         4617    i.OLED_I2C_Stop     oled.o
    0x08000acc   0x08000acc   0x0000009a   Code   RO         4618    i.OLED_Init         oled.o
    0x08000b66   0x08000b66   0x00000014   Code   RO         4620    i.OLED_Pow          oled.o
    0x08000b7a   0x08000b7a   0x00000022   Code   RO         4624    i.OLED_SetCursor    oled.o
    0x08000b9c   0x08000b9c   0x00000054   Code   RO         4626    i.OLED_ShowChar     oled.o
    0x08000bf0   0x08000bf0   0x000000fc   Code   RO         4629    i.OLED_ShowImage    oled.o
    0x08000cec   0x08000cec   0x0000004c   Code   RO         4630    i.OLED_ShowNum      oled.o
    0x08000d38   0x08000d38   0x000001c4   Code   RO         4632    i.OLED_ShowString   oled.o
    0x08000efc   0x08000efc   0x00000028   Code   RO         4633    i.OLED_Update       oled.o
    0x08000f24   0x08000f24   0x00000018   Code   RO         4635    i.OLED_W_SCL        oled.o
    0x08000f3c   0x08000f3c   0x00000018   Code   RO         4636    i.OLED_W_SDA        oled.o
    0x08000f54   0x08000f54   0x00000020   Code   RO         4637    i.OLED_WriteCommand  oled.o
    0x08000f74   0x08000f74   0x0000002e   Code   RO         4638    i.OLED_WriteData    oled.o
    0x08000fa2   0x08000fa2   0x00000004   Code   RO            8    i.PendSV_Handler    gd32f10x_it.o
    0x08000fa6   0x08000fa6   0x00000004   Code   RO            9    i.SVC_Handler       gd32f10x_it.o
    0x08000faa   0x08000faa   0x00000002   PAD
    0x08000fac   0x08000fac   0x00000018   Code   RO           10    i.SysTick_Handler   gd32f10x_it.o
    0x08000fc4   0x08000fc4   0x00000120   Code   RO          293    i.SystemInit        system_gd32f10x.o
    0x080010e4   0x080010e4   0x00000004   Code   RO           11    i.UsageFault_Handler  gd32f10x_it.o
    0x080010e8   0x080010e8   0x00000020   Code   RO         5246    i.__0printf         mc_w.l(printfa.o)
    0x08001108   0x08001108   0x0000000e   Code   RO         5375    i.__scatterload_copy  mc_w.l(handlers.o)
    0x08001116   0x08001116   0x00000002   Code   RO         5376    i.__scatterload_null  mc_w.l(handlers.o)
    0x08001118   0x08001118   0x0000000e   Code   RO         5377    i.__scatterload_zeroinit  mc_w.l(handlers.o)
    0x08001126   0x08001126   0x00000002   PAD
    0x08001128   0x08001128   0x00000184   Code   RO         5253    i._fp_digits        mc_w.l(printfa.o)
    0x080012ac   0x080012ac   0x000006b4   Code   RO         5254    i._printf_core      mc_w.l(printfa.o)
    0x08001960   0x08001960   0x00000024   Code   RO         5255    i._printf_post_padding  mc_w.l(printfa.o)
    0x08001984   0x08001984   0x0000002e   Code   RO         5256    i._printf_pre_padding  mc_w.l(printfa.o)
    0x080019b2   0x080019b2   0x0000001c   Code   RO          294    i._soft_delay_      system_gd32f10x.o
    0x080019ce   0x080019ce   0x00000002   PAD
    0x080019d0   0x080019d0   0x00000014   Code   RO          239    i.delay_1ms         systick.o
    0x080019e4   0x080019e4   0x00000018   Code   RO          240    i.delay_decrement   systick.o
    0x080019fc   0x080019fc   0x00000024   Code   RO          202    i.fputc             main.o
    0x08001a20   0x08001a20   0x0000000a   Code   RO         2452    i.gpio_bit_write    gd32f10x_gpio.o
    0x08001a2a   0x08001a2a   0x000000ac   Code   RO         2459    i.gpio_init         gd32f10x_gpio.o
    0x08001ad6   0x08001ad6   0x00000002   PAD
    0x08001ad8   0x08001ad8   0x000000a0   Code   RO          203    i.main              main.o
    0x08001b78   0x08001b78   0x00000018   Code   RO         2780    i.nvic_vector_table_set  gd32f10x_misc.o
    0x08001b90   0x08001b90   0x0000016c   Code   RO         2928    i.rcu_clock_freq_get  gd32f10x_rcu.o
    0x08001cfc   0x08001cfc   0x00000020   Code   RO         2947    i.rcu_periph_clock_enable  gd32f10x_rcu.o
    0x08001d1c   0x08001d1c   0x00000020   Code   RO         2950    i.rcu_periph_reset_disable  gd32f10x_rcu.o
    0x08001d3c   0x08001d3c   0x00000020   Code   RO         2951    i.rcu_periph_reset_enable  gd32f10x_rcu.o
    0x08001d5c   0x08001d5c   0x000000f0   Code   RO          296    i.system_clock_72m_hxtal  system_gd32f10x.o
    0x08001e4c   0x08001e4c   0x00000008   Code   RO          297    i.system_clock_config  system_gd32f10x.o
    0x08001e54   0x08001e54   0x00000050   Code   RO          241    i.systick_config    systick.o
    0x08001ea4   0x08001ea4   0x00000090   Code   RO         4206    i.usart_baudrate_set  gd32f10x_usart.o
    0x08001f34   0x08001f34   0x00000084   Code   RO          204    i.usart_config      main.o
    0x08001fb8   0x08001fb8   0x00000008   Code   RO         4208    i.usart_data_transmit  gd32f10x_usart.o
    0x08001fc0   0x08001fc0   0x00000090   Code   RO         4209    i.usart_deinit      gd32f10x_usart.o
    0x08002050   0x08002050   0x0000000a   Code   RO         4213    i.usart_enable      gd32f10x_usart.o
    0x0800205a   0x0800205a   0x0000001e   Code   RO         4215    i.usart_flag_get    gd32f10x_usart.o
    0x08002078   0x08002078   0x00000014   Code   RO         4219    i.usart_hardware_flow_cts_config  gd32f10x_usart.o
    0x0800208c   0x0800208c   0x00000014   Code   RO         4220    i.usart_hardware_flow_rts_config  gd32f10x_usart.o
    0x080020a0   0x080020a0   0x00000010   Code   RO         4234    i.usart_parity_config  gd32f10x_usart.o
    0x080020b0   0x080020b0   0x00000010   Code   RO         4236    i.usart_receive_config  gd32f10x_usart.o
    0x080020c0   0x080020c0   0x00000010   Code   RO         4242    i.usart_stop_bit_set  gd32f10x_usart.o
    0x080020d0   0x080020d0   0x00000010   Code   RO         4246    i.usart_transmit_config  gd32f10x_usart.o
    0x080020e0   0x080020e0   0x00000010   Code   RO         4247    i.usart_word_length_set  gd32f10x_usart.o
    0x080020f0   0x080020f0   0x0000094d   Data   RO         4856    .constdata          oled_data.o
    0x08002a3d   0x08002a3d   0x00000003   PAD
    0x08002a40   0x08002a40   0x00000020   Data   RO         5373    Region$$Table       anon$$obj.o


    Execution Region RW_IRAM1 (Exec base: 0x20000000, Load base: 0x08002a60, Size: 0x00000818, Max: 0x00018000, ABSOLUTE)

    Exec Addr    Load Addr    Size         Type   Attr      Idx    E Section Name        Object

    0x20000000   0x08002a60   0x00000004   Data   RW           12    .data               gd32f10x_it.o
    0x20000004   0x08002a64   0x00000004   Data   RW          242    .data               systick.o
    0x20000008   0x08002a68   0x00000004   Data   RW          298    .data               system_gd32f10x.o
    0x2000000c   0x08002a6c   0x00000004   Data   RW         4876    .data               gui.o
    0x20000010   0x08002a70   0x00000004   Data   RW         5340    .data               mc_w.l(stdout.o)
    0x20000014        -       0x00000400   Zero   RW         4640    .bss                oled.o
    0x20000414   0x08002a74   0x00000004   PAD
    0x20000418        -       0x00000400   Zero   RW         4534    STACK               startup_gd32f10x_cl.o


==============================================================================

Image component sizes


      Code (inc. data)   RO Data    RW Data    ZI Data      Debug   Object Name

       182          0          0          0          0      11477   gd32f10x_gpio.o
        56          6          0          4          0       9803   gd32f10x_it.o
        24          8          0          0          0        612   gd32f10x_misc.o
       460         42          0          0          0      17640   gd32f10x_rcu.o
       456         16          0          0          0      13362   gd32f10x_usart.o
       456        122          0          4          0       4591   gui.o
        44          6          0          0          0        459   ir_send.o
        56          8          0          0          0        464   keyboard.o
       328         60          0          0          0       1494   main.o
      1614         52          0          0       1024      11377   oled.o
         0          0       2381          0          0       1130   oled_data.o
        36          8        336          0       1024        860   startup_gd32f10x_cl.o
       564         40          0          4          0       3571   system_gd32f10x.o
       164         24          0          4          0      28766   systick.o

    ----------------------------------------------------------------------
      4450        392       2752         16       2052     105606   Object Totals
         0          0         32          0          0          0   (incl. Generated)
        10          0          3          0          4          0   (incl. Padding)

    ----------------------------------------------------------------------

      Code (inc. data)   RO Data    RW Data    ZI Data      Debug   Library Member Name

         0          0          0          0          0          0   entry.o
         0          0          0          0          0          0   entry10a.o
         0          0          0          0          0          0   entry11a.o
         4          0          0          0          0          0   entry12b.o
         8          4          0          0          0          0   entry2.o
         4          0          0          0          0          0   entry5.o
         0          0          0          0          0          0   entry7b.o
         0          0          0          0          0          0   entry8b.o
         8          4          0          0          0          0   entry9a.o
        30          0          0          0          0          0   handlers.o
        36          8          0          0          0         68   init.o
         0          0          0          0          0          0   iusefp.o
        30          0          0          0          0         68   llshl.o
        36          0          0          0          0         68   llsshr.o
        32          0          0          0          0         68   llushr.o
      2218         90          0          0          0        464   printfa.o
         0          0          0          4          0          0   stdout.o
        28          0          0          0          0         76   strcmp.o
        44          0          0          0          0         80   uidiv.o
        98          0          0          0          0         92   uldiv.o
        48          0          0          0          0         68   cdrcmple.o
       334          0          0          0          0        148   dadd.o
       222          0          0          0          0        100   ddiv.o
       186          0          0          0          0        176   depilogue.o
        48          0          0          0          0         68   dfixul.o
       228          0          0          0          0         96   dmul.o

    ----------------------------------------------------------------------
      3646        106          0          4          0       1640   Library Totals
         4          0          0          0          0          0   (incl. Padding)

    ----------------------------------------------------------------------

      Code (inc. data)   RO Data    RW Data    ZI Data      Debug   Library Name

      2576        106          0          4          0        984   mc_w.l
      1066          0          0          0          0        656   mf_w.l

    ----------------------------------------------------------------------
      3646        106          0          4          0       1640   Library Totals

    ----------------------------------------------------------------------

==============================================================================


      Code (inc. data)   RO Data    RW Data    ZI Data      Debug   

      8096        498       2752         20       2052     103238   Grand Totals
      8096        498       2752         20       2052     103238   ELF Image Totals
      8096        498       2752         20          0          0   ROM Totals

==============================================================================

    Total RO  Size (Code + RO Data)                10848 (  10.59kB)
    Total RW  Size (RW Data + ZI Data)              2072 (   2.02kB)
    Total ROM Size (Code + RO Data + RW Data)      10868 (  10.61kB)

==============================================================================

