<html>
<body>
<pre>
<h1>µVision Build Log</h1>
<h2>Tool Versions:</h2>
IDE-Version: ¦ÌVision V5.25.3.0
Copyright (C) 2018 ARM Ltd and ARM Germany GmbH. All rights reserved.
License Information: 123 foxbrokenleaf, 123, LIC=QF82M-XUSUB-RACDM-X9CHC-L72GM-M3R98
 
Tool Versions:
Toolchain:       MDK-ARM Plus  Version: 5.32.0.0
Toolchain Path:  F:\Software\Develop\Software\Keil\ARM\ARMCC\Bin
C Compiler:      Armcc.exe V5.06 update 7 (build 960)
Assembler:       Armasm.exe V5.06 update 7 (build 960)
Linker/Locator:  ArmLink.exe V5.06 update 7 (build 960)
Library Manager: ArmAr.exe V5.06 update 7 (build 960)
Hex Converter:   FromElf.exe V5.06 update 7 (build 960)
CPU DLL:         SARMCM3.DLL V5.32.0.0
Dialog DLL:      DCM.DLL V1.17.3.0
Target DLL:      CMSIS_AGDI.dll V1.32.12.0
Dialog DLL:      TCM.DLL V1.46.0.0
 
<h2>Project:</h2>
E:\PrivateDevepleProject\kongtiao\Template\Keil5_project\Project.uvprojx
Project File Date:  08/06/2025

<h2>Output:</h2>
*** Using Compiler 'V5.06 update 7 (build 960)', folder: 'F:\Software\Develop\Software\Keil\ARM\ARMCC\Bin'
Rebuild target 'GD32F10X_CL'
compiling systick.c...
compiling gd32f10x_adc.c...
compiling gd32f10x_crc.c...
compiling gd32f10x_bkp.c...
compiling gd32f10x_can.c...
compiling gd32f10x_it.c...
..\drive\oled/gui.h(52): warning:  #1-D: last line of file ends without a newline
  #endif
..\drive\IR/Sender/IR_Send.h(7): warning:  #1295-D: Deprecated declaration IR_Send_Init - give arg types
  void IR_Send_Init();
..\drive\IR/Sender/IR_Send.h(8): warning:  #1295-D: Deprecated declaration IR_Send_Test - give arg types
  void IR_Send_Test();
..\drive\IR/Sender/IR_Send.h(10): warning:  #1-D: last line of file ends without a newline
  #endif
..\drive\Keyboard/keyboard.h(26): warning:  #1295-D: Deprecated declaration Keyboard_Init - give arg types
  void Keyboard_Init();
..\drive\Keyboard/keyboard.h(29): warning:  #1-D: last line of file ends without a newline
  #endif
..\gd32f10x_it.c: 6 warnings, 0 errors
compiling gd32f10x_dbg.c...
compiling system_gd32f10x.c...
compiling main.c...
..\drive\oled/gui.h(52): warning:  #1-D: last line of file ends without a newline
  #endif
..\drive\IR/Sender/IR_Send.h(7): warning:  #1295-D: Deprecated declaration IR_Send_Init - give arg types
  void IR_Send_Init();
..\drive\IR/Sender/IR_Send.h(8): warning:  #1295-D: Deprecated declaration IR_Send_Test - give arg types
  void IR_Send_Test();
..\drive\IR/Sender/IR_Send.h(10): warning:  #1-D: last line of file ends without a newline
  #endif
..\drive\Keyboard/keyboard.h(26): warning:  #1295-D: Deprecated declaration Keyboard_Init - give arg types
  void Keyboard_Init();
..\drive\Keyboard/keyboard.h(29): warning:  #1-D: last line of file ends without a newline
  #endif
..\main.c(74): warning:  #1-D: last line of file ends without a newline
  }
..\main.c: 7 warnings, 0 errors
compiling gd32f10x_dma.c...
compiling gd32f10x_dac.c...
compiling gd32f10x_enet.c...
compiling gd32f10x_exmc.c...
compiling gd32f10x_exti.c...
compiling gd32f10x_fwdgt.c...
compiling gd32f10x_fmc.c...
compiling gd32f10x_misc.c...
compiling gd32f10x_gpio.c...
compiling gd32f10x_i2c.c...
compiling gd32f10x_pmu.c...
compiling gd32f10x_rtc.c...
compiling gd32f10x_rcu.c...
assembling startup_gd32f10x_cl.s...
compiling gd32f10x_spi.c...
compiling gd32f10x_sdio.c...
compiling gd32f10x_usart.c...
compiling gd32f10x_timer.c...
compiling OLED_Data.c...
compiling gd32f10x_wwdgt.c...
compiling gui.c...
..\drive\oled\gui.h(52): warning:  #1-D: last line of file ends without a newline
  #endif
..\drive\oled\gui.c(134): warning:  #1-D: last line of file ends without a newline
  }
..\drive\oled\gui.c: 2 warnings, 0 errors
compiling gd32f10x_eval.c...
compiling OLED.c...
compiling keyboard.c...
..\drive\Keyboard\keyboard.h(26): warning:  #1295-D: Deprecated declaration Keyboard_Init - give arg types
  void Keyboard_Init();
..\drive\Keyboard\keyboard.h(29): warning:  #1-D: last line of file ends without a newline
  #endif
..\drive\Keyboard\keyboard.c(34): warning:  #1-D: last line of file ends without a newline
  }
..\drive\Keyboard\keyboard.c(34): warning:  #940-D: missing return statement at end of non-void function "GetKeyboardCode" 
  }
..\drive\Keyboard\keyboard.c: 4 warnings, 0 errors
compiling IR_Send.c...
..\drive\IR\Sender\IR_Send.h(7): warning:  #1295-D: Deprecated declaration IR_Send_Init - give arg types
  void IR_Send_Init();
..\drive\IR\Sender\IR_Send.h(8): warning:  #1295-D: Deprecated declaration IR_Send_Test - give arg types
  void IR_Send_Test();
..\drive\IR\Sender\IR_Send.h(10): warning:  #1-D: last line of file ends without a newline
  #endif
..\drive\IR\Sender\IR_Send.c(19): warning:  #1-D: last line of file ends without a newline
  }
..\drive\IR\Sender\IR_Send.c: 4 warnings, 0 errors
linking...
Program Size: Code=8096 RO-data=2752 RW-data=20 ZI-data=2052  
".\output\Project.axf" - 0 Error(s), 23 Warning(s).

<h2>Software Packages used:</h2>

Package Vendor: GigaDevice
                http://gd32mcu.com/data/documents/pack/GigaDevice.GD32F10x_DFP.2.0.2.pack
                GigaDevice.GD32F10x_DFP.2.0.2
                GigaDevice GD32F10x Series Device Support and Examples

<h2>Collection of Component include folders:</h2>
  .\RTE\_GD32F10X_CL
  C:\Users\foxbrokenleaf\AppData\Local\Arm\Packs\GigaDevice\GD32F10x_DFP\2.0.2\Device\Include

<h2>Collection of Component Files used:</h2>
Build Time Elapsed:  00:00:03
</pre>
</body>
</html>
