C51 COMPILER V9.59.0.0   MAIN                                                              07/12/2026 17:21:45 PAGE 1   


C51 COMPILER V9.59.0.0, COMPILATION OF MODULE MAIN
OBJECT MODULE PLACED IN .\Objects\main.obj
COMPILER INVOKED BY: F:\Software\Develop\Software\Keil\C51\BIN\C51.EXE main.c ROM(COMPACT) OPTIMIZE(8,SPEED) INCDIR(..\w
                    -s51f6240-main) PRINT(.\Listings\main.lst) TABS(2) OBJECT(.\Objects\main.obj)

line level    source

   1          #include "ws51f6240.h"
   2          
   3          sbit OLED_SCL_P = P1^3;
   4          sbit OLED_SDA_P = P1^4;
   5          
   6          #define OLED_W_SCL(v) (OLED_SCL_P = v)
   7          #define OLED_W_SDA(v) (OLED_SDA_P = v)
   8          #define OLED_ADDR 0x7A
   9          #define OLED_PAGES 2
  10          #define OLED_WIDTH 96
  11          
  12          sbit P11 = P1 ^ 1;
  13          
  14          /*
  15           * Define private funcation
  16          */
  17          void OLED_Init(void);
  18          void OLED_Update(void);
  19          
  20          /*
  21           *  Private var
  22           */
  23          unsigned char xdata OLED_DisplayBuf[OLED_PAGES][OLED_WIDTH];
  24          
  25          static void delay(int i)
  26          {
  27   1        long j;
  28   1        for(j=0;j<10*i;++j);
  29   1      }
  30          
  31          void main(){
  32   1          
  33   1          int i;
  34   1        
  35   1           SCCON  = 0x00;//HRC
  36   1           HRCON |= 0x80;
  37   1        
  38   1          P11F = 0x02;
  39   1      
  40   1          P11 = 1;
  41   1      
  42   1        
  43   1          while(1){
  44   2      
  45   2          }
  46   1      }
*** WARNING C280 IN LINE 33 OF main.c: 'i': unreferenced local variable
  47          
  48          static void OLED_Delay(unsigned long us)
  49          {
  50   1          unsigned long i;
  51   1          while (us--)
  52   1              for (i = 0; i < 10; i++);
  53   1      }
C51 COMPILER V9.59.0.0   MAIN                                                              07/12/2026 17:21:45 PAGE 2   

  54          
  55          void OLED_GPIO_Init(void)
  56          {
  57   1          unsigned int i, j;
  58   1          for (i = 0; i < 1000; i++)
  59   1              for (j = 0; j < 1000; j++);
  60   1          P13F = 0x02;
  61   1          P14F = 0x02;
  62   1          OLED_W_SCL(1);
  63   1          OLED_W_SDA(1);
  64   1      }
  65          
  66          void OLED_I2C_Start(void)
  67          {
  68   1          OLED_W_SDA(1); OLED_W_SCL(1); OLED_Delay(1);
  69   1          OLED_W_SDA(0); OLED_Delay(1);
  70   1          OLED_W_SCL(0);
  71   1      }
  72          
  73          void OLED_I2C_Stop(void)
  74          {
  75   1          OLED_W_SDA(0); OLED_W_SCL(1); OLED_Delay(1);
  76   1          OLED_W_SDA(1); OLED_Delay(1);
  77   1      }
  78          
  79          void OLED_I2C_SendByte(unsigned char Byte)
  80          {
  81   1          unsigned char i;
  82   1          for (i = 0; i < 8; i++)
  83   1          {
  84   2              OLED_W_SDA(!!(Byte & (0x80 >> i)));
  85   2              OLED_Delay(1);
  86   2              OLED_W_SCL(1); OLED_Delay(1);
  87   2              OLED_W_SCL(0); OLED_Delay(1);
  88   2          }
  89   1          OLED_W_SCL(1); OLED_Delay(1);
  90   1          OLED_W_SCL(0); OLED_Delay(1);
  91   1      }
  92          
  93          void OLED_WriteCommand(unsigned char Command)
  94          {
  95   1          OLED_I2C_Start();
  96   1          OLED_I2C_SendByte(OLED_ADDR);
  97   1          OLED_I2C_SendByte(0x00);
  98   1          OLED_I2C_SendByte(Command);
  99   1          OLED_I2C_Stop();
 100   1      }
 101          
 102          void OLED_WriteData(unsigned char *Data, unsigned char Count)
 103          {
 104   1          unsigned char i;
 105   1          OLED_I2C_Start();
 106   1          OLED_I2C_SendByte(OLED_ADDR);
 107   1          OLED_I2C_SendByte(0x40);
 108   1          for (i = 0; i < Count; i++)
 109   1              OLED_I2C_SendByte(Data[i]);
 110   1          OLED_I2C_Stop();
 111   1      }
 112           
 113          /* ==================== 硬件配置 ==================== */
 114          void OLED_Init(void)
 115          {
C51 COMPILER V9.59.0.0   MAIN                                                              07/12/2026 17:21:45 PAGE 3   

 116   1          OLED_GPIO_Init();
 117   1          OLED_WriteCommand(0xAE);
 118   1          OLED_WriteCommand(0xD5); OLED_WriteCommand(0x80);
 119   1          OLED_WriteCommand(0xA8); OLED_WriteCommand(0x0F);
 120   1          OLED_WriteCommand(0xD3); OLED_WriteCommand(0x00);
 121   1          OLED_WriteCommand(0x40);
 122   1          OLED_WriteCommand(0xA1);
 123   1          OLED_WriteCommand(0xC8);
 124   1          OLED_WriteCommand(0xDA); OLED_WriteCommand(0x02);
 125   1          OLED_WriteCommand(0x81); OLED_WriteCommand(0xCF);
 126   1          OLED_WriteCommand(0xD9); OLED_WriteCommand(0xF1);
 127   1          OLED_WriteCommand(0xDB); OLED_WriteCommand(0x30);
 128   1          OLED_WriteCommand(0xA4);
 129   1          OLED_WriteCommand(0xA6);
 130   1          OLED_WriteCommand(0x8D); OLED_WriteCommand(0x14);
 131   1          OLED_WriteCommand(0xAF);
 132   1      }
 133          
 134          


MODULE INFORMATION:   STATIC OVERLAYABLE
   CODE SIZE        =    524    ----
   CONSTANT SIZE    =   ----    ----
   XDATA SIZE       =    192    ----
   PDATA SIZE       =   ----    ----
   DATA SIZE        =   ----      24
   IDATA SIZE       =   ----    ----
   BIT SIZE         =   ----    ----
END OF MODULE INFORMATION.


C51 COMPILATION COMPLETE.  1 WARNING(S),  0 ERROR(S)
