C51 COMPILER V9.59.0.0   OLED_DATA                                                         07/07/2026 21:48:06 PAGE 1   


C51 COMPILER V9.59.0.0, COMPILATION OF MODULE OLED_DATA
OBJECT MODULE PLACED IN .\Objects\OLED_Data.obj
COMPILER INVOKED BY: F:\Software\Develop\Software\Keil\C51\BIN\C51.EXE OLED_Data.c ROM(COMPACT) OPTIMIZE(8,SPEED) BROWSE
                    - INCDIR(..\ws51f6240-main) DEBUG OBJECTEXTEND PRINT(.\Listings\OLED_Data.lst) TABS(2) OBJECT(.\Objects\OLED_Data.obj)

line level    source

   1          #include "OLED_Data.h"
   2          
   3          /**
   4            * 数据存储格式：
   5            * 纵向8点，高位在下，先从左到右，再从上到下
   6            * 每一个Bit对应一个像素点
   7            * 
   8            *      B0 B0                  B0 B0
   9            *      B1 B1                  B1 B1
  10            *      B2 B2                  B2 B2
  11            *      B3 B3  ------------->  B3 B3 --
  12            *      B4 B4                  B4 B4  |
  13            *      B5 B5                  B5 B5  |
  14            *      B6 B6                  B6 B6  |
  15            *      B7 B7                  B7 B7  |
  16            *                                    |
  17            *  -----------------------------------
  18            *  |   
  19            *  |   B0 B0                  B0 B0
  20            *  |   B1 B1                  B1 B1
  21            *  |   B2 B2                  B2 B2
  22            *  --> B3 B3  ------------->  B3 B3
  23            *      B4 B4                  B4 B4
  24            *      B5 B5                  B5 B5
  25            *      B6 B6                  B6 B6
  26            *      B7 B7                  B7 B7
  27            * 
  28            */
  29          
  30          /*ASCII字模数据*********************/
  31          
  32          /*宽6像素，高8像素*/
  33          const unsigned char code OLED_F6x8[][6] = 
  34          {
  35            0x00,0x00,0x00,0x00,0x00,0x00,//   0
  36            0x00,0x00,0x00,0x2F,0x00,0x00,// ! 1
  37            0x00,0x00,0x07,0x00,0x07,0x00,// " 2
  38            0x00,0x14,0x7F,0x14,0x7F,0x14,// # 3
  39            0x00,0x24,0x2A,0x7F,0x2A,0x12,// $ 4
  40            0x00,0x23,0x13,0x08,0x64,0x62,// % 5
  41            0x00,0x36,0x49,0x55,0x22,0x50,// & 6
  42            0x00,0x00,0x00,0x07,0x00,0x00,// ' 7
  43            0x00,0x00,0x1C,0x22,0x41,0x00,// ( 8
  44            0x00,0x00,0x41,0x22,0x1C,0x00,// ) 9
  45            0x00,0x14,0x08,0x3E,0x08,0x14,// * 10
  46            0x00,0x08,0x08,0x3E,0x08,0x08,// + 11
  47            0x00,0x00,0x00,0xA0,0x60,0x00,// , 12
  48            0x00,0x08,0x08,0x08,0x08,0x08,// - 13
  49            0x00,0x00,0x60,0x60,0x00,0x00,// . 14
  50            0x00,0x20,0x10,0x08,0x04,0x02,// / 15
  51            0x00,0x3E,0x51,0x49,0x45,0x3E,// 0 16
  52            0x00,0x00,0x42,0x7F,0x40,0x00,// 1 17
  53            0x00,0x42,0x61,0x51,0x49,0x46,// 2 18
  54            0x00,0x21,0x41,0x45,0x4B,0x31,// 3 19
C51 COMPILER V9.59.0.0   OLED_DATA                                                         07/07/2026 21:48:06 PAGE 2   

  55            0x00,0x18,0x14,0x12,0x7F,0x10,// 4 20
  56            0x00,0x27,0x45,0x45,0x45,0x39,// 5 21
  57            0x00,0x3C,0x4A,0x49,0x49,0x30,// 6 22
  58            0x00,0x01,0x71,0x09,0x05,0x03,// 7 23
  59            0x00,0x36,0x49,0x49,0x49,0x36,// 8 24
  60            0x00,0x06,0x49,0x49,0x29,0x1E,// 9 25
  61            0x00,0x00,0x36,0x36,0x00,0x00,// : 26
  62            0x00,0x00,0x56,0x36,0x00,0x00,// ; 27
  63            0x00,0x08,0x14,0x22,0x41,0x00,// < 28
  64            0x00,0x14,0x14,0x14,0x14,0x14,// = 29
  65            0x00,0x00,0x41,0x22,0x14,0x08,// > 30
  66            0x00,0x02,0x01,0x51,0x09,0x06,// ? 31
  67            0x00,0x3E,0x49,0x55,0x59,0x2E,// @ 32
  68            0x00,0x7C,0x12,0x11,0x12,0x7C,// A 33
  69            0x00,0x7F,0x49,0x49,0x49,0x36,// B 34
  70            0x00,0x3E,0x41,0x41,0x41,0x22,// C 35
  71            0x00,0x7F,0x41,0x41,0x22,0x1C,// D 36
  72            0x00,0x7F,0x49,0x49,0x49,0x41,// E 37
  73            0x00,0x7F,0x09,0x09,0x09,0x01,// F 38
  74            0x00,0x3E,0x41,0x49,0x49,0x7A,// G 39
  75            0x00,0x7F,0x08,0x08,0x08,0x7F,// H 40
  76            0x00,0x00,0x41,0x7F,0x41,0x00,// I 41
  77            0x00,0x20,0x40,0x41,0x3F,0x01,// J 42
  78            0x00,0x7F,0x08,0x14,0x22,0x41,// K 43
  79            0x00,0x7F,0x40,0x40,0x40,0x40,// L 44
  80            0x00,0x7F,0x02,0x0C,0x02,0x7F,// M 45
  81            0x00,0x7F,0x04,0x08,0x10,0x7F,// N 46
  82            0x00,0x3E,0x41,0x41,0x41,0x3E,// O 47
  83            0x00,0x7F,0x09,0x09,0x09,0x06,// P 48
  84            0x00,0x3E,0x41,0x51,0x21,0x5E,// Q 49
  85            0x00,0x7F,0x09,0x19,0x29,0x46,// R 50
  86            0x00,0x46,0x49,0x49,0x49,0x31,// S 51
  87            0x00,0x01,0x01,0x7F,0x01,0x01,// T 52
  88            0x00,0x3F,0x40,0x40,0x40,0x3F,// U 53
  89            0x00,0x1F,0x20,0x40,0x20,0x1F,// V 54
  90            0x00,0x3F,0x40,0x38,0x40,0x3F,// W 55
  91            0x00,0x63,0x14,0x08,0x14,0x63,// X 56
  92            0x00,0x07,0x08,0x70,0x08,0x07,// Y 57
  93            0x00,0x61,0x51,0x49,0x45,0x43,// Z 58
  94            0x00,0x00,0x7F,0x41,0x41,0x00,// [ 59
  95            0x00,0x02,0x04,0x08,0x10,0x20,// \ 60
  96            0x00,0x00,0x41,0x41,0x7F,0x00,// ] 61
  97            0x00,0x04,0x02,0x01,0x02,0x04,// ^ 62
  98            0x00,0x40,0x40,0x40,0x40,0x40,// _ 63
  99            0x00,0x00,0x01,0x02,0x04,0x00,// ` 64
 100            0x00,0x20,0x54,0x54,0x54,0x78,// a 65
 101            0x00,0x7F,0x48,0x44,0x44,0x38,// b 66
 102            0x00,0x38,0x44,0x44,0x44,0x20,// c 67
 103            0x00,0x38,0x44,0x44,0x48,0x7F,// d 68
 104            0x00,0x38,0x54,0x54,0x54,0x18,// e 69
 105            0x00,0x08,0x7E,0x09,0x01,0x02,// f 70
 106            0x00,0x18,0xA4,0xA4,0xA4,0x7C,// g 71
 107            0x00,0x7F,0x08,0x04,0x04,0x78,// h 72
 108            0x00,0x00,0x44,0x7D,0x40,0x00,// i 73
 109            0x00,0x40,0x80,0x84,0x7D,0x00,// j 74
 110            0x00,0x7F,0x10,0x28,0x44,0x00,// k 75
 111            0x00,0x00,0x41,0x7F,0x40,0x00,// l 76
 112            0x00,0x7C,0x04,0x18,0x04,0x78,// m 77
 113            0x00,0x7C,0x08,0x04,0x04,0x78,// n 78
 114            0x00,0x38,0x44,0x44,0x44,0x38,// o 79
 115            0x00,0xFC,0x24,0x24,0x24,0x18,// p 80
 116            0x00,0x18,0x24,0x24,0x18,0xFC,// q 81
C51 COMPILER V9.59.0.0   OLED_DATA                                                         07/07/2026 21:48:06 PAGE 3   

 117            0x00,0x7C,0x08,0x04,0x04,0x08,// r 82
 118            0x00,0x48,0x54,0x54,0x54,0x20,// s 83
 119            0x00,0x04,0x3F,0x44,0x40,0x20,// t 84
 120            0x00,0x3C,0x40,0x40,0x20,0x7C,// u 85
 121            0x00,0x1C,0x20,0x40,0x20,0x1C,// v 86
 122            0x00,0x3C,0x40,0x30,0x40,0x3C,// w 87
 123            0x00,0x44,0x28,0x10,0x28,0x44,// x 88
 124            0x00,0x1C,0xA0,0xA0,0xA0,0x7C,// y 89
 125            0x00,0x44,0x64,0x54,0x4C,0x44,// z 90
 126            0x00,0x00,0x08,0x7F,0x41,0x00,// { 91
 127            0x00,0x00,0x00,0x7F,0x00,0x00,// | 92
 128            0x00,0x00,0x41,0x7F,0x08,0x00,// } 93
 129            0x00,0x08,0x04,0x08,0x10,0x08,// ~ 94
 130          };
 131          /*********************ASCII字模数据*/
 132          
 133          
 134          /*汉字字模数据*********************/
 135          
 136          /*相同的汉字只需要定义一次，汉字不分先后顺序*/
 137          /*必须全部为汉字或者全角字符，不要加入任何半角字符*/
 138          
 139          
 140          /*****************江协科技|版权所有****************/
 141          /*****************jiangxiekeji.com*****************/


MODULE INFORMATION:   STATIC OVERLAYABLE
   CODE SIZE        =   ----    ----
   CONSTANT SIZE    =    570    ----
   XDATA SIZE       =   ----    ----
   PDATA SIZE       =   ----    ----
   DATA SIZE        =   ----    ----
   IDATA SIZE       =   ----    ----
   BIT SIZE         =   ----    ----
END OF MODULE INFORMATION.


C51 COMPILATION COMPLETE.  0 WARNING(S),  0 ERROR(S)
