BL51 BANKED LINKER/LOCATER V6.22.2.0                                                    09/09/2026  12:38:34  PAGE 1


BL51 BANKED LINKER/LOCATER V6.22.2.0, INVOKED BY:
F:\SOFTWARE\DEVELOP\SOFTWARE\KEIL\C51\BIN\BL51.EXE .\Objects\STARTUP.obj, .\Objects\main.obj TO .\Objects\project PRINT 
>> (.\Listings\project.m51) RAMSIZE (256) XDATA (0X8000-0X83FE)


MEMORY MODEL: SMALL WITH FLOATING POINT ARITHMETIC


INPUT MODULES INCLUDED:
  .\Objects\STARTUP.obj (?C_STARTUP)
  .\Objects\main.obj (MAIN)
  F:\SOFTWARE\DEVELOP\SOFTWARE\KEIL\C51\LIB\C51FPS.LIB (?C?FPMUL)
  F:\SOFTWARE\DEVELOP\SOFTWARE\KEIL\C51\LIB\C51FPS.LIB (?C?FPDIV)
  F:\SOFTWARE\DEVELOP\SOFTWARE\KEIL\C51\LIB\C51FPS.LIB (?C?FCAST)
  F:\SOFTWARE\DEVELOP\SOFTWARE\KEIL\C51\LIB\C51FPS.LIB (?C?CASTF)
  F:\SOFTWARE\DEVELOP\SOFTWARE\KEIL\C51\LIB\C51FPS.LIB (?C?FPGETOPN)
  F:\SOFTWARE\DEVELOP\SOFTWARE\KEIL\C51\LIB\C51S.LIB (?C_INIT)
  F:\SOFTWARE\DEVELOP\SOFTWARE\KEIL\C51\LIB\C51S.LIB (?C?IMUL)
  F:\SOFTWARE\DEVELOP\SOFTWARE\KEIL\C51\LIB\C51S.LIB (?C?LNEG)
  F:\SOFTWARE\DEVELOP\SOFTWARE\KEIL\C51\LIB\C51S.LIB (?C?SLCMP)


LINK MAP OF MODULE:  .\Objects\project (?C_STARTUP)


            TYPE    BASE      LENGTH    RELOCATION   SEGMENT NAME
            -----------------------------------------------------

            * * * * * * *   D A T A   M E M O R Y   * * * * * * *
            REG     0000H     0008H     ABSOLUTE     "REG BANK 0"
            DATA    0008H     0011H     UNIT         ?DT?MAIN
            DATA    0019H     0006H     UNIT         ?DT?_DELAY?MAIN
                    001FH     0001H                  *** GAP ***
            BIT     0020H.0   0000H.2   UNIT         ?BI?MAIN
            BIT     0020H.2   0000H.1   UNIT         _BIT_GROUP_
                    0020H.3   0000H.5                *** GAP ***
            DATA    0021H     0008H     UNIT         _DATA_GROUP_
            IDATA   0029H     0001H     UNIT         ?STACK

            * * * * * * *   C O D E   M E M O R Y   * * * * * * *
            CODE    0000H     0003H     ABSOLUTE     
            CODE    0003H     0007H     INBLOCK      ?PR?TIMER1_ISR?MAIN
                    000AH     0001H                  *** GAP ***
            CODE    000BH     0003H     ABSOLUTE     
            CODE    000EH     000BH     INBLOCK      ?PR?TIMER0_ISR?MAIN
                    0019H     0002H                  *** GAP ***
            CODE    001BH     0003H     ABSOLUTE     
            CODE    001EH     001BH     INBLOCK      ?PR?_REVERSE_BITS?MAIN
                    0039H     0002H                  *** GAP ***
            CODE    003BH     0003H     ABSOLUTE     
            CODE    003EH     029BH     UNIT         ?C?LIB_CODE
            CODE    02D9H     0210H     INBLOCK      ?PR?MAIN?MAIN
            CODE    04E9H     0100H     UNIT         ?CO?MAIN
            CODE    05E9H     00CFH     INBLOCK      ?PR?CHARGECHECKTASK?MAIN
            CODE    06B8H     00C4H     INBLOCK      ?PR?TESTMODE?MAIN
            CODE    077CH     007AH     INBLOCK      ?PR?SYSTEMINIT?MAIN
            CODE    07F6H     0006H     INBLOCK      ?PR?TIMER3_ISR?MAIN
                    07FCH     0004H                  *** GAP ***
BL51 BANKED LINKER/LOCATER V6.22.2.0                                                  09/09/2026  12:38:34  PAGE 2


            CODE    0800H     00B7H     INBLOCK      ?PR?IRTASK?MAIN
            CODE    08B7H     008CH     UNIT         ?C_C51STARTUP
            CODE    0943H     0078H     INBLOCK      ?PR?GUIMANAGE?MAIN
            CODE    09BBH     006DH     INBLOCK      ?PR?IR_DATA_UPDATA?MAIN
            CODE    0A28H     0051H     INBLOCK      ?PR?CALCULATE_CHECKSUM?MAIN
            CODE    0A79H     0049H     INBLOCK      ?PR?IR_SEND_BIT?MAIN
            CODE    0AC2H     0048H     INBLOCK      ?PR?_DELAY?MAIN
            CODE    0B0AH     0034H     INBLOCK      ?PR?TEMPTUREFRAME?MAIN
            CODE    0B3EH     0033H     INBLOCK      ?PR?IR_SEND_LEADER_CODE?MAIN
            CODE    0B71H     0033H     INBLOCK      ?PR?IR_SEND_REPEAT_LEADER_CODE?MAIN
            CODE    0BA4H     0033H     INBLOCK      ?PR?IR_SEND_INTERVAL_20MS?MAIN
            CODE    0BD7H     0033H     INBLOCK      ?PR?IR_SEND_INTERVAL_40MS?MAIN
            CODE    0C0AH     0033H     INBLOCK      ?PR?EEPROM_WRITE?MAIN
            CODE    0C3DH     0030H     INBLOCK      ?PR?SPEEDFRAME?MAIN
            CODE    0C6DH     002AH     UNIT         ?C_INITSEG
            CODE    0C97H     0028H     INBLOCK      ?PR?POWERFRAME?MAIN
            CODE    0CBFH     0028H     INBLOCK      ?PR?MODEFRAME?MAIN
            CODE    0CE7H     0026H     INBLOCK      ?PR?EEPROM_READ?MAIN
            CODE    0D0DH     0013H     INBLOCK      ?PR?LIGHTFRAME?MAIN
            CODE    0D20H     0013H     INBLOCK      ?PR?SWINGFRAME?MAIN
            CODE    0D33H     0013H     INBLOCK      ?PR?SLEEPFRAME?MAIN
            CODE    0D46H     0013H     INBLOCK      ?PR?AUXILIARYHOT?MAIN



OVERLAY MAP OF MODULE:   .\Objects\project (?C_STARTUP)


SEGMENT                                        BIT_GROUP          DATA_GROUP 
  +--> CALLED SEGMENT                       START    LENGTH     START    LENGTH
-------------------------------------------------------------------------------
?C_C51STARTUP                               -----    -----      -----    -----
  +--> ?PR?MAIN?MAIN
  +--> ?C_INITSEG

?PR?MAIN?MAIN                               -----    -----      0021H    0002H
  +--> ?PR?SYSTEMINIT?MAIN
  +--> ?PR?GUIMANAGE?MAIN
  +--> ?PR?EEPROM_READ?MAIN
  +--> ?PR?IRTASK?MAIN
  +--> ?PR?EEPROM_WRITE?MAIN
  +--> ?PR?IR_DATA_UPDATA?MAIN

?PR?GUIMANAGE?MAIN                          -----    -----      -----    -----
  +--> ?PR?POWERFRAME?MAIN
  +--> ?PR?MODEFRAME?MAIN
  +--> ?PR?TEMPTUREFRAME?MAIN
  +--> ?PR?SPEEDFRAME?MAIN
  +--> ?PR?LIGHTFRAME?MAIN
  +--> ?PR?SWINGFRAME?MAIN
  +--> ?PR?SLEEPFRAME?MAIN
  +--> ?PR?AUXILIARYHOT?MAIN
  +--> ?PR?TESTMODE?MAIN
  +--> ?CO?MAIN
  +--> ?PR?CHARGECHECKTASK?MAIN

?PR?POWERFRAME?MAIN                         -----    -----      -----    -----
BL51 BANKED LINKER/LOCATER V6.22.2.0                                                  09/09/2026  12:38:34  PAGE 3


  +--> ?CO?MAIN

?PR?MODEFRAME?MAIN                          -----    -----      -----    -----
  +--> ?CO?MAIN

?PR?TEMPTUREFRAME?MAIN                      -----    -----      -----    -----
  +--> ?CO?MAIN

?PR?SPEEDFRAME?MAIN                         -----    -----      -----    -----
  +--> ?CO?MAIN

?PR?LIGHTFRAME?MAIN                         -----    -----      -----    -----
  +--> ?CO?MAIN

?PR?SWINGFRAME?MAIN                         -----    -----      -----    -----
  +--> ?CO?MAIN

?PR?SLEEPFRAME?MAIN                         -----    -----      -----    -----
  +--> ?CO?MAIN

?PR?AUXILIARYHOT?MAIN                       -----    -----      -----    -----
  +--> ?CO?MAIN

?PR?TESTMODE?MAIN                           -----    -----      -----    -----
  +--> ?CO?MAIN

?PR?CHARGECHECKTASK?MAIN                    -----    -----      0023H    0006H
  +--> ?CO?MAIN

?PR?IRTASK?MAIN                             -----    -----      0023H    0001H
  +--> ?PR?IR_SEND_LEADER_CODE?MAIN
  +--> ?PR?IR_SEND_BIT?MAIN
  +--> ?PR?IR_SEND_INTERVAL_20MS?MAIN
  +--> ?PR?IR_SEND_INTERVAL_40MS?MAIN

?PR?IR_SEND_BIT?MAIN                        0020H.2  0000H.1    -----    -----

?PR?EEPROM_WRITE?MAIN                       -----    -----      0023H    0001H

?PR?IR_DATA_UPDATA?MAIN                     -----    -----      -----    -----
  +--> ?PR?_REVERSE_BITS?MAIN
  +--> ?PR?CALCULATE_CHECKSUM?MAIN



UNRESOLVED EXTERNAL SYMBOLS:
   ?_OLED_SHOWCHAR?BYTE
   ?_OLED_SHOWNUM?BYTE
   ?_OLED_SHOWSTRING?BYTE
   OLED_CLEAR
   OLED_INIT
   OLED_UPDATE
   _OLED_SHOWCHAR
   _OLED_SHOWNUM
   _OLED_SHOWSTRING


BL51 BANKED LINKER/LOCATER V6.22.2.0                                                  09/09/2026  12:38:34  PAGE 4



SYMBOL TABLE OF MODULE:  .\Objects\project (?C_STARTUP)

  VALUE           TYPE          NAME
  ----------------------------------

  -------         MODULE        ?C?FPMUL
  C:003EH         PUBLIC        ?C?FPMUL
  -------         ENDMOD        ?C?FPMUL

  -------         MODULE        ?C?FPDIV
  C:0147H         PUBLIC        ?C?FPDIV
  -------         ENDMOD        ?C?FPDIV

  -------         MODULE        ?C?FCAST
  C:01EEH         PUBLIC        ?C?FCASTC
  C:01E9H         PUBLIC        ?C?FCASTI
  C:01E4H         PUBLIC        ?C?FCASTL
  -------         ENDMOD        ?C?FCAST

  -------         MODULE        ?C?CASTF
  C:0222H         PUBLIC        ?C?CASTF
  -------         ENDMOD        ?C?CASTF

  -------         MODULE        ?C?IMUL
  C:02A3H         PUBLIC        ?C?IMUL
  -------         ENDMOD        ?C?IMUL

  -------         MODULE        ?C?LNEG
  C:02B5H         PUBLIC        ?C?LNEG
  -------         ENDMOD        ?C?LNEG

  -------         MODULE        ?C?SLCMP
  C:02C3H         PUBLIC        ?C?SLCMP
  -------         ENDMOD        ?C?SLCMP

*** WARNING L16: UNCALLED SEGMENT, IGNORED FOR OVERLAY PROCESS
    SEGMENT: ?PR?_DELAY?MAIN

*** WARNING L16: UNCALLED SEGMENT, IGNORED FOR OVERLAY PROCESS
    SEGMENT: ?PR?IR_SEND_REPEAT_LEADER_CODE?MAIN

*** WARNING L1: UNRESOLVED EXTERNAL SYMBOL
    SYMBOL:  OLED_INIT
    MODULE:  .\Objects\main.obj (MAIN)

*** WARNING L1: UNRESOLVED EXTERNAL SYMBOL
    SYMBOL:  _OLED_SHOWSTRING
    MODULE:  .\Objects\main.obj (MAIN)

*** WARNING L1: UNRESOLVED EXTERNAL SYMBOL
    SYMBOL:  ?_OLED_SHOWSTRING?BYTE
    MODULE:  .\Objects\main.obj (MAIN)

*** WARNING L1: UNRESOLVED EXTERNAL SYMBOL
    SYMBOL:  _OLED_SHOWCHAR
    MODULE:  .\Objects\main.obj (MAIN)
BL51 BANKED LINKER/LOCATER V6.22.2.0                                                  09/09/2026  12:38:34  PAGE 5



*** WARNING L1: UNRESOLVED EXTERNAL SYMBOL
    SYMBOL:  ?_OLED_SHOWCHAR?BYTE
    MODULE:  .\Objects\main.obj (MAIN)

*** WARNING L1: UNRESOLVED EXTERNAL SYMBOL
    SYMBOL:  _OLED_SHOWNUM
    MODULE:  .\Objects\main.obj (MAIN)

*** WARNING L1: UNRESOLVED EXTERNAL SYMBOL
    SYMBOL:  ?_OLED_SHOWNUM?BYTE
    MODULE:  .\Objects\main.obj (MAIN)

*** WARNING L1: UNRESOLVED EXTERNAL SYMBOL
    SYMBOL:  OLED_UPDATE
    MODULE:  .\Objects\main.obj (MAIN)

*** WARNING L1: UNRESOLVED EXTERNAL SYMBOL
    SYMBOL:  OLED_CLEAR
    MODULE:  .\Objects\main.obj (MAIN)

*** WARNING L2: REFERENCE MADE TO UNRESOLVED EXTERNAL
    SYMBOL:  OLED_INIT
    MODULE:  .\Objects\main.obj (MAIN)
    ADDRESS: 02E2H

*** WARNING L2: REFERENCE MADE TO UNRESOLVED EXTERNAL
    SYMBOL:  OLED_UPDATE
    MODULE:  .\Objects\main.obj (MAIN)
    ADDRESS: 02E8H

*** WARNING L2: REFERENCE MADE TO UNRESOLVED EXTERNAL
    SYMBOL:  OLED_UPDATE
    MODULE:  .\Objects\main.obj (MAIN)
    ADDRESS: 02EBH

*** WARNING L2: REFERENCE MADE TO UNRESOLVED EXTERNAL
    SYMBOL:  ?_OLED_SHOWCHAR?BYTE
    MODULE:  .\Objects\main.obj (MAIN)
    ADDRESS: 033FH

*** WARNING L2: REFERENCE MADE TO UNRESOLVED EXTERNAL
    SYMBOL:  _OLED_SHOWCHAR
    MODULE:  .\Objects\main.obj (MAIN)
    ADDRESS: 0349H

*** WARNING L2: REFERENCE MADE TO UNRESOLVED EXTERNAL
    SYMBOL:  ?_OLED_SHOWCHAR?BYTE
    MODULE:  .\Objects\main.obj (MAIN)
    ADDRESS: 035EH

*** WARNING L2: REFERENCE MADE TO UNRESOLVED EXTERNAL
    SYMBOL:  _OLED_SHOWCHAR
    MODULE:  .\Objects\main.obj (MAIN)
    ADDRESS: 0367H

*** WARNING L2: REFERENCE MADE TO UNRESOLVED EXTERNAL
BL51 BANKED LINKER/LOCATER V6.22.2.0                                                  09/09/2026  12:38:34  PAGE 6


    SYMBOL:  ?_OLED_SHOWCHAR?BYTE
    MODULE:  .\Objects\main.obj (MAIN)
    ADDRESS: 03F4H

*** WARNING L2: REFERENCE MADE TO UNRESOLVED EXTERNAL
    SYMBOL:  _OLED_SHOWCHAR
    MODULE:  .\Objects\main.obj (MAIN)
    ADDRESS: 03FEH

*** WARNING L2: REFERENCE MADE TO UNRESOLVED EXTERNAL
    SYMBOL:  ?_OLED_SHOWCHAR?BYTE
    MODULE:  .\Objects\main.obj (MAIN)
    ADDRESS: 048BH

*** WARNING L2: REFERENCE MADE TO UNRESOLVED EXTERNAL
    SYMBOL:  _OLED_SHOWCHAR
    MODULE:  .\Objects\main.obj (MAIN)
    ADDRESS: 0495H

*** WARNING L2: REFERENCE MADE TO UNRESOLVED EXTERNAL
    SYMBOL:  ?_OLED_SHOWCHAR?BYTE
    MODULE:  .\Objects\main.obj (MAIN)
    ADDRESS: 04A3H

*** WARNING L2: REFERENCE MADE TO UNRESOLVED EXTERNAL
    SYMBOL:  _OLED_SHOWCHAR
    MODULE:  .\Objects\main.obj (MAIN)
    ADDRESS: 04ADH

*** WARNING L2: REFERENCE MADE TO UNRESOLVED EXTERNAL
    SYMBOL:  OLED_UPDATE
    MODULE:  .\Objects\main.obj (MAIN)
    ADDRESS: 04CEH

*** WARNING L2: REFERENCE MADE TO UNRESOLVED EXTERNAL
    SYMBOL:  OLED_CLEAR
    MODULE:  .\Objects\main.obj (MAIN)
    ADDRESS: 04D1H

*** WARNING L2: REFERENCE MADE TO UNRESOLVED EXTERNAL
    SYMBOL:  ?_OLED_SHOWSTRING?BYTE
    MODULE:  .\Objects\main.obj (MAIN)
    ADDRESS: 0996H

*** WARNING L2: REFERENCE MADE TO UNRESOLVED EXTERNAL
    SYMBOL:  _OLED_SHOWSTRING
    MODULE:  .\Objects\main.obj (MAIN)
    ADDRESS: 09A0H

*** WARNING L2: REFERENCE MADE TO UNRESOLVED EXTERNAL
    SYMBOL:  ?_OLED_SHOWSTRING?BYTE
    MODULE:  .\Objects\main.obj (MAIN)
    ADDRESS: 09AFH

*** WARNING L2: REFERENCE MADE TO UNRESOLVED EXTERNAL
    SYMBOL:  _OLED_SHOWSTRING
    MODULE:  .\Objects\main.obj (MAIN)
BL51 BANKED LINKER/LOCATER V6.22.2.0                                                  09/09/2026  12:38:34  PAGE 7


    ADDRESS: 09B8H

*** WARNING L2: REFERENCE MADE TO UNRESOLVED EXTERNAL
    SYMBOL:  ?_OLED_SHOWSTRING?BYTE
    MODULE:  .\Objects\main.obj (MAIN)
    ADDRESS: 0CA6H

*** WARNING L2: REFERENCE MADE TO UNRESOLVED EXTERNAL
    SYMBOL:  ?_OLED_SHOWSTRING?BYTE
    MODULE:  .\Objects\main.obj (MAIN)
    ADDRESS: 0CB2H

*** WARNING L2: REFERENCE MADE TO UNRESOLVED EXTERNAL
    SYMBOL:  _OLED_SHOWSTRING
    MODULE:  .\Objects\main.obj (MAIN)
    ADDRESS: 0CBCH

*** WARNING L2: REFERENCE MADE TO UNRESOLVED EXTERNAL
    SYMBOL:  ?_OLED_SHOWSTRING?BYTE
    MODULE:  .\Objects\main.obj (MAIN)
    ADDRESS: 0CCEH

*** WARNING L2: REFERENCE MADE TO UNRESOLVED EXTERNAL
    SYMBOL:  ?_OLED_SHOWSTRING?BYTE
    MODULE:  .\Objects\main.obj (MAIN)
    ADDRESS: 0CDAH

*** WARNING L2: REFERENCE MADE TO UNRESOLVED EXTERNAL
    SYMBOL:  _OLED_SHOWSTRING
    MODULE:  .\Objects\main.obj (MAIN)
    ADDRESS: 0CE4H

*** WARNING L2: REFERENCE MADE TO UNRESOLVED EXTERNAL
    SYMBOL:  ?_OLED_SHOWSTRING?BYTE
    MODULE:  .\Objects\main.obj (MAIN)
    ADDRESS: 0B11H

*** WARNING L2: REFERENCE MADE TO UNRESOLVED EXTERNAL
    SYMBOL:  _OLED_SHOWSTRING
    MODULE:  .\Objects\main.obj (MAIN)
    ADDRESS: 0B1BH

*** WARNING L2: REFERENCE MADE TO UNRESOLVED EXTERNAL
    SYMBOL:  ?_OLED_SHOWNUM?BYTE
    MODULE:  .\Objects\main.obj (MAIN)
    ADDRESS: 0B28H

*** WARNING L2: REFERENCE MADE TO UNRESOLVED EXTERNAL
    SYMBOL:  ?_OLED_SHOWNUM?BYTE
    MODULE:  .\Objects\main.obj (MAIN)
    ADDRESS: 0B2AH

*** WARNING L2: REFERENCE MADE TO UNRESOLVED EXTERNAL
    SYMBOL:  ?_OLED_SHOWNUM?BYTE
    MODULE:  .\Objects\main.obj (MAIN)
    ADDRESS: 0B2CH

BL51 BANKED LINKER/LOCATER V6.22.2.0                                                  09/09/2026  12:38:34  PAGE 8


*** WARNING L2: REFERENCE MADE TO UNRESOLVED EXTERNAL
    SYMBOL:  ?_OLED_SHOWNUM?BYTE
    MODULE:  .\Objects\main.obj (MAIN)
    ADDRESS: 0B2EH

*** WARNING L2: REFERENCE MADE TO UNRESOLVED EXTERNAL
    SYMBOL:  ?_OLED_SHOWNUM?BYTE
    MODULE:  .\Objects\main.obj (MAIN)
    ADDRESS: 0B30H

*** WARNING L2: REFERENCE MADE TO UNRESOLVED EXTERNAL
    SYMBOL:  ?_OLED_SHOWNUM?BYTE
    MODULE:  .\Objects\main.obj (MAIN)
    ADDRESS: 0B33H

*** WARNING L2: REFERENCE MADE TO UNRESOLVED EXTERNAL
    SYMBOL:  _OLED_SHOWNUM
    MODULE:  .\Objects\main.obj (MAIN)
    ADDRESS: 0B3CH

*** WARNING L2: REFERENCE MADE TO UNRESOLVED EXTERNAL
    SYMBOL:  ?_OLED_SHOWSTRING?BYTE
    MODULE:  .\Objects\main.obj (MAIN)
    ADDRESS: 0C44H

*** WARNING L2: REFERENCE MADE TO UNRESOLVED EXTERNAL
    SYMBOL:  _OLED_SHOWSTRING
    MODULE:  .\Objects\main.obj (MAIN)
    ADDRESS: 0C4EH

*** WARNING L2: REFERENCE MADE TO UNRESOLVED EXTERNAL
    SYMBOL:  ?_OLED_SHOWNUM?BYTE
    MODULE:  .\Objects\main.obj (MAIN)
    ADDRESS: 0C57H

*** WARNING L2: REFERENCE MADE TO UNRESOLVED EXTERNAL
    SYMBOL:  ?_OLED_SHOWNUM?BYTE
    MODULE:  .\Objects\main.obj (MAIN)
    ADDRESS: 0C59H

*** WARNING L2: REFERENCE MADE TO UNRESOLVED EXTERNAL
    SYMBOL:  ?_OLED_SHOWNUM?BYTE
    MODULE:  .\Objects\main.obj (MAIN)
    ADDRESS: 0C5BH

*** WARNING L2: REFERENCE MADE TO UNRESOLVED EXTERNAL
    SYMBOL:  ?_OLED_SHOWNUM?BYTE
    MODULE:  .\Objects\main.obj (MAIN)
    ADDRESS: 0C5DH

*** WARNING L2: REFERENCE MADE TO UNRESOLVED EXTERNAL
    SYMBOL:  ?_OLED_SHOWNUM?BYTE
    MODULE:  .\Objects\main.obj (MAIN)
    ADDRESS: 0C5FH

*** WARNING L2: REFERENCE MADE TO UNRESOLVED EXTERNAL
    SYMBOL:  ?_OLED_SHOWNUM?BYTE
BL51 BANKED LINKER/LOCATER V6.22.2.0                                                  09/09/2026  12:38:34  PAGE 9


    MODULE:  .\Objects\main.obj (MAIN)
    ADDRESS: 0C62H

*** WARNING L2: REFERENCE MADE TO UNRESOLVED EXTERNAL
    SYMBOL:  _OLED_SHOWNUM
    MODULE:  .\Objects\main.obj (MAIN)
    ADDRESS: 0C6BH

*** WARNING L2: REFERENCE MADE TO UNRESOLVED EXTERNAL
    SYMBOL:  ?_OLED_SHOWSTRING?BYTE
    MODULE:  .\Objects\main.obj (MAIN)
    ADDRESS: 0D14H

*** WARNING L2: REFERENCE MADE TO UNRESOLVED EXTERNAL
    SYMBOL:  _OLED_SHOWSTRING
    MODULE:  .\Objects\main.obj (MAIN)
    ADDRESS: 0D1EH

*** WARNING L2: REFERENCE MADE TO UNRESOLVED EXTERNAL
    SYMBOL:  ?_OLED_SHOWSTRING?BYTE
    MODULE:  .\Objects\main.obj (MAIN)
    ADDRESS: 0D27H

*** WARNING L2: REFERENCE MADE TO UNRESOLVED EXTERNAL
    SYMBOL:  _OLED_SHOWSTRING
    MODULE:  .\Objects\main.obj (MAIN)
    ADDRESS: 0D31H

*** WARNING L2: REFERENCE MADE TO UNRESOLVED EXTERNAL
    SYMBOL:  ?_OLED_SHOWSTRING?BYTE
    MODULE:  .\Objects\main.obj (MAIN)
    ADDRESS: 0D3AH

*** WARNING L2: REFERENCE MADE TO UNRESOLVED EXTERNAL
    SYMBOL:  _OLED_SHOWSTRING
    MODULE:  .\Objects\main.obj (MAIN)
    ADDRESS: 0D44H

*** WARNING L2: REFERENCE MADE TO UNRESOLVED EXTERNAL
    SYMBOL:  ?_OLED_SHOWSTRING?BYTE
    MODULE:  .\Objects\main.obj (MAIN)
    ADDRESS: 0D4DH

*** WARNING L2: REFERENCE MADE TO UNRESOLVED EXTERNAL
    SYMBOL:  _OLED_SHOWSTRING
    MODULE:  .\Objects\main.obj (MAIN)
    ADDRESS: 0D57H

*** WARNING L2: REFERENCE MADE TO UNRESOLVED EXTERNAL
    SYMBOL:  ?_OLED_SHOWSTRING?BYTE
    MODULE:  .\Objects\main.obj (MAIN)
    ADDRESS: 06D3H

*** WARNING L2: REFERENCE MADE TO UNRESOLVED EXTERNAL
    SYMBOL:  _OLED_SHOWSTRING
    MODULE:  .\Objects\main.obj (MAIN)
    ADDRESS: 06DBH
BL51 BANKED LINKER/LOCATER V6.22.2.0                                                  09/09/2026  12:38:34  PAGE 10



*** WARNING L2: REFERENCE MADE TO UNRESOLVED EXTERNAL
    SYMBOL:  ?_OLED_SHOWSTRING?BYTE
    MODULE:  .\Objects\main.obj (MAIN)
    ADDRESS: 06ECH

*** WARNING L2: REFERENCE MADE TO UNRESOLVED EXTERNAL
    SYMBOL:  _OLED_SHOWSTRING
    MODULE:  .\Objects\main.obj (MAIN)
    ADDRESS: 06F4H

*** WARNING L2: REFERENCE MADE TO UNRESOLVED EXTERNAL
    SYMBOL:  ?_OLED_SHOWSTRING?BYTE
    MODULE:  .\Objects\main.obj (MAIN)
    ADDRESS: 0705H

*** WARNING L2: REFERENCE MADE TO UNRESOLVED EXTERNAL
    SYMBOL:  _OLED_SHOWSTRING
    MODULE:  .\Objects\main.obj (MAIN)
    ADDRESS: 070DH

*** WARNING L2: REFERENCE MADE TO UNRESOLVED EXTERNAL
    SYMBOL:  ?_OLED_SHOWSTRING?BYTE
    MODULE:  .\Objects\main.obj (MAIN)
    ADDRESS: 071EH

*** WARNING L2: REFERENCE MADE TO UNRESOLVED EXTERNAL
    SYMBOL:  _OLED_SHOWSTRING
    MODULE:  .\Objects\main.obj (MAIN)
    ADDRESS: 0726H

*** WARNING L2: REFERENCE MADE TO UNRESOLVED EXTERNAL
    SYMBOL:  ?_OLED_SHOWSTRING?BYTE
    MODULE:  .\Objects\main.obj (MAIN)
    ADDRESS: 072FH

*** WARNING L2: REFERENCE MADE TO UNRESOLVED EXTERNAL
    SYMBOL:  ?_OLED_SHOWSTRING?BYTE
    MODULE:  .\Objects\main.obj (MAIN)
    ADDRESS: 0741H

*** WARNING L2: REFERENCE MADE TO UNRESOLVED EXTERNAL
    SYMBOL:  _OLED_SHOWSTRING
    MODULE:  .\Objects\main.obj (MAIN)
    ADDRESS: 0749H

*** WARNING L2: REFERENCE MADE TO UNRESOLVED EXTERNAL
    SYMBOL:  ?_OLED_SHOWSTRING?BYTE
    MODULE:  .\Objects\main.obj (MAIN)
    ADDRESS: 0752H

*** WARNING L2: REFERENCE MADE TO UNRESOLVED EXTERNAL
    SYMBOL:  _OLED_SHOWSTRING
    MODULE:  .\Objects\main.obj (MAIN)
    ADDRESS: 075CH

*** WARNING L2: REFERENCE MADE TO UNRESOLVED EXTERNAL
BL51 BANKED LINKER/LOCATER V6.22.2.0                                                  09/09/2026  12:38:34  PAGE 11


    SYMBOL:  ?_OLED_SHOWSTRING?BYTE
    MODULE:  .\Objects\main.obj (MAIN)
    ADDRESS: 076EH

*** WARNING L2: REFERENCE MADE TO UNRESOLVED EXTERNAL
    SYMBOL:  _OLED_SHOWSTRING
    MODULE:  .\Objects\main.obj (MAIN)
    ADDRESS: 0779H

*** WARNING L2: REFERENCE MADE TO UNRESOLVED EXTERNAL
    SYMBOL:  ?_OLED_SHOWCHAR?BYTE
    MODULE:  .\Objects\main.obj (MAIN)
    ADDRESS: 08A3H

*** WARNING L2: REFERENCE MADE TO UNRESOLVED EXTERNAL
    SYMBOL:  _OLED_SHOWCHAR
    MODULE:  .\Objects\main.obj (MAIN)
    ADDRESS: 08AEH

*** WARNING L2: REFERENCE MADE TO UNRESOLVED EXTERNAL
    SYMBOL:  ?_OLED_SHOWCHAR?BYTE
    MODULE:  .\Objects\main.obj (MAIN)
    ADDRESS: 062BH

*** WARNING L2: REFERENCE MADE TO UNRESOLVED EXTERNAL
    SYMBOL:  _OLED_SHOWCHAR
    MODULE:  .\Objects\main.obj (MAIN)
    ADDRESS: 0636H

*** WARNING L2: REFERENCE MADE TO UNRESOLVED EXTERNAL
    SYMBOL:  ?_OLED_SHOWNUM?BYTE
    MODULE:  .\Objects\main.obj (MAIN)
    ADDRESS: 0681H

*** WARNING L2: REFERENCE MADE TO UNRESOLVED EXTERNAL
    SYMBOL:  ?_OLED_SHOWNUM?BYTE
    MODULE:  .\Objects\main.obj (MAIN)
    ADDRESS: 0683H

*** WARNING L2: REFERENCE MADE TO UNRESOLVED EXTERNAL
    SYMBOL:  ?_OLED_SHOWNUM?BYTE
    MODULE:  .\Objects\main.obj (MAIN)
    ADDRESS: 0685H

*** WARNING L2: REFERENCE MADE TO UNRESOLVED EXTERNAL
    SYMBOL:  ?_OLED_SHOWNUM?BYTE
    MODULE:  .\Objects\main.obj (MAIN)
    ADDRESS: 0687H

*** WARNING L2: REFERENCE MADE TO UNRESOLVED EXTERNAL
    SYMBOL:  ?_OLED_SHOWNUM?BYTE
    MODULE:  .\Objects\main.obj (MAIN)
    ADDRESS: 0689H

*** WARNING L2: REFERENCE MADE TO UNRESOLVED EXTERNAL
    SYMBOL:  ?_OLED_SHOWNUM?BYTE
    MODULE:  .\Objects\main.obj (MAIN)
BL51 BANKED LINKER/LOCATER V6.22.2.0                                                  09/09/2026  12:38:34  PAGE 12


    ADDRESS: 068CH

*** WARNING L2: REFERENCE MADE TO UNRESOLVED EXTERNAL
    SYMBOL:  _OLED_SHOWNUM
    MODULE:  .\Objects\main.obj (MAIN)
    ADDRESS: 0694H

*** WARNING L2: REFERENCE MADE TO UNRESOLVED EXTERNAL
    SYMBOL:  ?_OLED_SHOWSTRING?BYTE
    MODULE:  .\Objects\main.obj (MAIN)
    ADDRESS: 069FH

*** WARNING L2: REFERENCE MADE TO UNRESOLVED EXTERNAL
    SYMBOL:  _OLED_SHOWSTRING
    MODULE:  .\Objects\main.obj (MAIN)
    ADDRESS: 06A8H

*** WARNING L2: REFERENCE MADE TO UNRESOLVED EXTERNAL
    SYMBOL:  ?_OLED_SHOWCHAR?BYTE
    MODULE:  .\Objects\main.obj (MAIN)
    ADDRESS: 06ABH

*** WARNING L2: REFERENCE MADE TO UNRESOLVED EXTERNAL
    SYMBOL:  _OLED_SHOWCHAR
    MODULE:  .\Objects\main.obj (MAIN)
    ADDRESS: 06B6H

Program Size: data=40.3 xdata=0 code=3408
LINK/LOCATE RUN COMPLETE.  92 WARNING(S),  0 ERROR(S)
