BL51 BANKED LINKER/LOCATER V6.22.2.0                                                    07/12/2026  17:21:45  PAGE 1


BL51 BANKED LINKER/LOCATER V6.22.2.0, INVOKED BY:
F:\SOFTWARE\DEVELOP\SOFTWARE\KEIL\C51\BIN\BL51.EXE .\Objects\STARTUP.obj, .\Objects\main.obj TO .\Objects\project PRINT 
>> (.\Listings\project.m51) RAMSIZE (256) XDATA (0X8000-0X83FE)


MEMORY MODEL: SMALL


INPUT MODULES INCLUDED:
  .\Objects\STARTUP.obj (?C_STARTUP)
  .\Objects\main.obj (MAIN)
  F:\SOFTWARE\DEVELOP\SOFTWARE\KEIL\C51\LIB\C51S.LIB (?C?CLDOPTR)
  F:\SOFTWARE\DEVELOP\SOFTWARE\KEIL\C51\LIB\C51S.LIB (?C?IMUL)
  F:\SOFTWARE\DEVELOP\SOFTWARE\KEIL\C51\LIB\C51S.LIB (?C?SLCMP)
  F:\SOFTWARE\DEVELOP\SOFTWARE\KEIL\C51\LIB\C51S.LIB (?C?ULCMP)
  F:\SOFTWARE\DEVELOP\SOFTWARE\KEIL\C51\LIB\C51S.LIB (?C?LLDIIDATA)


LINK MAP OF MODULE:  .\Objects\project (?C_STARTUP)


            TYPE    BASE      LENGTH    RELOCATION   SEGMENT NAME
            -----------------------------------------------------

            * * * * * * *   D A T A   M E M O R Y   * * * * * * *
            REG     0000H     0008H     ABSOLUTE     "REG BANK 0"
            DATA    0008H     0008H     UNIT         ?DT?_OLED_DELAY?MAIN
            DATA    0010H     0006H     UNIT         ?DT?_DELAY?MAIN
            DATA    0016H     0005H     UNIT         ?DT?_OLED_WRITEDATA?MAIN
            DATA    001BH     0002H     UNIT         ?DT?_OLED_I2C_SENDBYTE?MAIN
            DATA    001DH     0002H     UNIT         _DATA_GROUP_
            DATA    001FH     0001H     UNIT         ?DT?_OLED_WRITECOMMAND?MAIN
            IDATA   0020H     0001H     UNIT         ?STACK

            * * * * * * *  X D A T A   M E M O R Y  * * * * * * *
                    0000H     8000H                  *** GAP ***
            XDATA   8000H     00C0H     UNIT         ?XD?MAIN

            * * * * * * *   C O D E   M E M O R Y   * * * * * * *
            CODE    0000H     0003H     ABSOLUTE     
            CODE    0003H     0086H     UNIT         ?C?LIB_CODE
            CODE    0089H     0076H     INBLOCK      ?PR?OLED_INIT?MAIN
            CODE    00FFH     0054H     INBLOCK      ?PR?_OLED_DELAY?MAIN
            CODE    0153H     0052H     INBLOCK      ?PR?_OLED_I2C_SENDBYTE?MAIN
            CODE    01A5H     0048H     INBLOCK      ?PR?_DELAY?MAIN
            CODE    01EDH     0039H     INBLOCK      ?PR?_OLED_WRITEDATA?MAIN
            CODE    0226H     0029H     INBLOCK      ?PR?OLED_GPIO_INIT?MAIN
            CODE    024FH     0017H     INBLOCK      ?PR?_OLED_WRITECOMMAND?MAIN
            CODE    0266H     0012H     INBLOCK      ?PR?OLED_I2C_STOP?MAIN
            CODE    0278H     0010H     INBLOCK      ?PR?MAIN?MAIN
            CODE    0288H     000DH     INBLOCK      ?PR?OLED_I2C_START?MAIN
            CODE    0295H     000CH     UNIT         ?C_C51STARTUP



OVERLAY MAP OF MODULE:   .\Objects\project (?C_STARTUP)


BL51 BANKED LINKER/LOCATER V6.22.2.0                                                  07/12/2026  17:21:45  PAGE 2


SEGMENT                               DATA_GROUP 
  +--> CALLED SEGMENT               START    LENGTH
---------------------------------------------------
?C_C51STARTUP                       -----    -----
  +--> ?PR?MAIN?MAIN

?PR?MAIN?MAIN                       001DH    0002H



SYMBOL TABLE OF MODULE:  .\Objects\project (?C_STARTUP)

  VALUE           TYPE          NAME
  ----------------------------------

  -------         MODULE        ?C?CLDOPTR
  C:0003H         PUBLIC        ?C?CLDOPTR
  -------         ENDMOD        ?C?CLDOPTR

  -------         MODULE        ?C?IMUL
  C:0030H         PUBLIC        ?C?IMUL
  -------         ENDMOD        ?C?IMUL

  -------         MODULE        ?C?SLCMP
  C:0042H         PUBLIC        ?C?SLCMP
  -------         ENDMOD        ?C?SLCMP

  -------         MODULE        ?C?ULCMP
  C:0058H         PUBLIC        ?C?ULCMP
  -------         ENDMOD        ?C?ULCMP

  -------         MODULE        ?C?LLDIIDATA
  C:0072H         PUBLIC        ?C?LLDIIDATA
  C:0069H         PUBLIC        ?C?LLDIIDATA1
  C:006BH         PUBLIC        ?C?LLDIIDATA8
  -------         ENDMOD        ?C?LLDIIDATA

*** WARNING L16: UNCALLED SEGMENT, IGNORED FOR OVERLAY PROCESS
    SEGMENT: ?PR?_DELAY?MAIN

*** WARNING L16: UNCALLED SEGMENT, IGNORED FOR OVERLAY PROCESS
    SEGMENT: ?PR?_OLED_WRITEDATA?MAIN

*** WARNING L16: UNCALLED SEGMENT, IGNORED FOR OVERLAY PROCESS
    SEGMENT: ?PR?OLED_INIT?MAIN

Program Size: data=33.0 xdata=192 code=673
LINK/LOCATE RUN COMPLETE.  3 WARNING(S),  0 ERROR(S)
